
> youtube-ai-navigator@1.0.0 test
> vitest run


[1m[46m RUN [49m[22m [36mv4.0.14 [39m[90mC:/AM/GitHub/YouTube-AI-Navigator[39m

[90mstdout[2m | tests/api/core/rate-limiter.test.js[2m > [22m[2mRateLimiter[2m > [22m[2macquire[2m > [22m[2mshould resolve immediately when under limit
[22m[39m[RateLimiter] Request queued, current queue: 0

[90mstdout[2m | tests/api/core/rate-limiter.test.js[2m > [22m[2mRateLimiter[2m > [22m[2macquire[2m > [22m[2mshould queue when at limit
[22m[39m[RateLimiter] Request queued, current queue: 0
[RateLimiter] Request processed, 0 remaining in queue

[90mstdout[2m | tests/api/core/rate-limiter.test.js[2m > [22m[2mRateLimiter[2m > [22m[2macquire[2m > [22m[2mshould queue when at limit
[22m[39m[RateLimiter] Request queued, current queue: 0
[RateLimiter] Request processed, 0 remaining in queue

node.exe : [90mstderr[2m | tests/api/core/rate-limiter.test.js[2m > 
[22m[2mRateLimiter[2m > [22m[2macquire[2m > [22m[2mshould queue when at limit
At line:1 char:1
+ & "C:\Program Files\nodejs/node.exe" "C:\Program Files\nodejs/node_mo ...
+ ~~~~~~~~~~~~~~~~~~~~~~~~~~~~~~~~~~~~~~~~~~~~~~~~~~~~~~~~~~~~~~~~~~~~~
    + CategoryInfo          : NotSpecified: ([90mstderr[2m...e when at limit:String) [], R 
   emoteException
    + FullyQualifiedErrorId : NativeCommandError
 
[22m[39m[RateLimiter] Rate limit reached, waiting 1100ms, queue: 1
[RateLimiter] Rate limit reached, waiting 1100ms, queue: 1
[RateLimiter] Rate limit reached, waiting 1100ms, queue: 1
[RateLimiter] Rate limit reached, waiting 1100ms, queue: 1
[RateLimiter] Rate limit reached, waiting 1100ms, queue: 1
[RateLimiter] Rate limit reached, waiting 1100ms, queue: 1
[RateLimiter] Rate limit reached, waiting 1100ms, queue: 1
[RateLimiter] Rate limit reached, waiting 1100ms, queue: 1
[RateLimiter] Rate limit reached, waiting 1100ms, queue: 1
[RateLimiter] Rate limit reached, waiting 1100ms, queue: 1
[RateLimiter] Rate limit reached, waiting 1100ms, queue: 1
[RateLimiter] Rate limit reached, waiting 1100ms, queue: 1
[RateLimiter] Rate limit reached, waiting 1100ms, queue: 1
[RateLimiter] Rate limit reached, waiting 1100ms, queue: 1
[RateLimiter] Rate limit reached, waiting 1100ms, queue: 1
[RateLimiter] Rate limit reached, waiting 1100ms, queue: 1
[RateLimiter] Rate limit reached, waiting 1100ms, queue: 1
[RateLimiter] Rate limit reached, waiting 1100ms, queue: 1
[RateLimiter] Rate limit reached, waiting 1100ms, queue: 1
[RateLimiter] Rate limit reached, waiting 1100ms, queue: 1
[RateLimiter] Rate limit reached, waiting 1100ms, queue: 1
[RateLimiter] Rate limit reached, waiting 1100ms, queue: 1
[RateLimiter] Rate limit reached, waiting 1100ms, queue: 1
[RateLimiter] Rate limit reached, waiting 1100ms, queue: 1
[RateLimiter] Rate limit reached, waiting 1100ms, queue: 1
[RateLimiter] Rate limit reached, waiting 1100ms, queue: 1
[RateLimiter] Rate limit reached, waiting 1100ms, queue: 1
[RateLimiter] Rate limit reached, waiting 1100ms, queue: 1
[RateLimiter] Rate limit reached, waiting 1100ms, queue: 1
[RateLimiter] Rate limit reached, waiting 1100ms, queue: 1
[RateLimiter] Rate limit reached, waiting 1100ms, queue: 1
[RateLimiter] Rate limit reached, waiting 1100ms, queue: 1
[RateLimiter] Rate limit reached, waiting 1100ms, queue: 1
[RateLimiter] Rate limit reached, waiting 1100ms, queue: 1
[RateLimiter] Rate limit reached, waiting 1100ms, queue: 1
[RateLimiter] Rate limit reached, waiting 1100ms, queue: 1
[RateLimiter] Rate limit reached, waiting 1100ms, queue: 1
[RateLimiter] Rate limit reached, waiting 1100ms, queue: 1
[RateLimiter] Rate limit reached, waiting 1100ms, queue: 1
[RateLimiter] Rate limit reached, waiting 1100ms, queue: 1
[RateLimiter] Rate limit reached, waiting 1100ms, queue: 1
[RateLimiter] Rate limit reached, waiting 1100ms, queue: 1
[RateLimiter] Rate limit reached, waiting 1100ms, queue: 1
[RateLimiter] Rate limit reached, waiting 1100ms, queue: 1
[RateLimiter] Rate limit reached, waiting 1100ms, queue: 1
[RateLimiter] Rate limit reached, waiting 1100ms, queue: 1
[RateLimiter] Rate limit reached, waiting 1100ms, queue: 1
[RateLimiter] Rate limit reached, waiting 1100ms, queue: 1
[RateLimiter] Rate limit reached, waiting 1100ms, queue: 1
[RateLimiter] Rate limit reached, waiting 1100ms, queue: 1
[RateLimiter] Rate limit reached, waiting 1100ms, queue: 1
[RateLimiter] Rate limit reached, waiting 1100ms, queue: 1
[RateLimiter] Rate limit reached, waiting 1100ms, queue: 1
[RateLimiter] Rate limit reached, waiting 1100ms, queue: 1
[RateLimiter] Rate limit reached, waiting 1100ms, queue: 1
[RateLimiter] Rate limit reached, waiting 1100ms, queue: 1
[RateLimiter] Rate limit reached, waiting 1100ms, queue: 1
[RateLimiter] Rate limit reached, waiting 1100ms, queue: 1
[RateLimiter] Rate limit reached, waiting 1100ms, queue: 1
[RateLimiter] Rate limit reached, waiting 1100ms, queue: 1
[RateLimiter] Rate limit reached, waiting 1100ms, queue: 1
[RateLimiter] Rate limit reached, waiting 1100ms, queue: 1
[RateLimiter] Rate limit reached, waiting 1100ms, queue: 1
[RateLimiter] Rate limit reached, waiting 1100ms, queue: 1
[RateLimiter] Rate limit reached, waiting 1100ms, queue: 1
[RateLimiter] Rate limit reached, waiting 1100ms, queue: 1
[RateLimiter] Rate limit reached, waiting 1100ms, queue: 1
[RateLimiter] Rate limit reached, waiting 1100ms, queue: 1
[RateLimiter] Rate limit reached, waiting 1100ms, queue: 1
[RateLimiter] Rate limit reached, waiting 1100ms, queue: 1
[RateLimiter] Rate limit reached, waiting 1100ms, queue: 1
[RateLimiter] Rate limit reached, waiting 1100ms, queue: 1
[RateLimiter] Rate limit reached, waiting 1100ms, queue: 1
[RateLimiter] Rate limit reached, waiting 1100ms, queue: 1
[RateLimiter] Rate limit reached, waiting 1100ms, queue: 1
[RateLimiter] Rate limit reached, waiting 1100ms, queue: 1
[RateLimiter] Rate limit reached, waiting 1100ms, queue: 1
[RateLimiter] Rate limit reached, waiting 1100ms, queue: 1
[RateLimiter] Rate limit reached, waiting 1100ms, queue: 1
[RateLimiter] Rate limit reached, waiting 1100ms, queue: 1
[RateLimiter] Rate limit reached, waiting 1100ms, queue: 1
[RateLimiter] Rate limit reached, waiting 1100ms, queue: 1
[RateLimiter] Rate limit reached, waiting 1100ms, queue: 1
[RateLimiter] Rate limit reached, waiting 1100ms, queue: 1
[RateLimiter] Rate limit reached, waiting 1100ms, queue: 1
[RateLimiter] Rate limit reached, waiting 1100ms, queue: 1
[RateLimiter] Rate limit reached, waiting 1100ms, queue: 1
[RateLimiter] Rate limit reached, waiting 1100ms, queue: 1
[RateLimiter] Rate limit reached, waiting 1100ms, queue: 1
[RateLimiter] Rate limit reached, waiting 1100ms, queue: 1
[RateLimiter] Rate limit reached, waiting 1100ms, queue: 1
[RateLimiter] Rate limit reached, waiting 1100ms, queue: 1
[RateLimiter] Rate limit reached, waiting 1100ms, queue: 1
[RateLimiter] Rate limit reached, waiting 1100ms, queue: 1
[RateLimiter] Rate limit reached, waiting 1100ms, queue: 1
[RateLimiter] Rate limit reached, waiting 1100ms, queue: 1
[RateLimiter] Rate limit reached, waiting 1100ms, queue: 1
[RateLimiter] Rate limit reached, waiting 1100ms, queue: 1
[RateLimiter] Rate limit reached, waiting 1100ms, queue: 1
[RateLimiter] Rate limit reached, waiting 1100ms, queue: 1
[RateLimiter] Rate limit reached, waiting 1100ms, queue: 1
[RateLimiter] Rate limit reached, waiting 1100ms, queue: 1
[RateLimiter] Rate limit reached, waiting 1100ms, queue: 1
[RateLimiter] Rate limit reached, waiting 1100ms, queue: 1
[RateLimiter] Rate limit reached, waiting 1100ms, queue: 1
[RateLimiter] Rate limit reached, waiting 1100ms, queue: 1
[RateLimiter] Rate limit reached, waiting 1100ms, queue: 1
[RateLimiter] Rate limit reached, waiting 1100ms, queue: 1
[RateLimiter] Rate limit reached, waiting 1100ms, queue: 1
[RateLimiter] Rate limit reached, waiting 1100ms, queue: 1
[RateLimiter] Rate limit reached, waiting 1100ms, queue: 1
[RateLimiter] Rate limit reached, waiting 1100ms, queue: 1
[RateLimiter] Rate limit reached, waiting 1100ms, queue: 1
[RateLimiter] Rate limit reached, waiting 1100ms, queue: 1
[RateLimiter] Rate limit reached, waiting 1100ms, queue: 1
[RateLimiter] Rate limit reached, waiting 1100ms, queue: 1
[RateLimiter] Rate limit reached, waiting 1100ms, queue: 1
[RateLimiter] Rate limit reached, waiting 1100ms, queue: 1
[RateLimiter] Rate limit reached, waiting 1100ms, queue: 1
[RateLimiter] Rate limit reached, waiting 1100ms, queue: 1
[RateLimiter] Rate limit reached, waiting 1100ms, queue: 1
[RateLimiter] Rate limit reached, waiting 1100ms, queue: 1
[RateLimiter] Rate limit reached, waiting 1100ms, queue: 1
[RateLimiter] Rate limit reached, waiting 1100ms, queue: 1
[RateLimiter] Rate limit reached, waiting 1100ms, queue: 1
[RateLimiter] Rate limit reached, waiting 1100ms, queue: 1
[RateLimiter] Rate limit reached, waiting 1100ms, queue: 1
[RateLimiter] Rate limit reached, waiting 1100ms, queue: 1
[RateLimiter] Rate limit reached, waiting 1100ms, queue: 1
[RateLimiter] Rate limit reached, waiting 1100ms, queue: 1
[RateLimiter] Rate limit reached, waiting 1100ms, queue: 1
[RateLimiter] Rate limit reached, waiting 1100ms, queue: 1
[RateLimiter] Rate limit reached, waiting 1100ms, queue: 1
[RateLimiter] Rate limit reached, waiting 1100ms, queue: 1
[RateLimiter] Rate limit reached, waiting 1100ms, queue: 1
[RateLimiter] Rate limit reached, waiting 1100ms, queue: 1
[RateLimiter] Rate limit reached, waiting 1100ms, queue: 1
[RateLimiter] Rate limit reached, waiting 1100ms, queue: 1
[RateLimiter] Rate limit reached, waiting 1100ms, queue: 1
[RateLimiter] Rate limit reached, waiting 1100ms, queue: 1
[RateLimiter] Rate limit reached, waiting 1100ms, queue: 1
[RateLimiter] Rate limit reached, waiting 1100ms, queue: 1
[RateLimiter] Rate limit reached, waiting 1100ms, queue: 1
[RateLimiter] Rate limit reached, waiting 1100ms, queue: 1
[RateLimiter] Rate limit reached, waiting 1100ms, queue: 1
[RateLimiter] Rate limit reached, waiting 1100ms, queue: 1
[RateLimiter] Rate limit reached, waiting 1100ms, queue: 1
[RateLimiter] Rate limit reached, waiting 1100ms, queue: 1
[RateLimiter] Rate limit reached, waiting 1100ms, queue: 1
[RateLimiter] Rate limit reached, waiting 1100ms, queue: 1
[RateLimiter] Rate limit reached, waiting 1100ms, queue: 1
[RateLimiter] Rate limit reached, waiting 1100ms, queue: 1
[RateLimiter] Rate limit reached, waiting 1100ms, queue: 1
[RateLimiter] Rate limit reached, waiting 1100ms, queue: 1
[RateLimiter] Rate limit reached, waiting 1100ms, queue: 1
[RateLimiter] Rate limit reached, waiting 1100ms, queue: 1
[RateLimiter] Rate limit reached, waiting 1100ms, queue: 1
[RateLimiter] Rate limit reached, waiting 1100ms, queue: 1
[RateLimiter] Rate limit reached, waiting 1100ms, queue: 1
[RateLimiter] Rate limit reached, waiting 1100ms, queue: 1
[RateLimiter] Rate limit reached, waiting 1100ms, queue: 1
[RateLimiter] Rate limit reached, waiting 1100ms, queue: 1
[RateLimiter] Rate limit reached, waiting 1100ms, queue: 1
[RateLimiter] Rate limit reached, waiting 1100ms, queue: 1
[RateLimiter] Rate limit reached, waiting 1100ms, queue: 1
[RateLimiter] Rate limit reached, waiting 1100ms, queue: 1
[RateLimiter] Rate limit reached, waiting 1100ms, queue: 1
[RateLimiter] Rate limit reached, waiting 1100ms, queue: 1
[RateLimiter] Rate limit reached, waiting 1100ms, queue: 1
[RateLimiter] Rate limit reached, waiting 1100ms, queue: 1
[RateLimiter] Rate limit reached, waiting 1100ms, queue: 1
[RateLimiter] Rate limit reached, waiting 1100ms, queue: 1
[RateLimiter] Rate limit reached, waiting 1100ms, queue: 1
[RateLimiter] Rate limit reached, waiting 1100ms, queue: 1
[RateLimiter] Rate limit reached, waiting 1100ms, queue: 1
[RateLimiter] Rate limit reached, waiting 1100ms, queue: 1
[RateLimiter] Rate limit reached, waiting 1100ms, queue: 1
[RateLimiter] Rate limit reached, waiting 1100ms, queue: 1
[RateLimiter] Rate limit reached, waiting 1100ms, queue: 1
[RateLimiter] Rate limit reached, waiting 1100ms, queue: 1
[RateLimiter] Rate limit reached, waiting 1100ms, queue: 1
[RateLimiter] Rate limit reached, waiting 1100ms, queue: 1
[RateLimiter] Rate limit reached, waiting 1100ms, queue: 1
[RateLimiter] Rate limit reached, waiting 1100ms, queue: 1
[RateLimiter] Rate limit reached, waiting 1100ms, queue: 1
[RateLimiter] Rate limit reached, waiting 1100ms, queue: 1
[RateLimiter] Rate limit reached, waiting 1100ms, queue: 1
[RateLimiter] Rate limit reached, waiting 1100ms, queue: 1
[RateLimiter] Rate limit reached, waiting 1100ms, queue: 1
[RateLimiter] Rate limit reached, waiting 1100ms, queue: 1
[RateLimiter] Rate limit reached, waiting 1100ms, queue: 1
[RateLimiter] Rate limit reached, waiting 1100ms, queue: 1
[RateLimiter] Rate limit reached, waiting 1100ms, queue: 1
[RateLimiter] Rate limit reached, waiting 1100ms, queue: 1
[RateLimiter] Rate limit reached, waiting 1100ms, queue: 1
[RateLimiter] Rate limit reached, waiting 1100ms, queue: 1
[RateLimiter] Rate limit reached, waiting 1100ms, queue: 1
[RateLimiter] Rate limit reached, waiting 1100ms, queue: 1
[RateLimiter] Rate limit reached, waiting 1100ms, queue: 1
[RateLimiter] Rate limit reached, waiting 1100ms, queue: 1
[RateLimiter] Rate limit reached, waiting 1100ms, queue: 1
[RateLimiter] Rate limit reached, waiting 1100ms, queue: 1
[RateLimiter] Rate limit reached, waiting 1100ms, queue: 1
[RateLimiter] Rate limit reached, waiting 1100ms, queue: 1
[RateLimiter] Rate limit reached, waiting 1100ms, queue: 1
[RateLimiter] Rate limit reached, waiting 1100ms, queue: 1
[RateLimiter] Rate limit reached, waiting 1100ms, queue: 1
[RateLimiter] Rate limit reached, waiting 1100ms, queue: 1
[RateLimiter] Rate limit reached, waiting 1100ms, queue: 1
[RateLimiter] Rate limit reached, waiting 1100ms, queue: 1
[RateLimiter] Rate limit reached, waiting 1100ms, queue: 1
[RateLimiter] Rate limit reached, waiting 1100ms, queue: 1
[RateLimiter] Rate limit reached, waiting 1100ms, queue: 1
[RateLimiter] Rate limit reached, waiting 1100ms, queue: 1
[RateLimiter] Rate limit reached, waiting 1100ms, queue: 1
[RateLimiter] Rate limit reached, waiting 1100ms, queue: 1
[RateLimiter] Rate limit reached, waiting 1100ms, queue: 1
[RateLimiter] Rate limit reached, waiting 1100ms, queue: 1
[RateLimiter] Rate limit reached, waiting 1100ms, queue: 1
[RateLimiter] Rate limit reached, waiting 1100ms, queue: 1
[RateLimiter] Rate limit reached, waiting 1100ms, queue: 1
[RateLimiter] Rate limit reached, waiting 1100ms, queue: 1
[RateLimiter] Rate limit reached, waiting 1100ms, queue: 1
[RateLimiter] Rate limit reached, waiting 1100ms, queue: 1
[RateLimiter] Rate limit reached, waiting 1100ms, queue: 1
[RateLimiter] Rate limit reached, waiting 1100ms, queue: 1
[RateLimiter] Rate limit reached, waiting 1100ms, queue: 1
[RateLimiter] Rate limit reached, waiting 1100ms, queue: 1
[RateLimiter] Rate limit reached, waiting 1100ms, queue: 1
[RateLimiter] Rate limit reached, waiting 1100ms, queue: 1
[RateLimiter] Rate limit reached, waiting 1100ms, queue: 1
[RateLimiter] Rate limit reached, waiting 1100ms, queue: 1
[RateLimiter] Rate limit reached, waiting 1100ms, queue: 1
[RateLimiter] Rate limit reached, waiting 1100ms, queue: 1
[RateLimiter] Rate limit reached, waiting 1100ms, queue: 1
[RateLimiter] Rate limit reached, waiting 1100ms, queue: 1
[RateLimiter] Rate limit reached, waiting 1100ms, queue: 1
[RateLimiter] Rate limit reached, waiting 1100ms, queue: 1
[RateLimiter] Rate limit reached, waiting 1100ms, queue: 1
[RateLimiter] Rate limit reached, waiting 1100ms, queue: 1
[RateLimiter] Rate limit reached, waiting 1100ms, queue: 1
[RateLimiter] Rate limit reached, waiting 1100ms, queue: 1
[RateLimiter] Rate limit reached, waiting 1100ms, queue: 1
[RateLimiter] Rate limit reached, waiting 1100ms, queue: 1
[RateLimiter] Rate limit reached, waiting 1100ms, queue: 1
[RateLimiter] Rate limit reached, waiting 1100ms, queue: 1
[RateLimiter] Rate limit reached, waiting 1100ms, queue: 1
[RateLimiter] Rate limit reached, waiting 1100ms, queue: 1
[RateLimiter] Rate limit reached, waiting 1100ms, queue: 1
[RateLimiter] Rate limit reached, waiting 1100ms, queue: 1
[RateLimiter] Rate limit reached, waiting 1100ms, queue: 1
[RateLimiter] Rate limit reached, waiting 1100ms, queue: 1
[RateLimiter] Rate limit reached, waiting 1100ms, queue: 1
[RateLimiter] Rate limit reached, waiting 1100ms, queue: 1
[RateLimiter] Rate limit reached, waiting 1100ms, queue: 1
[RateLimiter] Rate limit reached, waiting 1100ms, queue: 1
[RateLimiter] Rate limit reached, waiting 1100ms, queue: 1
[RateLimiter] Rate limit reached, waiting 1100ms, queue: 1
[RateLimiter] Rate limit reached, waiting 1100ms, queue: 1
[RateLimiter] Rate limit reached, waiting 1100ms, queue: 1
[RateLimiter] Rate limit reached, waiting 1100ms, queue: 1
[RateLimiter] Rate limit reached, waiting 1100ms, queue: 1
[RateLimiter] Rate limit reached, waiting 1100ms, queue: 1
[RateLimiter] Rate limit reached, waiting 1100ms, queue: 1
[RateLimiter] Rate limit reached, waiting 1100ms, queue: 1
[RateLimiter] Rate limit reached, waiting 1100ms, queue: 1
[RateLimiter] Rate limit reached, waiting 1100ms, queue: 1
[RateLimiter] Rate limit reached, waiting 1100ms, queue: 1
[RateLimiter] Rate limit reached, waiting 1100ms, queue: 1
[RateLimiter] Rate limit reached, waiting 1100ms, queue: 1
[RateLimiter] Rate limit reached, waiting 1100ms, queue: 1
[RateLimiter] Rate limit reached, waiting 1100ms, queue: 1
[RateLimiter] Rate limit reached, waiting 1100ms, queue: 1
[RateLimiter] Rate limit reached, waiting 1100ms, queue: 1
[RateLimiter] Rate limit reached, waiting 1100ms, queue: 1
[RateLimiter] Rate limit reached, waiting 1100ms, queue: 1
[RateLimiter] Rate limit reached, waiting 1100ms, queue: 1
[RateLimiter] Rate limit reached, waiting 1100ms, queue: 1
[RateLimiter] Rate limit reached, waiting 1100ms, queue: 1
[RateLimiter] Rate limit reached, waiting 1100ms, queue: 1
[RateLimiter] Rate limit reached, waiting 1100ms, queue: 1
[RateLimiter] Rate limit reached, waiting 1100ms, queue: 1
[RateLimiter] Rate limit reached, waiting 1100ms, queue: 1
[RateLimiter] Rate limit reached, waiting 1100ms, queue: 1
[RateLimiter] Rate limit reached, waiting 1100ms, queue: 1
[RateLimiter] Rate limit reached, waiting 1100ms, queue: 1
[RateLimiter] Rate limit reached, waiting 1100ms, queue: 1
[RateLimiter] Rate limit reached, waiting 1100ms, queue: 1
[RateLimiter] Rate limit reached, waiting 1100ms, queue: 1
[RateLimiter] Rate limit reached, waiting 1100ms, queue: 1
[RateLimiter] Rate limit reached, waiting 1100ms, queue: 1
[RateLimiter] Rate limit reached, waiting 1100ms, queue: 1
[RateLimiter] Rate limit reached, waiting 1100ms, queue: 1
[RateLimiter] Rate limit reached, waiting 1100ms, queue: 1
[RateLimiter] Rate limit reached, waiting 1100ms, queue: 1
[RateLimiter] Rate limit reached, waiting 1100ms, queue: 1
[RateLimiter] Rate limit reached, waiting 1100ms, queue: 1
[RateLimiter] Rate limit reached, waiting 1100ms, queue: 1
[RateLimiter] Rate limit reached, waiting 1100ms, queue: 1
[RateLimiter] Rate limit reached, waiting 1100ms, queue: 1
[RateLimiter] Rate limit reached, waiting 1100ms, queue: 1
[RateLimiter] Rate limit reached, waiting 1100ms, queue: 1
[RateLimiter] Rate limit reached, waiting 1100ms, queue: 1
[RateLimiter] Rate limit reached, waiting 1100ms, queue: 1
[RateLimiter] Rate limit reached, waiting 1100ms, queue: 1
[RateLimiter] Rate limit reached, waiting 1100ms, queue: 1
[RateLimiter] Rate limit reached, waiting 1100ms, queue: 1
[RateLimiter] Rate limit reached, waiting 1100ms, queue: 1
[RateLimiter] Rate limit reached, waiting 1100ms, queue: 1
[RateLimiter] Rate limit reached, waiting 1100ms, queue: 1
[RateLimiter] Rate limit reached, waiting 1100ms, queue: 1
[RateLimiter] Rate limit reached, waiting 1100ms, queue: 1
[RateLimiter] Rate limit reached, waiting 1100ms, queue: 1
[RateLimiter] Rate limit reached, waiting 1100ms, queue: 1
[RateLimiter] Rate limit reached, waiting 1100ms, queue: 1
[RateLimiter] Rate limit reached, waiting 1100ms, queue: 1
[RateLimiter] Rate limit reached, waiting 1100ms, queue: 1
[RateLimiter] Rate limit reached, waiting 1100ms, queue: 1
[RateLimiter] Rate limit reached, waiting 1100ms, queue: 1
[RateLimiter] Rate limit reached, waiting 1100ms, queue: 1
[RateLimiter] Rate limit reached, waiting 1100ms, queue: 1
[RateLimiter] Rate limit reached, waiting 1100ms, queue: 1
[RateLimiter] Rate limit reached, waiting 1100ms, queue: 1
[RateLimiter] Rate limit reached, waiting 1100ms, queue: 1
[RateLimiter] Rate limit reached, waiting 1100ms, queue: 1
[RateLimiter] Rate limit reached, waiting 1100ms, queue: 1
[RateLimiter] Rate limit reached, waiting 1100ms, queue: 1
[RateLimiter] Rate limit reached, waiting 1100ms, queue: 1
[RateLimiter] Rate limit reached, waiting 1100ms, queue: 1
[RateLimiter] Rate limit reached, waiting 1100ms, queue: 1
[RateLimiter] Rate limit reached, waiting 1100ms, queue: 1
[RateLimiter] Rate limit reached, waiting 1100ms, queue: 1
[RateLimiter] Rate limit reached, waiting 1100ms, queue: 1
[RateLimiter] Rate limit reached, waiting 1100ms, queue: 1
[RateLimiter] Rate limit reached, waiting 1100ms, queue: 1
[RateLimiter] Rate limit reached, waiting 1100ms, queue: 1
[RateLimiter] Rate limit reached, waiting 1100ms, queue: 1
[RateLimiter] Rate limit reached, waiting 1100ms, queue: 1
[RateLimiter] Rate limit reached, waiting 1100ms, queue: 1
[RateLimiter] Rate limit reached, waiting 1100ms, queue: 1
[RateLimiter] Rate limit reached, waiting 1100ms, queue: 1
[RateLimiter] Rate limit reached, waiting 1100ms, queue: 1
[RateLimiter] Rate limit reached, waiting 1100ms, queue: 1
[RateLimiter] Rate limit reached, waiting 1100ms, queue: 1
[RateLimiter] Rate limit reached, waiting 1100ms, queue: 1
[RateLimiter] Rate limit reached, waiting 1100ms, queue: 1
[RateLimiter] Rate limit reached, waiting 1100ms, queue: 1
[RateLimiter] Rate limit reached, waiting 1100ms, queue: 1
[RateLimiter] Rate limit reached, waiting 1100ms, queue: 1
[RateLimiter] Rate limit reached, waiting 1100ms, queue: 1
[RateLimiter] Rate limit reached, waiting 1100ms, queue: 1
[RateLimiter] Rate limit reached, waiting 1100ms, queue: 1
[RateLimiter] Rate limit reached, waiting 1100ms, queue: 1
[RateLimiter] Rate limit reached, waiting 1100ms, queue: 1
[RateLimiter] Rate limit reached, waiting 1100ms, queue: 1
[RateLimiter] Rate limit reached, waiting 1100ms, queue: 1
[RateLimiter] Rate limit reached, waiting 1100ms, queue: 1
[RateLimiter] Rate limit reached, waiting 1100ms, queue: 1
[RateLimiter] Rate limit reached, waiting 1100ms, queue: 1
[RateLimiter] Rate limit reached, waiting 1100ms, queue: 1
[RateLimiter] Rate limit reached, waiting 1100ms, queue: 1
[RateLimiter] Rate limit reached, waiting 1100ms, queue: 1
[RateLimiter] Rate limit reached, waiting 1100ms, queue: 1
[RateLimiter] Rate limit reached, waiting 1100ms, queue: 1
[RateLimiter] Rate limit reached, waiting 1100ms, queue: 1
[RateLimiter] Rate limit reached, waiting 1100ms, queue: 1
[RateLimiter] Rate limit reached, waiting 1100ms, queue: 1
[RateLimiter] Rate limit reached, waiting 1100ms, queue: 1
[RateLimiter] Rate limit reached, waiting 1100ms, queue: 1
[RateLimiter] Rate limit reached, waiting 1100ms, queue: 1
[RateLimiter] Rate limit reached, waiting 1100ms, queue: 1
[RateLimiter] Rate limit reached, waiting 1100ms, queue: 1
[RateLimiter] Rate limit reached, waiting 1100ms, queue: 1
[RateLimiter] Rate limit reached, waiting 1100ms, queue: 1
[RateLimiter] Rate limit reached, waiting 1100ms, queue: 1
[RateLimiter] Rate limit reached, waiting 1100ms, queue: 1
[RateLimiter] Rate limit reached, waiting 1100ms, queue: 1
[RateLimiter] Rate limit reached, waiting 1100ms, queue: 1
[RateLimiter] Rate limit reached, waiting 1100ms, queue: 1
[RateLimiter] Rate limit reached, waiting 1100ms, queue: 1
[RateLimiter] Rate limit reached, waiting 1100ms, queue: 1
[RateLimiter] Rate limit reached, waiting 1100ms, queue: 1
[RateLimiter] Rate limit reached, waiting 1100ms, queue: 1
[RateLimiter] Rate limit reached, waiting 1100ms, queue: 1
[RateLimiter] Rate limit reached, waiting 1100ms, queue: 1
[RateLimiter] Rate limit reached, waiting 1100ms, queue: 1
[RateLimiter] Rate limit reached, waiting 1100ms, queue: 1
[RateLimiter] Rate limit reached, waiting 1100ms, queue: 1
[RateLimiter] Rate limit reached, waiting 1100ms, queue: 1
[RateLimiter] Rate limit reached, waiting 1100ms, queue: 1
[RateLimiter] Rate limit reached, waiting 1100ms, queue: 1
[RateLimiter] Rate limit reached, waiting 1100ms, queue: 1
[RateLimiter] Rate limit reached, waiting 1100ms, queue: 1
[RateLimiter] Rate limit reached, waiting 1100ms, queue: 1
[RateLimiter] Rate limit reached, waiting 1100ms, queue: 1
[RateLimiter] Rate limit reached, waiting 1100ms, queue: 1
[RateLimiter] Rate limit reached, waiting 1100ms, queue: 1
[RateLimiter] Rate limit reached, waiting 1100ms, queue: 1
[RateLimiter] Rate limit reached, waiting 1100ms, queue: 1
[RateLimiter] Rate limit reached, waiting 1100ms, queue: 1
[RateLimiter] Rate limit reached, waiting 1100ms, queue: 1
[RateLimiter] Rate limit reached, waiting 1100ms, queue: 1
[RateLimiter] Rate limit reached, waiting 1100ms, queue: 1
[RateLimiter] Rate limit reached, waiting 1100ms, queue: 1
[RateLimiter] Rate limit reached, waiting 1100ms, queue: 1
[RateLimiter] Rate limit reached, waiting 1100ms, queue: 1
[RateLimiter] Rate limit reached, waiting 1100ms, queue: 1
[RateLimiter] Rate limit reached, waiting 1100ms, queue: 1
[RateLimiter] Rate limit reached, waiting 1100ms, queue: 1
[RateLimiter] Rate limit reached, waiting 1100ms, queue: 1
[RateLimiter] Rate limit reached, waiting 1100ms, queue: 1
[RateLimiter] Rate limit reached, waiting 1100ms, queue: 1
[RateLimiter] Rate limit reached, waiting 1100ms, queue: 1
[RateLimiter] Rate limit reached, waiting 1100ms, queue: 1
[RateLimiter] Rate limit reached, waiting 1100ms, queue: 1
[RateLimiter] Rate limit reached, waiting 1100ms, queue: 1
[RateLimiter] Rate limit reached, waiting 1100ms, queue: 1
[RateLimiter] Rate limit reached, waiting 1100ms, queue: 1
[RateLimiter] Rate limit reached, waiting 1100ms, queue: 1
[RateLimiter] Rate limit reached, waiting 1100ms, queue: 1
[RateLimiter] Rate limit reached, waiting 1100ms, queue: 1
[RateLimiter] Rate limit reached, waiting 1100ms, queue: 1
[RateLimiter] Rate limit reached, waiting 1100ms, queue: 1
[RateLimiter] Rate limit reached, waiting 1100ms, queue: 1
[RateLimiter] Rate limit reached, waiting 1100ms, queue: 1
[RateLimiter] Rate limit reached, waiting 1100ms, queue: 1
[RateLimiter] Rate limit reached, waiting 1100ms, queue: 1
[RateLimiter] Rate limit reached, waiting 1100ms, queue: 1
[RateLimiter] Rate limit reached, waiting 1100ms, queue: 1
[RateLimiter] Rate limit reached, waiting 1100ms, queue: 1
[RateLimiter] Rate limit reached, waiting 1100ms, queue: 1
[RateLimiter] Rate limit reached, waiting 1100ms, queue: 1
[RateLimiter] Rate limit reached, waiting 1100ms, queue: 1
[RateLimiter] Rate limit reached, waiting 1100ms, queue: 1
[RateLimiter] Rate limit reached, waiting 1100ms, queue: 1
[RateLimiter] Rate limit reached, waiting 1100ms, queue: 1
[RateLimiter] Rate limit reached, waiting 1100ms, queue: 1
[RateLimiter] Rate limit reached, waiting 1100ms, queue: 1
[RateLimiter] Rate limit reached, waiting 1100ms, queue: 1
[RateLimiter] Rate limit reached, waiting 1100ms, queue: 1
[RateLimiter] Rate limit reached, waiting 1100ms, queue: 1
[RateLimiter] Rate limit reached, waiting 1100ms, queue: 1
[RateLimiter] Rate limit reached, waiting 1100ms, queue: 1
[RateLimiter] Rate limit reached, waiting 1100ms, queue: 1
[RateLimiter] Rate limit reached, waiting 1100ms, queue: 1
[RateLimiter] Rate limit reached, waiting 1100ms, queue: 1
[RateLimiter] Rate limit reached, waiting 1100ms, queue: 1
[RateLimiter] Rate limit reached, waiting 1100ms, queue: 1
[RateLimiter] Rate limit reached, waiting 1100ms, queue: 1
[RateLimiter] Rate limit reached, waiting 1100ms, queue: 1
[RateLimiter] Rate limit reached, waiting 1100ms, queue: 1
[RateLimiter] Rate limit reached, waiting 1100ms, queue: 1
[RateLimiter] Rate limit reached, waiting 1100ms, queue: 1
[RateLimiter] Rate limit reached, waiting 1100ms, queue: 1
[RateLimiter] Rate limit reached, waiting 1100ms, queue: 1
[RateLimiter] Rate limit reached, waiting 1100ms, queue: 1
[RateLimiter] Rate limit reached, waiting 1100ms, queue: 1
[RateLimiter] Rate limit reached, waiting 1100ms, queue: 1
[RateLimiter] Rate limit reached, waiting 1100ms, queue: 1
[RateLimiter] Rate limit reached, waiting 1100ms, queue: 1
[RateLimiter] Rate limit reached, waiting 1100ms, queue: 1
[RateLimiter] Rate limit reached, waiting 1100ms, queue: 1
[RateLimiter] Rate limit reached, waiting 1100ms, queue: 1
[RateLimiter] Rate limit reached, waiting 1100ms, queue: 1
[RateLimiter] Rate limit reached, waiting 1100ms, queue: 1
[RateLimiter] Rate limit reached, waiting 1100ms, queue: 1
[RateLimiter] Rate limit reached, waiting 1100ms, queue: 1
[RateLimiter] Rate limit reached, waiting 1100ms, queue: 1
[RateLimiter] Rate limit reached, waiting 1100ms, queue: 1
[RateLimiter] Rate limit reached, waiting 1100ms, queue: 1
[RateLimiter] Rate limit reached, waiting 1100ms, queue: 1
[RateLimiter] Rate limit reached, waiting 1100ms, queue: 1
[RateLimiter] Rate limit reached, waiting 1100ms, queue: 1
[RateLimiter] Rate limit reached, waiting 1100ms, queue: 1
[RateLimiter] Rate limit reached, waiting 1100ms, queue: 1
[RateLimiter] Rate limit reached, waiting 1100ms, queue: 1
[RateLimiter] Rate limit reached, waiting 1100ms, queue: 1
[RateLimiter] Rate limit reached, waiting 1100ms, queue: 1
[RateLimiter] Rate limit reached, waiting 1100ms, queue: 1
[RateLimiter] Rate limit reached, waiting 1100ms, queue: 1
[RateLimiter] Rate limit reached, waiting 1100ms, queue: 1
[RateLimiter] Rate limit reached, waiting 1100ms, queue: 1
[RateLimiter] Rate limit reached, waiting 1100ms, queue: 1
[RateLimiter] Rate limit reached, waiting 1100ms, queue: 1
[RateLimiter] Rate limit reached, waiting 1100ms, queue: 1
[RateLimiter] Rate limit reached, waiting 1100ms, queue: 1
[RateLimiter] Rate limit reached, waiting 1100ms, queue: 1
[RateLimiter] Rate limit reached, waiting 1100ms, queue: 1
[RateLimiter] Rate limit reached, waiting 1100ms, queue: 1
[RateLimiter] Rate limit reached, waiting 1100ms, queue: 1
[RateLimiter] Rate limit reached, waiting 1100ms, queue: 1
[RateLimiter] Rate limit reached, waiting 1100ms, queue: 1
[RateLimiter] Rate limit reached, waiting 1100ms, queue: 1
[RateLimiter] Rate limit reached, waiting 1100ms, queue: 1
[RateLimiter] Rate limit reached, waiting 1100ms, queue: 1
[RateLimiter] Rate limit reached, waiting 1100ms, queue: 1
[RateLimiter] Rate limit reached, waiting 1100ms, queue: 1
[RateLimiter] Rate limit reached, waiting 1100ms, queue: 1
[RateLimiter] Rate limit reached, waiting 1100ms, queue: 1
[RateLimiter] Rate limit reached, waiting 1100ms, queue: 1
[RateLimiter] Rate limit reached, waiting 1100ms, queue: 1
[RateLimiter] Rate limit reached, waiting 1100ms, queue: 1
[RateLimiter] Rate limit reached, waiting 1100ms, queue: 1
[RateLimiter] Rate limit reached, waiting 1100ms, queue: 1
[RateLimiter] Rate limit reached, waiting 1100ms, queue: 1
[RateLimiter] Rate limit reached, waiting 1100ms, queue: 1
[RateLimiter] Rate limit reached, waiting 1100ms, queue: 1
[RateLimiter] Rate limit reached, waiting 1100ms, queue: 1
[RateLimiter] Rate limit reached, waiting 1100ms, queue: 1
[RateLimiter] Rate limit reached, waiting 1100ms, queue: 1
[RateLimiter] Rate limit reached, waiting 1100ms, queue: 1
[RateLimiter] Rate limit reached, waiting 1100ms, queue: 1
[RateLimiter] Rate limit reached, waiting 1100ms, queue: 1
[RateLimiter] Rate limit reached, waiting 1100ms, queue: 1
[RateLimiter] Rate limit reached, waiting 1100ms, queue: 1
[RateLimiter] Rate limit reached, waiting 1100ms, queue: 1
[RateLimiter] Rate limit reached, waiting 1100ms, queue: 1
[RateLimiter] Rate limit reached, waiting 1100ms, queue: 1
[RateLimiter] Rate limit reached, waiting 1100ms, queue: 1
[RateLimiter] Rate limit reached, waiting 1100ms, queue: 1
[RateLimiter] Rate limit reached, waiting 1100ms, queue: 1
[RateLimiter] Rate limit reached, waiting 1100ms, queue: 1
[RateLimiter] Rate limit reached, waiting 1100ms, queue: 1
[RateLimiter] Rate limit reached, waiting 1100ms, queue: 1
[RateLimiter] Rate limit reached, waiting 1100ms, queue: 1
[RateLimiter] Rate limit reached, waiting 1100ms, queue: 1
[RateLimiter] Rate limit reached, waiting 1100ms, queue: 1
[RateLimiter] Rate limit reached, waiting 1100ms, queue: 1
[RateLimiter] Rate limit reached, waiting 1100ms, queue: 1
[RateLimiter] Rate limit reached, waiting 1100ms, queue: 1
[RateLimiter] Rate limit reached, waiting 1100ms, queue: 1
[RateLimiter] Rate limit reached, waiting 1100ms, queue: 1
[RateLimiter] Rate limit reached, waiting 1100ms, queue: 1
[RateLimiter] Rate limit reached, waiting 1100ms, queue: 1
[RateLimiter] Rate limit reached, waiting 1100ms, queue: 1
[RateLimiter] Rate limit reached, waiting 1100ms, queue: 1
[RateLimiter] Rate limit reached, waiting 1100ms, queue: 1
[RateLimiter] Rate limit reached, waiting 1100ms, queue: 1
[RateLimiter] Rate limit reached, waiting 1100ms, queue: 1
[RateLimiter] Rate limit reached, waiting 1100ms, queue: 1
[RateLimiter] Rate limit reached, waiting 1100ms, queue: 1
[RateLimiter] Rate limit reached, waiting 1100ms, queue: 1
[RateLimiter] Rate limit reached, waiting 1100ms, queue: 1
[RateLimiter] Rate limit reached, waiting 1100ms, queue: 1
[RateLimiter] Rate limit reached, waiting 1100ms, queue: 1
[RateLimiter] Rate limit reached, waiting 1100ms, queue: 1
[RateLimiter] Rate limit reached, waiting 1100ms, queue: 1
[RateLimiter] Rate limit reached, waiting 1100ms, queue: 1
[RateLimiter] Rate limit reached, waiting 1100ms, queue: 1
[RateLimiter] Rate limit reached, waiting 1100ms, queue: 1
[RateLimiter] Rate limit reached, waiting 1100ms, queue: 1
[RateLimiter] Rate limit reached, waiting 1100ms, queue: 1
[RateLimiter] Rate limit reached, waiting 1100ms, queue: 1
[RateLimiter] Rate limit reached, waiting 1100ms, queue: 1
[RateLimiter] Rate limit reached, waiting 1100ms, queue: 1
[RateLimiter] Rate limit reached, waiting 1100ms, queue: 1
[RateLimiter] Rate limit reached, waiting 1100ms, queue: 1
[RateLimiter] Rate limit reached, waiting 1100ms, queue: 1
[RateLimiter] Rate limit reached, waiting 1100ms, queue: 1
[RateLimiter] Rate limit reached, waiting 1100ms, queue: 1
[RateLimiter] Rate limit reached, waiting 1100ms, queue: 1
[RateLimiter] Rate limit reached, waiting 1100ms, queue: 1
[RateLimiter] Rate limit reached, waiting 1100ms, queue: 1
[RateLimiter] Rate limit reached, waiting 1100ms, queue: 1
[RateLimiter] Rate limit reached, waiting 1100ms, queue: 1
[RateLimiter] Rate limit reached, waiting 1100ms, queue: 1
[RateLimiter] Rate limit reached, waiting 1100ms, queue: 1
[RateLimiter] Rate limit reached, waiting 1100ms, queue: 1
[RateLimiter] Rate limit reached, waiting 1100ms, queue: 1
[RateLimiter] Rate limit reached, waiting 1100ms, queue: 1
[RateLimiter] Rate limit reached, waiting 1100ms, queue: 1
[RateLimiter] Rate limit reached, waiting 1100ms, queue: 1
[RateLimiter] Rate limit reached, waiting 1100ms, queue: 1
[RateLimiter] Rate limit reached, waiting 1100ms, queue: 1
[RateLimiter] Rate limit reached, waiting 1100ms, queue: 1
[RateLimiter] Rate limit reached, waiting 1100ms, queue: 1
[RateLimiter] Rate limit reached, waiting 1100ms, queue: 1
[RateLimiter] Rate limit reached, waiting 1100ms, queue: 1
[RateLimiter] Rate limit reached, waiting 1100ms, queue: 1
[RateLimiter] Rate limit reached, waiting 1100ms, queue: 1
[RateLimiter] Rate limit reached, waiting 1100ms, queue: 1
[RateLimiter] Rate limit reached, waiting 1100ms, queue: 1
[RateLimiter] Rate limit reached, waiting 1100ms, queue: 1
[RateLimiter] Rate limit reached, waiting 1100ms, queue: 1
[RateLimiter] Rate limit reached, waiting 1100ms, queue: 1
[RateLimiter] Rate limit reached, waiting 1100ms, queue: 1
[RateLimiter] Rate limit reached, waiting 1100ms, queue: 1
[RateLimiter] Rate limit reached, waiting 1100ms, queue: 1
[RateLimiter] Rate limit reached, waiting 1100ms, queue: 1
[RateLimiter] Rate limit reached, waiting 1100ms, queue: 1
[RateLimiter] Rate limit reached, waiting 1100ms, queue: 1
[RateLimiter] Rate limit reached, waiting 1100ms, queue: 1
[RateLimiter] Rate limit reached, waiting 1100ms, queue: 1
[RateLimiter] Rate limit reached, waiting 1100ms, queue: 1
[RateLimiter] Rate limit reached, waiting 1100ms, queue: 1
[RateLimiter] Rate limit reached, waiting 1100ms, queue: 1
[RateLimiter] Rate limit reached, waiting 1100ms, queue: 1
[RateLimiter] Rate limit reached, waiting 1100ms, queue: 1
[RateLimiter] Rate limit reached, waiting 1100ms, queue: 1
[RateLimiter] Rate limit reached, waiting 1100ms, queue: 1
[RateLimiter] Rate limit reached, waiting 1100ms, queue: 1
[RateLimiter] Rate limit reached, waiting 1100ms, queue: 1
[RateLimiter] Rate limit reached, waiting 1100ms, queue: 1
[RateLimiter] Rate limit reached, waiting 1100ms, queue: 1
[RateLimiter] Rate limit reached, waiting 1100ms, queue: 1
[RateLimiter] Rate limit reached, waiting 1100ms, queue: 1
[RateLimiter] Rate limit reached, waiting 1100ms, queue: 1
[RateLimiter] Rate limit reached, waiting 1100ms, queue: 1
[RateLimiter] Rate limit reached, waiting 1100ms, queue: 1
[RateLimiter] Rate limit reached, waiting 1100ms, queue: 1
[RateLimiter] Rate limit reached, waiting 1100ms, queue: 1
[RateLimiter] Rate limit reached, waiting 1100ms, queue: 1
[RateLimiter] Rate limit reached, waiting 1100ms, queue: 1
[RateLimiter] Rate limit reached, waiting 1100ms, queue: 1
[RateLimiter] Rate limit reached, waiting 1100ms, queue: 1
[RateLimiter] Rate limit reached, waiting 1100ms, queue: 1
[RateLimiter] Rate limit reached, waiting 1100ms, queue: 1
[RateLimiter] Rate limit reached, waiting 1100ms, queue: 1
[RateLimiter] Rate limit reached, waiting 1100ms, queue: 1
[RateLimiter] Rate limit reached, waiting 1100ms, queue: 1
[RateLimiter] Rate limit reached, waiting 1100ms, queue: 1
[RateLimiter] Rate limit reached, waiting 1100ms, queue: 1
[RateLimiter] Rate limit reached, waiting 1100ms, queue: 1
[RateLimiter] Rate limit reached, waiting 1100ms, queue: 1
[RateLimiter] Rate limit reached, waiting 1100ms, queue: 1
[RateLimiter] Rate limit reached, waiting 1100ms, queue: 1
[RateLimiter] Rate limit reached, waiting 1100ms, queue: 1
[RateLimiter] Rate limit reached, waiting 1100ms, queue: 1
[RateLimiter] Rate limit reached, waiting 1100ms, queue: 1
[RateLimiter] Rate limit reached, waiting 1100ms, queue: 1
[RateLimiter] Rate limit reached, waiting 1100ms, queue: 1
[RateLimiter] Rate limit reached, waiting 1100ms, queue: 1
[RateLimiter] Rate limit reached, waiting 1100ms, queue: 1
[RateLimiter] Rate limit reached, waiting 1100ms, queue: 1
[RateLimiter] Rate limit reached, waiting 1100ms, queue: 1
[RateLimiter] Rate limit reached, waiting 1100ms, queue: 1
[RateLimiter] Rate limit reached, waiting 1100ms, queue: 1
[RateLimiter] Rate limit reached, waiting 1100ms, queue: 1
[RateLimiter] Rate limit reached, waiting 1100ms, queue: 1
[RateLimiter] Rate limit reached, waiting 1100ms, queue: 1
[RateLimiter] Rate limit reached, waiting 1100ms, queue: 1
[RateLimiter] Rate limit reached, waiting 1100ms, queue: 1
[RateLimiter] Rate limit reached, waiting 1100ms, queue: 1
[RateLimiter] Rate limit reached, waiting 1100ms, queue: 1
[RateLimiter] Rate limit reached, waiting 1100ms, queue: 1
[RateLimiter] Rate limit reached, waiting 1100ms, queue: 1
[RateLimiter] Rate limit reached, waiting 1100ms, queue: 1
[RateLimiter] Rate limit reached, waiting 1100ms, queue: 1
[RateLimiter] Rate limit reached, waiting 1100ms, queue: 1
[RateLimiter] Rate limit reached, waiting 1100ms, queue: 1
[RateLimiter] Rate limit reached, waiting 1100ms, queue: 1
[RateLimiter] Rate limit reached, waiting 1100ms, queue: 1
[RateLimiter] Rate limit reached, waiting 1100ms, queue: 1
[RateLimiter] Rate limit reached, waiting 1100ms, queue: 1
[RateLimiter] Rate limit reached, waiting 1100ms, queue: 1
[RateLimiter] Rate limit reached, waiting 1100ms, queue: 1
[RateLimiter] Rate limit reached, waiting 1100ms, queue: 1
[RateLimiter] Rate limit reached, waiting 1100ms, queue: 1
[RateLimiter] Rate limit reached, waiting 1100ms, queue: 1
[RateLimiter] Rate limit reached, waiting 1100ms, queue: 1
[RateLimiter] Rate limit reached, waiting 1100ms, queue: 1
[RateLimiter] Rate limit reached, waiting 1100ms, queue: 1
[RateLimiter] Rate limit reached, waiting 1100ms, queue: 1
[RateLimiter] Rate limit reached, waiting 1100ms, queue: 1
[RateLimiter] Rate limit reached, waiting 1100ms, queue: 1
[RateLimiter] Rate limit reached, waiting 1100ms, queue: 1
[RateLimiter] Rate limit reached, waiting 1100ms, queue: 1
[RateLimiter] Rate limit reached, waiting 1100ms, queue: 1
[RateLimiter] Rate limit reached, waiting 1100ms, queue: 1
[RateLimiter] Rate limit reached, waiting 1100ms, queue: 1
[RateLimiter] Rate limit reached, waiting 1100ms, queue: 1
[RateLimiter] Rate limit reached, waiting 1100ms, queue: 1
[RateLimiter] Rate limit reached, waiting 1100ms, queue: 1
[RateLimiter] Rate limit reached, waiting 1100ms, queue: 1
[RateLimiter] Rate limit reached, waiting 1100ms, queue: 1
[RateLimiter] Rate limit reached, waiting 1100ms, queue: 1
[RateLimiter] Rate limit reached, waiting 1100ms, queue: 1
[RateLimiter] Rate limit reached, waiting 1100ms, queue: 1
[RateLimiter] Rate limit reached, waiting 1100ms, queue: 1
[RateLimiter] Rate limit reached, waiting 1100ms, queue: 1
[RateLimiter] Rate limit reached, waiting 1100ms, queue: 1
[RateLimiter] Rate limit reached, waiting 1100ms, queue: 1
[RateLimiter] Rate limit reached, waiting 1100ms, queue: 1
[RateLimiter] Rate limit reached, waiting 1100ms, queue: 1
[RateLimiter] Rate limit reached, waiting 1100ms, queue: 1
[RateLimiter] Rate limit reached, waiting 1100ms, queue: 1
[RateLimiter] Rate limit reached, waiting 1100ms, queue: 1
[RateLimiter] Rate limit reached, waiting 1100ms, queue: 1
[RateLimiter] Rate limit reached, waiting 1100ms, queue: 1
[RateLimiter] Rate limit reached, waiting 1100ms, queue: 1
[RateLimiter] Rate limit reached, waiting 1100ms, queue: 1
[RateLimiter] Rate limit reached, waiting 1100ms, queue: 1
[RateLimiter] Rate limit reached, waiting 1100ms, queue: 1
[RateLimiter] Rate limit reached, waiting 1100ms, queue: 1
[RateLimiter] Rate limit reached, waiting 1100ms, queue: 1
[RateLimiter] Rate limit reached, waiting 1100ms, queue: 1
[RateLimiter] Rate limit reached, waiting 1100ms, queue: 1
[RateLimiter] Rate limit reached, waiting 1100ms, queue: 1
[RateLimiter] Rate limit reached, waiting 1100ms, queue: 1
[RateLimiter] Rate limit reached, waiting 1100ms, queue: 1
[RateLimiter] Rate limit reached, waiting 1100ms, queue: 1
[RateLimiter] Rate limit reached, waiting 1100ms, queue: 1
[RateLimiter] Rate limit reached, waiting 1100ms, queue: 1
[RateLimiter] Rate limit reached, waiting 1100ms, queue: 1
[RateLimiter] Rate limit reached, waiting 1100ms, queue: 1
[RateLimiter] Rate limit reached, waiting 1100ms, queue: 1
[RateLimiter] Rate limit reached, waiting 1100ms, queue: 1
[RateLimiter] Rate limit reached, waiting 1100ms, queue: 1
[RateLimiter] Rate limit reached, waiting 1100ms, queue: 1
[RateLimiter] Rate limit reached, waiting 1100ms, queue: 1
[RateLimiter] Rate limit reached, waiting 1100ms, queue: 1
[RateLimiter] Rate limit reached, waiting 1100ms, queue: 1
[RateLimiter] Rate limit reached, waiting 1100ms, queue: 1
[RateLimiter] Rate limit reached, waiting 1100ms, queue: 1
[RateLimiter] Rate limit reached, waiting 1100ms, queue: 1
[RateLimiter] Rate limit reached, waiting 1100ms, queue: 1
[RateLimiter] Rate limit reached, waiting 1100ms, queue: 1
[RateLimiter] Rate limit reached, waiting 1100ms, queue: 1
[RateLimiter] Rate limit reached, waiting 1100ms, queue: 1
[RateLimiter] Rate limit reached, waiting 1100ms, queue: 1
[RateLimiter] Rate limit reached, waiting 1100ms, queue: 1
[RateLimiter] Rate limit reached, waiting 1100ms, queue: 1
[RateLimiter] Rate limit reached, waiting 1100ms, queue: 1
[RateLimiter] Rate limit reached, waiting 1100ms, queue: 1
[RateLimiter] Rate limit reached, waiting 1100ms, queue: 1
[RateLimiter] Rate limit reached, waiting 1100ms, queue: 1
[RateLimiter] Rate limit reached, waiting 1100ms, queue: 1
[RateLimiter] Rate limit reached, waiting 1100ms, queue: 1
[RateLimiter] Rate limit reached, waiting 1100ms, queue: 1
[RateLimiter] Rate limit reached, waiting 1100ms, queue: 1
[RateLimiter] Rate limit reached, waiting 1100ms, queue: 1
[RateLimiter] Rate limit reached, waiting 1100ms, queue: 1
[RateLimiter] Rate limit reached, waiting 1100ms, queue: 1
[RateLimiter] Rate limit reached, waiting 1100ms, queue: 1
[RateLimiter] Rate limit reached, waiting 1100ms, queue: 1
[RateLimiter] Rate limit reached, waiting 1100ms, queue: 1
[RateLimiter] Rate limit reached, waiting 1100ms, queue: 1
[RateLimiter] Rate limit reached, waiting 1100ms, queue: 1
[RateLimiter] Rate limit reached, waiting 1100ms, queue: 1
[RateLimiter] Rate limit reached, waiting 1100ms, queue: 1
[RateLimiter] Rate limit reached, waiting 1100ms, queue: 1
[RateLimiter] Rate limit reached, waiting 1100ms, queue: 1
[RateLimiter] Rate limit reached, waiting 1100ms, queue: 1
[RateLimiter] Rate limit reached, waiting 1100ms, queue: 1
[RateLimiter] Rate limit reached, waiting 1100ms, queue: 1
[RateLimiter] Rate limit reached, waiting 1100ms, queue: 1
[RateLimiter] Rate limit reached, waiting 1100ms, queue: 1
[RateLimiter] Rate limit reached, waiting 1100ms, queue: 1
[RateLimiter] Rate limit reached, waiting 1100ms, queue: 1
[RateLimiter] Rate limit reached, waiting 1100ms, queue: 1
[RateLimiter] Rate limit reached, waiting 1100ms, queue: 1
[RateLimiter] Rate limit reached, waiting 1100ms, queue: 1
[RateLimiter] Rate limit reached, waiting 1100ms, queue: 1
[RateLimiter] Rate limit reached, waiting 1100ms, queue: 1
[RateLimiter] Rate limit reached, waiting 1100ms, queue: 1
[RateLimiter] Rate limit reached, waiting 1100ms, queue: 1
[RateLimiter] Rate limit reached, waiting 1100ms, queue: 1
[RateLimiter] Rate limit reached, waiting 1100ms, queue: 1
[RateLimiter] Rate limit reached, waiting 1100ms, queue: 1
[RateLimiter] Rate limit reached, waiting 1100ms, queue: 1
[RateLimiter] Rate limit reached, waiting 1100ms, queue: 1
[RateLimiter] Rate limit reached, waiting 1100ms, queue: 1
[RateLimiter] Rate limit reached, waiting 1100ms, queue: 1
[RateLimiter] Rate limit reached, waiting 1100ms, queue: 1
[RateLimiter] Rate limit reached, waiting 1100ms, queue: 1
[RateLimiter] Rate limit reached, waiting 1100ms, queue: 1
[RateLimiter] Rate limit reached, waiting 1100ms, queue: 1
[RateLimiter] Rate limit reached, waiting 1100ms, queue: 1
[RateLimiter] Rate limit reached, waiting 1100ms, queue: 1
[RateLimiter] Rate limit reached, waiting 1100ms, queue: 1
[RateLimiter] Rate limit reached, waiting 1100ms, queue: 1
[RateLimiter] Rate limit reached, waiting 1100ms, queue: 1
[RateLimiter] Rate limit reached, waiting 1100ms, queue: 1
[RateLimiter] Rate limit reached, waiting 1100ms, queue: 1
[RateLimiter] Rate limit reached, waiting 1100ms, queue: 1
[RateLimiter] Rate limit reached, waiting 1100ms, queue: 1
[RateLimiter] Rate limit reached, waiting 1100ms, queue: 1
[RateLimiter] Rate limit reached, waiting 1100ms, queue: 1
[RateLimiter] Rate limit reached, waiting 1100ms, queue: 1
[RateLimiter] Rate limit reached, waiting 1100ms, queue: 1
[RateLimiter] Rate limit reached, waiting 1100ms, queue: 1
[RateLimiter] Rate limit reached, waiting 1100ms, queue: 1
[RateLimiter] Rate limit reached, waiting 1100ms, queue: 1
[RateLimiter] Rate limit reached, waiting 1100ms, queue: 1
[RateLimiter] Rate limit reached, waiting 1100ms, queue: 1
[RateLimiter] Rate limit reached, waiting 1100ms, queue: 1
[RateLimiter] Rate limit reached, waiting 1100ms, queue: 1
[RateLimiter] Rate limit reached, waiting 1100ms, queue: 1
[RateLimiter] Rate limit reached, waiting 1100ms, queue: 1
[RateLimiter] Rate limit reached, waiting 1100ms, queue: 1
[RateLimiter] Rate limit reached, waiting 1100ms, queue: 1
[RateLimiter] Rate limit reached, waiting 1100ms, queue: 1
[RateLimiter] Rate limit reached, waiting 1100ms, queue: 1
[RateLimiter] Rate limit reached, waiting 1100ms, queue: 1
[RateLimiter] Rate limit reached, waiting 1100ms, queue: 1
[RateLimiter] Rate limit reached, waiting 1100ms, queue: 1
[RateLimiter] Rate limit reached, waiting 1100ms, queue: 1
[RateLimiter] Rate limit reached, waiting 1100ms, queue: 1
[RateLimiter] Rate limit reached, waiting 1100ms, queue: 1
[RateLimiter] Rate limit reached, waiting 1100ms, queue: 1
[RateLimiter] Rate limit reached, waiting 1100ms, queue: 1
[RateLimiter] Rate limit reached, waiting 1100ms, queue: 1
[RateLimiter] Rate limit reached, waiting 1100ms, queue: 1
[RateLimiter] Rate limit reached, waiting 1100ms, queue: 1
[RateLimiter] Rate limit reached, waiting 1100ms, queue: 1
[RateLimiter] Rate limit reached, waiting 1100ms, queue: 1
[RateLimiter] Rate limit reached, waiting 1100ms, queue: 1
[RateLimiter] Rate limit reached, waiting 1100ms, queue: 1
[RateLimiter] Rate limit reached, waiting 1100ms, queue: 1
[RateLimiter] Rate limit reached, waiting 1100ms, queue: 1
[RateLimiter] Rate limit reached, waiting 1100ms, queue: 1
[RateLimiter] Rate limit reached, waiting 1100ms, queue: 1
[RateLimiter] Rate limit reached, waiting 1100ms, queue: 1
[RateLimiter] Rate limit reached, waiting 1100ms, queue: 1
[RateLimiter] Rate limit reached, waiting 1100ms, queue: 1
[RateLimiter] Rate limit reached, waiting 1100ms, queue: 1
[RateLimiter] Rate limit reached, waiting 1100ms, queue: 1
[RateLimiter] Rate limit reached, waiting 1100ms, queue: 1
[RateLimiter] Rate limit reached, waiting 1100ms, queue: 1
[RateLimiter] Rate limit reached, waiting 1100ms, queue: 1
[RateLimiter] Rate limit reached, waiting 1100ms, queue: 1
[RateLimiter] Rate limit reached, waiting 1100ms, queue: 1
[RateLimiter] Rate limit reached, waiting 1100ms, queue: 1
[RateLimiter] Rate limit reached, waiting 1100ms, queue: 1
[RateLimiter] Rate limit reached, waiting 1100ms, queue: 1
[RateLimiter] Rate limit reached, waiting 1100ms, queue: 1
[RateLimiter] Rate limit reached, waiting 1100ms, queue: 1
[RateLimiter] Rate limit reached, waiting 1100ms, queue: 1
[RateLimiter] Rate limit reached, waiting 1100ms, queue: 1
[RateLimiter] Rate limit reached, waiting 1100ms, queue: 1
[RateLimiter] Rate limit reached, waiting 1100ms, queue: 1
[RateLimiter] Rate limit reached, waiting 1100ms, queue: 1
[RateLimiter] Rate limit reached, waiting 1100ms, queue: 1
[RateLimiter] Rate limit reached, waiting 1100ms, queue: 1
[RateLimiter] Rate limit reached, waiting 1100ms, queue: 1
[RateLimiter] Rate limit reached, waiting 1100ms, queue: 1
[RateLimiter] Rate limit reached, waiting 1100ms, queue: 1
[RateLimiter] Rate limit reached, waiting 1100ms, queue: 1
[RateLimiter] Rate limit reached, waiting 1100ms, queue: 1
[RateLimiter] Rate limit reached, waiting 1100ms, queue: 1
[RateLimiter] Rate limit reached, waiting 1100ms, queue: 1
[RateLimiter] Rate limit reached, waiting 1100ms, queue: 1
[RateLimiter] Rate limit reached, waiting 1100ms, queue: 1
[RateLimiter] Rate limit reached, waiting 1100ms, queue: 1
[RateLimiter] Rate limit reached, waiting 1100ms, queue: 1
[RateLimiter] Rate limit reached, waiting 1100ms, queue: 1
[RateLimiter] Rate limit reached, waiting 1100ms, queue: 1
[RateLimiter] Rate limit reached, waiting 1100ms, queue: 1
[RateLimiter] Rate limit reached, waiting 1100ms, queue: 1
[RateLimiter] Rate limit reached, waiting 1100ms, queue: 1
[RateLimiter] Rate limit reached, waiting 1100ms, queue: 1
[RateLimiter] Rate limit reached, waiting 1100ms, queue: 1
[RateLimiter] Rate limit reached, waiting 1100ms, queue: 1
[RateLimiter] Rate limit reached, waiting 1100ms, queue: 1
[RateLimiter] Rate limit reached, waiting 1100ms, queue: 1
[RateLimiter] Rate limit reached, waiting 1100ms, queue: 1
[RateLimiter] Rate limit reached, waiting 1100ms, queue: 1
[RateLimiter] Rate limit reached, waiting 1100ms, queue: 1
[RateLimiter] Rate limit reached, waiting 1100ms, queue: 1
[RateLimiter] Rate limit reached, waiting 1100ms, queue: 1
[RateLimiter] Rate limit reached, waiting 1100ms, queue: 1
[RateLimiter] Rate limit reached, waiting 1100ms, queue: 1
[RateLimiter] Rate limit reached, waiting 1100ms, queue: 1
[RateLimiter] Rate limit reached, waiting 1100ms, queue: 1
[RateLimiter] Rate limit reached, waiting 1100ms, queue: 1
[RateLimiter] Rate limit reached, waiting 1100ms, queue: 1
[RateLimiter] Rate limit reached, waiting 1100ms, queue: 1
[RateLimiter] Rate limit reached, waiting 1100ms, queue: 1
[RateLimiter] Rate limit reached, waiting 1100ms, queue: 1
[RateLimiter] Rate limit reached, waiting 1100ms, queue: 1
[RateLimiter] Rate limit reached, waiting 1100ms, queue: 1
[RateLimiter] Rate limit reached, waiting 1100ms, queue: 1
[RateLimiter] Rate limit reached, waiting 1100ms, queue: 1
[RateLimiter] Rate limit reached, waiting 1100ms, queue: 1
[RateLimiter] Rate limit reached, waiting 1100ms, queue: 1
[RateLimiter] Rate limit reached, waiting 1100ms, queue: 1
[RateLimiter] Rate limit reached, waiting 1100ms, queue: 1
[RateLimiter] Rate limit reached, waiting 1100ms, queue: 1
[RateLimiter] Rate limit reached, waiting 1100ms, queue: 1
[RateLimiter] Rate limit reached, waiting 1100ms, queue: 1
[RateLimiter] Rate limit reached, waiting 1100ms, queue: 1
[RateLimiter] Rate limit reached, waiting 1100ms, queue: 1
[RateLimiter] Rate limit reached, waiting 1100ms, queue: 1
[RateLimiter] Rate limit reached, waiting 1100ms, queue: 1
[RateLimiter] Rate limit reached, waiting 1100ms, queue: 1
[RateLimiter] Rate limit reached, waiting 1100ms, queue: 1
[RateLimiter] Rate limit reached, waiting 1100ms, queue: 1
[RateLimiter] Rate limit reached, waiting 1100ms, queue: 1
[RateLimiter] Rate limit reached, waiting 1100ms, queue: 1
[RateLimiter] Rate limit reached, waiting 1100ms, queue: 1
[RateLimiter] Rate limit reached, waiting 1100ms, queue: 1
[RateLimiter] Rate limit reached, waiting 1100ms, queue: 1
[RateLimiter] Rate limit reached, waiting 1100ms, queue: 1
[RateLimiter] Rate limit reached, waiting 1100ms, queue: 1
[RateLimiter] Rate limit reached, waiting 1100ms, queue: 1
[RateLimiter] Rate limit reached, waiting 1100ms, queue: 1
[RateLimiter] Rate limit reached, waiting 1100ms, queue: 1
[RateLimiter] Rate limit reached, waiting 1100ms, queue: 1
[RateLimiter] Rate limit reached, waiting 1100ms, queue: 1
[RateLimiter] Rate limit reached, waiting 1100ms, queue: 1
[RateLimiter] Rate limit reached, waiting 1100ms, queue: 1
[RateLimiter] Rate limit reached, waiting 1100ms, queue: 1
[RateLimiter] Rate limit reached, waiting 1100ms, queue: 1
[RateLimiter] Rate limit reached, waiting 1100ms, queue: 1
[RateLimiter] Rate limit reached, waiting 1100ms, queue: 1
[RateLimiter] Rate limit reached, waiting 1100ms, queue: 1
[RateLimiter] Rate limit reached, waiting 1100ms, queue: 1
[RateLimiter] Rate limit reached, waiting 1100ms, queue: 1
[RateLimiter] Rate limit reached, waiting 1100ms, queue: 1
[RateLimiter] Rate limit reached, waiting 1100ms, queue: 1
[RateLimiter] Rate limit reached, waiting 1100ms, queue: 1
[RateLimiter] Rate limit reached, waiting 1100ms, queue: 1
[RateLimiter] Rate limit reached, waiting 1100ms, queue: 1
[RateLimiter] Rate limit reached, waiting 1100ms, queue: 1
[RateLimiter] Rate limit reached, waiting 1100ms, queue: 1
[RateLimiter] Rate limit reached, waiting 1100ms, queue: 1
[RateLimiter] Rate limit reached, waiting 1100ms, queue: 1
[RateLimiter] Rate limit reached, waiting 1100ms, queue: 1
[RateLimiter] Rate limit reached, waiting 1100ms, queue: 1
[RateLimiter] Rate limit reached, waiting 1100ms, queue: 1
[RateLimiter] Rate limit reached, waiting 1100ms, queue: 1
[RateLimiter] Rate limit reached, waiting 1100ms, queue: 1
[RateLimiter] Rate limit reached, waiting 1100ms, queue: 1
[RateLimiter] Rate limit reached, waiting 1100ms, queue: 1
[RateLimiter] Rate limit reached, waiting 1100ms, queue: 1
[RateLimiter] Rate limit reached, waiting 1100ms, queue: 1
[RateLimiter] Rate limit reached, waiting 1100ms, queue: 1
[RateLimiter] Rate limit reached, waiting 1100ms, queue: 1
[RateLimiter] Rate limit reached, waiting 1100ms, queue: 1
[RateLimiter] Rate limit reached, waiting 1100ms, queue: 1
[RateLimiter] Rate limit reached, waiting 1100ms, queue: 1
[RateLimiter] Rate limit reached, waiting 1100ms, queue: 1
[RateLimiter] Rate limit reached, waiting 1100ms, queue: 1
[RateLimiter] Rate limit reached, waiting 1100ms, queue: 1
[RateLimiter] Rate limit reached, waiting 1100ms, queue: 1
[RateLimiter] Rate limit reached, waiting 1100ms, queue: 1
[RateLimiter] Rate limit reached, waiting 1100ms, queue: 1
[RateLimiter] Rate limit reached, waiting 1100ms, queue: 1
[RateLimiter] Rate limit reached, waiting 1100ms, queue: 1
[RateLimiter] Rate limit reached, waiting 1100ms, queue: 1
[RateLimiter] Rate limit reached, waiting 1100ms, queue: 1
[RateLimiter] Rate limit reached, waiting 1100ms, queue: 1
[RateLimiter] Rate limit reached, waiting 1100ms, queue: 1
[RateLimiter] Rate limit reached, waiting 1100ms, queue: 1
[RateLimiter] Rate limit reached, waiting 1100ms, queue: 1
[RateLimiter] Rate limit reached, waiting 1100ms, queue: 1
[RateLimiter] Rate limit reached, waiting 1100ms, queue: 1
[RateLimiter] Rate limit reached, waiting 1100ms, queue: 1
[RateLimiter] Rate limit reached, waiting 1100ms, queue: 1
[RateLimiter] Rate limit reached, waiting 1100ms, queue: 1
[RateLimiter] Rate limit reached, waiting 1100ms, queue: 1
[RateLimiter] Rate limit reached, waiting 1100ms, queue: 1
[RateLimiter] Rate limit reached, waiting 1100ms, queue: 1
[RateLimiter] Rate limit reached, waiting 1100ms, queue: 1
[RateLimiter] Rate limit reached, waiting 1100ms, queue: 1
[RateLimiter] Rate limit reached, waiting 1100ms, queue: 1
[RateLimiter] Rate limit reached, waiting 1100ms, queue: 1
[RateLimiter] Rate limit reached, waiting 1100ms, queue: 1
[RateLimiter] Rate limit reached, waiting 1100ms, queue: 1
[RateLimiter] Rate limit reached, waiting 1100ms, queue: 1
[RateLimiter] Rate limit reached, waiting 1100ms, queue: 1
[RateLimiter] Rate limit reached, waiting 1100ms, queue: 1
[RateLimiter] Rate limit reached, waiting 1100ms, queue: 1
[RateLimiter] Rate limit reached, waiting 1100ms, queue: 1
[RateLimiter] Rate limit reached, waiting 1100ms, queue: 1
[RateLimiter] Rate limit reached, waiting 1100ms, queue: 1
[RateLimiter] Rate limit reached, waiting 1100ms, queue: 1
[RateLimiter] Rate limit reached, waiting 1100ms, queue: 1
[RateLimiter] Rate limit reached, waiting 1100ms, queue: 1
[RateLimiter] Rate limit reached, waiting 1100ms, queue: 1
[RateLimiter] Rate limit reached, waiting 1100ms, queue: 1
[RateLimiter] Rate limit reached, waiting 1100ms, queue: 1
[RateLimiter] Rate limit reached, waiting 1100ms, queue: 1
[RateLimiter] Rate limit reached, waiting 1100ms, queue: 1
[RateLimiter] Rate limit reached, waiting 1100ms, queue: 1
[RateLimiter] Rate limit reached, waiting 1100ms, queue: 1
[RateLimiter] Rate limit reached, waiting 1100ms, queue: 1
[RateLimiter] Rate limit reached, waiting 1100ms, queue: 1
[RateLimiter] Rate limit reached, waiting 1100ms, queue: 1
[RateLimiter] Rate limit reached, waiting 1100ms, queue: 1
[RateLimiter] Rate limit reached, waiting 1100ms, queue: 1
[RateLimiter] Rate limit reached, waiting 1100ms, queue: 1
[RateLimiter] Rate limit reached, waiting 1100ms, queue: 1
[RateLimiter] Rate limit reached, waiting 1100ms, queue: 1
[RateLimiter] Rate limit reached, waiting 1100ms, queue: 1
[RateLimiter] Rate limit reached, waiting 1100ms, queue: 1
[RateLimiter] Rate limit reached, waiting 1100ms, queue: 1
[RateLimiter] Rate limit reached, waiting 1100ms, queue: 1
[RateLimiter] Rate limit reached, waiting 1100ms, queue: 1
[RateLimiter] Rate limit reached, waiting 1100ms, queue: 1
[RateLimiter] Rate limit reached, waiting 1100ms, queue: 1
[RateLimiter] Rate limit reached, waiting 1100ms, queue: 1
[RateLimiter] Rate limit reached, waiting 1100ms, queue: 1
[RateLimiter] Rate limit reached, waiting 1100ms, queue: 1
[RateLimiter] Rate limit reached, waiting 1100ms, queue: 1
[RateLimiter] Rate limit reached, waiting 1100ms, queue: 1
[RateLimiter] Rate limit reached, waiting 1100ms, queue: 1
[RateLimiter] Rate limit reached, waiting 1100ms, queue: 1
[RateLimiter] Rate limit reached, waiting 1100ms, queue: 1
[RateLimiter] Rate limit reached, waiting 1100ms, queue: 1
[RateLimiter] Rate limit reached, waiting 1100ms, queue: 1
[RateLimiter] Rate limit reached, waiting 1100ms, queue: 1
[RateLimiter] Rate limit reached, waiting 1100ms, queue: 1
[RateLimiter] Rate limit reached, waiting 1100ms, queue: 1
[RateLimiter] Rate limit reached, waiting 1100ms, queue: 1
[RateLimiter] Rate limit reached, waiting 1100ms, queue: 1
[RateLimiter] Rate limit reached, waiting 1100ms, queue: 1
[RateLimiter] Rate limit reached, waiting 1100ms, queue: 1
[RateLimiter] Rate limit reached, waiting 1100ms, queue: 1
[RateLimiter] Rate limit reached, waiting 1100ms, queue: 1
[RateLimiter] Rate limit reached, waiting 1100ms, queue: 1
[RateLimiter] Rate limit reached, waiting 1100ms, queue: 1
[RateLimiter] Rate limit reached, waiting 1100ms, queue: 1
[RateLimiter] Rate limit reached, waiting 1100ms, queue: 1
[RateLimiter] Rate limit reached, waiting 1100ms, queue: 1
[RateLimiter] Rate limit reached, waiting 1100ms, queue: 1
[RateLimiter] Rate limit reached, waiting 1100ms, queue: 1
[RateLimiter] Rate limit reached, waiting 1100ms, queue: 1
[RateLimiter] Rate limit reached, waiting 1100ms, queue: 1
[RateLimiter] Rate limit reached, waiting 1100ms, queue: 1
[RateLimiter] Rate limit reached, waiting 1100ms, queue: 1
[RateLimiter] Rate limit reached, waiting 1100ms, queue: 1
[RateLimiter] Rate limit reached, waiting 1100ms, queue: 1
[RateLimiter] Rate limit reached, waiting 1100ms, queue: 1
[RateLimiter] Rate limit reached, waiting 1100ms, queue: 1
[RateLimiter] Rate limit reached, waiting 1100ms, queue: 1
[RateLimiter] Rate limit reached, waiting 1100ms, queue: 1
[RateLimiter] Rate limit reached, waiting 1100ms, queue: 1
[RateLimiter] Rate limit reached, waiting 1100ms, queue: 1
[RateLimiter] Rate limit reached, waiting 1100ms, queue: 1
[RateLimiter] Rate limit reached, waiting 1100ms, queue: 1
[RateLimiter] Rate limit reached, waiting 1100ms, queue: 1
[RateLimiter] Rate limit reached, waiting 1100ms, queue: 1
[RateLimiter] Rate limit reached, waiting 1100ms, queue: 1
[RateLimiter] Rate limit reached, waiting 1100ms, queue: 1
[RateLimiter] Rate limit reached, waiting 1100ms, queue: 1
[RateLimiter] Rate limit reached, waiting 1100ms, queue: 1
[RateLimiter] Rate limit reached, waiting 1100ms, queue: 1
[RateLimiter] Rate limit reached, waiting 1100ms, queue: 1
[RateLimiter] Rate limit reached, waiting 1100ms, queue: 1
[RateLimiter] Rate limit reached, waiting 1100ms, queue: 1
[RateLimiter] Rate limit reached, waiting 1100ms, queue: 1
[RateLimiter] Rate limit reached, waiting 1100ms, queue: 1
[RateLimiter] Rate limit reached, waiting 1100ms, queue: 1
[RateLimiter] Rate limit reached, waiting 1100ms, queue: 1
[RateLimiter] Rate limit reached, waiting 1100ms, queue: 1
[RateLimiter] Rate limit reached, waiting 1100ms, queue: 1
[RateLimiter] Rate limit reached, waiting 1100ms, queue: 1
[RateLimiter] Rate limit reached, waiting 1100ms, queue: 1
[RateLimiter] Rate limit reached, waiting 1100ms, queue: 1
[RateLimiter] Rate limit reached, waiting 1100ms, queue: 1
[RateLimiter] Rate limit reached, waiting 1100ms, queue: 1
[RateLimiter] Rate limit reached, waiting 1100ms, queue: 1
[RateLimiter] Rate limit reached, waiting 1100ms, queue: 1
[RateLimiter] Rate limit reached, waiting 1100ms, queue: 1
[RateLimiter] Rate limit reached, waiting 1100ms, queue: 1
[RateLimiter] Rate limit reached, waiting 1100ms, queue: 1
[RateLimiter] Rate limit reached, waiting 1100ms, queue: 1
[RateLimiter] Rate limit reached, waiting 1100ms, queue: 1
[RateLimiter] Rate limit reached, waiting 1100ms, queue: 1
[RateLimiter] Rate limit reached, waiting 1100ms, queue: 1
[RateLimiter] Rate limit reached, waiting 1100ms, queue: 1
[RateLimiter] Rate limit reached, waiting 1100ms, queue: 1
[RateLimiter] Rate limit reached, waiting 1100ms, queue: 1
[RateLimiter] Rate limit reached, waiting 1100ms, queue: 1
[RateLimiter] Rate limit reached, waiting 1100ms, queue: 1
[RateLimiter] Rate limit reached, waiting 1100ms, queue: 1
[RateLimiter] Rate limit reached, waiting 1100ms, queue: 1
[RateLimiter] Rate limit reached, waiting 1100ms, queue: 1
[RateLimiter] Rate limit reached, waiting 1100ms, queue: 1
[RateLimiter] Rate limit reached, waiting 1100ms, queue: 1
[RateLimiter] Rate limit reached, waiting 1100ms, queue: 1
[RateLimiter] Rate limit reached, waiting 1100ms, queue: 1
[RateLimiter] Rate limit reached, waiting 1100ms, queue: 1
[RateLimiter] Rate limit reached, waiting 1100ms, queue: 1
[RateLimiter] Rate limit reached, waiting 1100ms, queue: 1
[RateLimiter] Rate limit reached, waiting 1100ms, queue: 1
[RateLimiter] Rate limit reached, waiting 1100ms, queue: 1
[RateLimiter] Rate limit reached, waiting 1100ms, queue: 1
[RateLimiter] Rate limit reached, waiting 1100ms, queue: 1
[RateLimiter] Rate limit reached, waiting 1100ms, queue: 1
[RateLimiter] Rate limit reached, waiting 1100ms, queue: 1
[RateLimiter] Rate limit reached, waiting 1100ms, queue: 1
[RateLimiter] Rate limit reached, waiting 1100ms, queue: 1
[RateLimiter] Rate limit reached, waiting 1100ms, queue: 1
[RateLimiter] Rate limit reached, waiting 1100ms, queue: 1
[RateLimiter] Rate limit reached, waiting 1100ms, queue: 1
[RateLimiter] Rate limit reached, waiting 1100ms, queue: 1
[RateLimiter] Rate limit reached, waiting 1100ms, queue: 1
[RateLimiter] Rate limit reached, waiting 1100ms, queue: 1
[RateLimiter] Rate limit reached, waiting 1100ms, queue: 1
[RateLimiter] Rate limit reached, waiting 1100ms, queue: 1
[RateLimiter] Rate limit reached, waiting 1100ms, queue: 1
[RateLimiter] Rate limit reached, waiting 1100ms, queue: 1
[RateLimiter] Rate limit reached, waiting 1100ms, queue: 1
[RateLimiter] Rate limit reached, waiting 1100ms, queue: 1
[RateLimiter] Rate limit reached, waiting 1100ms, queue: 1
[RateLimiter] Rate limit reached, waiting 1100ms, queue: 1
[RateLimiter] Rate limit reached, waiting 1100ms, queue: 1
[RateLimiter] Rate limit reached, waiting 1100ms, queue: 1
[RateLimiter] Rate limit reached, waiting 1100ms, queue: 1
[RateLimiter] Rate limit reached, waiting 1100ms, queue: 1
[RateLimiter] Rate limit reached, waiting 1100ms, queue: 1
[RateLimiter] Rate limit reached, waiting 1100ms, queue: 1
[RateLimiter] Rate limit reached, waiting 1100ms, queue: 1
[RateLimiter] Rate limit reached, waiting 1100ms, queue: 1
[RateLimiter] Rate limit reached, waiting 1100ms, queue: 1
[RateLimiter] Rate limit reached, waiting 1100ms, queue: 1
[RateLimiter] Rate limit reached, waiting 1100ms, queue: 1
[RateLimiter] Rate limit reached, waiting 1100ms, queue: 1
[RateLimiter] Rate limit reached, waiting 1100ms, queue: 1
[RateLimiter] Rate limit reached, waiting 1100ms, queue: 1
[RateLimiter] Rate limit reached, waiting 1100ms, queue: 1
[RateLimiter] Rate limit reached, waiting 1100ms, queue: 1
[RateLimiter] Rate limit reached, waiting 1100ms, queue: 1
[RateLimiter] Rate limit reached, waiting 1100ms, queue: 1
[RateLimiter] Rate limit reached, waiting 1100ms, queue: 1
[RateLimiter] Rate limit reached, waiting 1100ms, queue: 1
[RateLimiter] Rate limit reached, waiting 1100ms, queue: 1
[RateLimiter] Rate limit reached, waiting 1100ms, queue: 1
[RateLimiter] Rate limit reached, waiting 1100ms, queue: 1
[RateLimiter] Rate limit reached, waiting 1100ms, queue: 1
[RateLimiter] Rate limit reached, waiting 1100ms, queue: 1
[RateLimiter] Rate limit reached, waiting 1100ms, queue: 1
[RateLimiter] Rate limit reached, waiting 1100ms, queue: 1
[RateLimiter] Rate limit reached, waiting 1100ms, queue: 1
[RateLimiter] Rate limit reached, waiting 1100ms, queue: 1
[RateLimiter] Rate limit reached, waiting 1100ms, queue: 1
[RateLimiter] Rate limit reached, waiting 1100ms, queue: 1
[RateLimiter] Rate limit reached, waiting 1100ms, queue: 1
[RateLimiter] Rate limit reached, waiting 1100ms, queue: 1
[RateLimiter] Rate limit reached, waiting 1100ms, queue: 1
[RateLimiter] Rate limit reached, waiting 1100ms, queue: 1
[RateLimiter] Rate limit reached, waiting 1100ms, queue: 1
[RateLimiter] Rate limit reached, waiting 1100ms, queue: 1
[RateLimiter] Rate limit reached, waiting 1100ms, queue: 1
[RateLimiter] Rate limit reached, waiting 1100ms, queue: 1
[RateLimiter] Rate limit reached, waiting 1100ms, queue: 1
[RateLimiter] Rate limit reached, waiting 1100ms, queue: 1
[RateLimiter] Rate limit reached, waiting 1100ms, queue: 1
[RateLimiter] Rate limit reached, waiting 1100ms, queue: 1
[RateLimiter] Rate limit reached, waiting 1100ms, queue: 1
[RateLimiter] Rate limit reached, waiting 1100ms, queue: 1
[RateLimiter] Rate limit reached, waiting 1100ms, queue: 1
[RateLimiter] Rate limit reached, waiting 1100ms, queue: 1
[RateLimiter] Rate limit reached, waiting 1100ms, queue: 1
[RateLimiter] Rate limit reached, waiting 1100ms, queue: 1
[RateLimiter] Rate limit reached, waiting 1100ms, queue: 1
[RateLimiter] Rate limit reached, waiting 1100ms, queue: 1
[RateLimiter] Rate limit reached, waiting 1100ms, queue: 1
[RateLimiter] Rate limit reached, waiting 1100ms, queue: 1
[RateLimiter] Rate limit reached, waiting 1100ms, queue: 1
[RateLimiter] Rate limit reached, waiting 1100ms, queue: 1
[RateLimiter] Rate limit reached, waiting 1100ms, queue: 1
[RateLimiter] Rate limit reached, waiting 1100ms, queue: 1
[RateLimiter] Rate limit reached, waiting 1100ms, queue: 1
[RateLimiter] Rate limit reached, waiting 1100ms, queue: 1
[RateLimiter] Rate limit reached, waiting 1100ms, queue: 1
[RateLimiter] Rate limit reached, waiting 1100ms, queue: 1
[RateLimiter] Rate limit reached, waiting 1100ms, queue: 1
[RateLimiter] Rate limit reached, waiting 1100ms, queue: 1
[RateLimiter] Rate limit reached, waiting 1100ms, queue: 1
[RateLimiter] Rate limit reached, waiting 1100ms, queue: 1
[RateLimiter] Rate limit reached, waiting 1100ms, queue: 1
[RateLimiter] Rate limit reached, waiting 1100ms, queue: 1
[RateLimiter] Rate limit reached, waiting 1100ms, queue: 1
[RateLimiter] Rate limit reached, waiting 1100ms, queue: 1
[RateLimiter] Rate limit reached, waiting 1100ms, queue: 1
[RateLimiter] Rate limit reached, waiting 1100ms, queue: 1
[RateLimiter] Rate limit reached, waiting 1100ms, queue: 1
[RateLimiter] Rate limit reached, waiting 1100ms, queue: 1
[RateLimiter] Rate limit reached, waiting 1100ms, queue: 1
[RateLimiter] Rate limit reached, waiting 1100ms, queue: 1
[RateLimiter] Rate limit reached, waiting 1100ms, queue: 1
[RateLimiter] Rate limit reached, waiting 1100ms, queue: 1
[RateLimiter] Rate limit reached, waiting 1100ms, queue: 1
[RateLimiter] Rate limit reached, waiting 1100ms, queue: 1
[RateLimiter] Rate limit reached, waiting 1100ms, queue: 1
[RateLimiter] Rate limit reached, waiting 1100ms, queue: 1
[RateLimiter] Rate limit reached, waiting 1100ms, queue: 1
[RateLimiter] Rate limit reached, waiting 1100ms, queue: 1
[RateLimiter] Rate limit reached, waiting 1100ms, queue: 1
[RateLimiter] Rate limit reached, waiting 1100ms, queue: 1
[RateLimiter] Rate limit reached, waiting 1100ms, queue: 1
[RateLimiter] Rate limit reached, waiting 1100ms, queue: 1
[RateLimiter] Rate limit reached, waiting 1100ms, queue: 1
[RateLimiter] Rate limit reached, waiting 1100ms, queue: 1
[RateLimiter] Rate limit reached, waiting 1100ms, queue: 1
[RateLimiter] Rate limit reached, waiting 1100ms, queue: 1
[RateLimiter] Rate limit reached, waiting 1100ms, queue: 1
[RateLimiter] Rate limit reached, waiting 1100ms, queue: 1
[RateLimiter] Rate limit reached, waiting 1100ms, queue: 1
[RateLimiter] Rate limit reached, waiting 1100ms, queue: 1
[RateLimiter] Rate limit reached, waiting 1100ms, queue: 1
[RateLimiter] Rate limit reached, waiting 1100ms, queue: 1
[RateLimiter] Rate limit reached, waiting 1100ms, queue: 1
[RateLimiter] Rate limit reached, waiting 1100ms, queue: 1
[RateLimiter] Rate limit reached, waiting 1100ms, queue: 1
[RateLimiter] Rate limit reached, waiting 1100ms, queue: 1
[RateLimiter] Rate limit reached, waiting 1100ms, queue: 1
[RateLimiter] Rate limit reached, waiting 1100ms, queue: 1
[RateLimiter] Rate limit reached, waiting 1100ms, queue: 1
[RateLimiter] Rate limit reached, waiting 1100ms, queue: 1
[RateLimiter] Rate limit reached, waiting 1100ms, queue: 1
[RateLimiter] Rate limit reached, waiting 1100ms, queue: 1
[RateLimiter] Rate limit reached, waiting 1100ms, queue: 1
[RateLimiter] Rate limit reached, waiting 1100ms, queue: 1
[RateLimiter] Rate limit reached, waiting 1100ms, queue: 1
[RateLimiter] Rate limit reached, waiting 1100ms, queue: 1
[RateLimiter] Rate limit reached, waiting 1100ms, queue: 1
[RateLimiter] Rate limit reached, waiting 1100ms, queue: 1
[RateLimiter] Rate limit reached, waiting 1100ms, queue: 1
[RateLimiter] Rate limit reached, waiting 1100ms, queue: 1
[RateLimiter] Rate limit reached, waiting 1100ms, queue: 1
[RateLimiter] Rate limit reached, waiting 1100ms, queue: 1
[RateLimiter] Rate limit reached, waiting 1100ms, queue: 1
[RateLimiter] Rate limit reached, waiting 1100ms, queue: 1
[RateLimiter] Rate limit reached, waiting 1100ms, queue: 1
[RateLimiter] Rate limit reached, waiting 1100ms, queue: 1
[RateLimiter] Rate limit reached, waiting 1100ms, queue: 1
[RateLimiter] Rate limit reached, waiting 1100ms, queue: 1
[RateLimiter] Rate limit reached, waiting 1100ms, queue: 1
[RateLimiter] Rate limit reached, waiting 1100ms, queue: 1
[RateLimiter] Rate limit reached, waiting 1100ms, queue: 1
[RateLimiter] Rate limit reached, waiting 1100ms, queue: 1
[RateLimiter] Rate limit reached, waiting 1100ms, queue: 1
[RateLimiter] Rate limit reached, waiting 1100ms, queue: 1
[RateLimiter] Rate limit reached, waiting 1100ms, queue: 1
[RateLimiter] Rate limit reached, waiting 1100ms, queue: 1
[RateLimiter] Rate limit reached, waiting 1100ms, queue: 1
[RateLimiter] Rate limit reached, waiting 1100ms, queue: 1
[RateLimiter] Rate limit reached, waiting 1100ms, queue: 1
[RateLimiter] Rate limit reached, waiting 1100ms, queue: 1
[RateLimiter] Rate limit reached, waiting 1100ms, queue: 1
[RateLimiter] Rate limit reached, waiting 1100ms, queue: 1
[RateLimiter] Rate limit reached, waiting 1100ms, queue: 1
[RateLimiter] Rate limit reached, waiting 1100ms, queue: 1
[RateLimiter] Rate limit reached, waiting 1100ms, queue: 1
[RateLimiter] Rate limit reached, waiting 1100ms, queue: 1
[RateLimiter] Rate limit reached, waiting 1100ms, queue: 1
[RateLimiter] Rate limit reached, waiting 1100ms, queue: 1
[RateLimiter] Rate limit reached, waiting 1100ms, queue: 1
[RateLimiter] Rate limit reached, waiting 1100ms, queue: 1
[RateLimiter] Rate limit reached, waiting 1100ms, queue: 1
[RateLimiter] Rate limit reached, waiting 1100ms, queue: 1
[RateLimiter] Rate limit reached, waiting 1100ms, queue: 1
[RateLimiter] Rate limit reached, waiting 1100ms, queue: 1
[RateLimiter] Rate limit reached, waiting 1100ms, queue: 1
[RateLimiter] Rate limit reached, waiting 1100ms, queue: 1
[RateLimiter] Rate limit reached, waiting 1100ms, queue: 1
[RateLimiter] Rate limit reached, waiting 1100ms, queue: 1
[RateLimiter] Rate limit reached, waiting 1100ms, queue: 1
[RateLimiter] Rate limit reached, waiting 1100ms, queue: 1
[RateLimiter] Rate limit reached, waiting 1100ms, queue: 1
[RateLimiter] Rate limit reached, waiting 1100ms, queue: 1
[RateLimiter] Rate limit reached, waiting 1100ms, queue: 1
[RateLimiter] Rate limit reached, waiting 1100ms, queue: 1
[RateLimiter] Rate limit reached, waiting 1100ms, queue: 1
[RateLimiter] Rate limit reached, waiting 1100ms, queue: 1
[RateLimiter] Rate limit reached, waiting 1100ms, queue: 1
[RateLimiter] Rate limit reached, waiting 1100ms, queue: 1
[RateLimiter] Rate limit reached, waiting 1100ms, queue: 1
[RateLimiter] Rate limit reached, waiting 1100ms, queue: 1
[RateLimiter] Rate limit reached, waiting 1100ms, queue: 1
[RateLimiter] Rate limit reached, waiting 1100ms, queue: 1
[RateLimiter] Rate limit reached, waiting 1100ms, queue: 1
[RateLimiter] Rate limit reached, waiting 1100ms, queue: 1
[RateLimiter] Rate limit reached, waiting 1100ms, queue: 1
[RateLimiter] Rate limit reached, waiting 1100ms, queue: 1
[RateLimiter] Rate limit reached, waiting 1100ms, queue: 1
[RateLimiter] Rate limit reached, waiting 1100ms, queue: 1
[RateLimiter] Rate limit reached, waiting 1100ms, queue: 1
[RateLimiter] Rate limit reached, waiting 1100ms, queue: 1
[RateLimiter] Rate limit reached, waiting 1100ms, queue: 1
[RateLimiter] Rate limit reached, waiting 1100ms, queue: 1
[RateLimiter] Rate limit reached, waiting 1100ms, queue: 1
[RateLimiter] Rate limit reached, waiting 1100ms, queue: 1
[RateLimiter] Rate limit reached, waiting 1100ms, queue: 1
[RateLimiter] Rate limit reached, waiting 1100ms, queue: 1
[RateLimiter] Rate limit reached, waiting 1100ms, queue: 1
[RateLimiter] Rate limit reached, waiting 1100ms, queue: 1
[RateLimiter] Rate limit reached, waiting 1100ms, queue: 1
[RateLimiter] Rate limit reached, waiting 1100ms, queue: 1
[RateLimiter] Rate limit reached, waiting 1100ms, queue: 1
[RateLimiter] Rate limit reached, waiting 1100ms, queue: 1
[RateLimiter] Rate limit reached, waiting 1100ms, queue: 1
[RateLimiter] Rate limit reached, waiting 1100ms, queue: 1
[RateLimiter] Rate limit reached, waiting 1100ms, queue: 1
[RateLimiter] Rate limit reached, waiting 1100ms, queue: 1
[RateLimiter] Rate limit reached, waiting 1100ms, queue: 1
[RateLimiter] Rate limit reached, waiting 1100ms, queue: 1
[RateLimiter] Rate limit reached, waiting 1100ms, queue: 1
[RateLimiter] Rate limit reached, waiting 1100ms, queue: 1
[RateLimiter] Rate limit reached, waiting 1100ms, queue: 1
[RateLimiter] Rate limit reached, waiting 1100ms, queue: 1
[RateLimiter] Rate limit reached, waiting 1100ms, queue: 1
[RateLimiter] Rate limit reached, waiting 1100ms, queue: 1
[RateLimiter] Rate limit reached, waiting 1100ms, queue: 1
[RateLimiter] Rate limit reached, waiting 1100ms, queue: 1
[RateLimiter] Rate limit reached, waiting 1100ms, queue: 1
[RateLimiter] Rate limit reached, waiting 1100ms, queue: 1
[RateLimiter] Rate limit reached, waiting 1100ms, queue: 1
[RateLimiter] Rate limit reached, waiting 1100ms, queue: 1
[RateLimiter] Rate limit reached, waiting 1100ms, queue: 1
[RateLimiter] Rate limit reached, waiting 1100ms, queue: 1
[RateLimiter] Rate limit reached, waiting 1100ms, queue: 1
[RateLimiter] Rate limit reached, waiting 1100ms, queue: 1
[RateLimiter] Rate limit reached, waiting 1100ms, queue: 1
[RateLimiter] Rate limit reached, waiting 1100ms, queue: 1
[RateLimiter] Rate limit reached, waiting 1100ms, queue: 1
[RateLimiter] Rate limit reached, waiting 1100ms, queue: 1
[RateLimiter] Rate limit reached, waiting 1100ms, queue: 1
[RateLimiter] Rate limit reached, waiting 1100ms, queue: 1
[RateLimiter] Rate limit reached, waiting 1100ms, queue: 1
[RateLimiter] Rate limit reached, waiting 1100ms, queue: 1
[RateLimiter] Rate limit reached, waiting 1100ms, queue: 1
[RateLimiter] Rate limit reached, waiting 1100ms, queue: 1
[RateLimiter] Rate limit reached, waiting 1100ms, queue: 1
[RateLimiter] Rate limit reached, waiting 1100ms, queue: 1
[RateLimiter] Rate limit reached, waiting 1100ms, queue: 1
[RateLimiter] Rate limit reached, waiting 1100ms, queue: 1
[RateLimiter] Rate limit reached, waiting 1100ms, queue: 1
[RateLimiter] Rate limit reached, waiting 1100ms, queue: 1
[RateLimiter] Rate limit reached, waiting 1100ms, queue: 1
[RateLimiter] Rate limit reached, waiting 1100ms, queue: 1
[RateLimiter] Rate limit reached, waiting 1100ms, queue: 1
[RateLimiter] Rate limit reached, waiting 1100ms, queue: 1
[RateLimiter] Rate limit reached, waiting 1100ms, queue: 1
[RateLimiter] Rate limit reached, waiting 1100ms, queue: 1
[RateLimiter] Rate limit reached, waiting 1100ms, queue: 1
[RateLimiter] Rate limit reached, waiting 1100ms, queue: 1
[RateLimiter] Rate limit reached, waiting 1100ms, queue: 1
[RateLimiter] Rate limit reached, waiting 1100ms, queue: 1
[RateLimiter] Rate limit reached, waiting 1100ms, queue: 1
[RateLimiter] Rate limit reached, waiting 1100ms, queue: 1
[RateLimiter] Rate limit reached, waiting 1100ms, queue: 1
[RateLimiter] Rate limit reached, waiting 1100ms, queue: 1
[RateLimiter] Rate limit reached, waiting 1100ms, queue: 1
[RateLimiter] Rate limit reached, waiting 1100ms, queue: 1
[RateLimiter] Rate limit reached, waiting 1100ms, queue: 1
[RateLimiter] Rate limit reached, waiting 1100ms, queue: 1
[RateLimiter] Rate limit reached, waiting 1100ms, queue: 1
[RateLimiter] Rate limit reached, waiting 1100ms, queue: 1
[RateLimiter] Rate limit reached, waiting 1100ms, queue: 1
[RateLimiter] Rate limit reached, waiting 1100ms, queue: 1
[RateLimiter] Rate limit reached, waiting 1100ms, queue: 1
[RateLimiter] Rate limit reached, waiting 1100ms, queue: 1
[RateLimiter] Rate limit reached, waiting 1100ms, queue: 1
[RateLimiter] Rate limit reached, waiting 1100ms, queue: 1
[RateLimiter] Rate limit reached, waiting 1100ms, queue: 1
[RateLimiter] Rate limit reached, waiting 1100ms, queue: 1
[RateLimiter] Rate limit reached, waiting 1100ms, queue: 1
[RateLimiter] Rate limit reached, waiting 1100ms, queue: 1
[RateLimiter] Rate limit reached, waiting 1100ms, queue: 1
[RateLimiter] Rate limit reached, waiting 1100ms, queue: 1
[RateLimiter] Rate limit reached, waiting 1100ms, queue: 1
[RateLimiter] Rate limit reached, waiting 1100ms, queue: 1
[RateLimiter] Rate limit reached, waiting 1100ms, queue: 1
[RateLimiter] Rate limit reached, waiting 1100ms, queue: 1
[RateLimiter] Rate limit reached, waiting 1100ms, queue: 1
[RateLimiter] Rate limit reached, waiting 1100ms, queue: 1
[RateLimiter] Rate limit reached, waiting 1100ms, queue: 1
[RateLimiter] Rate limit reached, waiting 1100ms, queue: 1
[RateLimiter] Rate limit reached, waiting 1100ms, queue: 1
[RateLimiter] Rate limit reached, waiting 1100ms, queue: 1
[RateLimiter] Rate limit reached, waiting 1100ms, queue: 1
[RateLimiter] Rate limit reached, waiting 1100ms, queue: 1
[RateLimiter] Rate limit reached, waiting 1100ms, queue: 1
[RateLimiter] Rate limit reached, waiting 1100ms, queue: 1
[RateLimiter] Rate limit reached, waiting 1100ms, queue: 1
[RateLimiter] Rate limit reached, waiting 1100ms, queue: 1
[RateLimiter] Rate limit reached, waiting 1100ms, queue: 1
[RateLimiter] Rate limit reached, waiting 1100ms, queue: 1
[RateLimiter] Rate limit reached, waiting 1100ms, queue: 1
[RateLimiter] Rate limit reached, waiting 1100ms, queue: 1
[RateLimiter] Rate limit reached, waiting 1100ms, queue: 1
[RateLimiter] Rate limit reached, waiting 1100ms, queue: 1
[RateLimiter] Rate limit reached, waiting 1100ms, queue: 1
[RateLimiter] Rate limit reached, waiting 1100ms, queue: 1
[RateLimiter] Rate limit reached, waiting 1100ms, queue: 1
[RateLimiter] Rate limit reached, waiting 1100ms, queue: 1
[RateLimiter] Rate limit reached, waiting 1100ms, queue: 1
[RateLimiter] Rate limit reached, waiting 1100ms, queue: 1
[RateLimiter] Rate limit reached, waiting 1100ms, queue: 1
[RateLimiter] Rate limit reached, waiting 1100ms, queue: 1
[RateLimiter] Rate limit reached, waiting 1100ms, queue: 1
[RateLimiter] Rate limit reached, waiting 1100ms, queue: 1
[RateLimiter] Rate limit reached, waiting 1100ms, queue: 1
[RateLimiter] Rate limit reached, waiting 1100ms, queue: 1
[RateLimiter] Rate limit reached, waiting 1100ms, queue: 1
[RateLimiter] Rate limit reached, waiting 1100ms, queue: 1
[RateLimiter] Rate limit reached, waiting 1100ms, queue: 1
[RateLimiter] Rate limit reached, waiting 1100ms, queue: 1
[RateLimiter] Rate limit reached, waiting 1100ms, queue: 1
[RateLimiter] Rate limit reached, waiting 1100ms, queue: 1
[RateLimiter] Rate limit reached, waiting 1100ms, queue: 1
[RateLimiter] Rate limit reached, waiting 1100ms, queue: 1
[RateLimiter] Rate limit reached, waiting 1100ms, queue: 1
[RateLimiter] Rate limit reached, waiting 1100ms, queue: 1
[RateLimiter] Rate limit reached, waiting 1100ms, queue: 1
[RateLimiter] Rate limit reached, waiting 1100ms, queue: 1
[RateLimiter] Rate limit reached, waiting 1100ms, queue: 1
[RateLimiter] Rate limit reached, waiting 1100ms, queue: 1
[RateLimiter] Rate limit reached, waiting 1100ms, queue: 1
[RateLimiter] Rate limit reached, waiting 1100ms, queue: 1
[RateLimiter] Rate limit reached, waiting 1100ms, queue: 1
[RateLimiter] Rate limit reached, waiting 1100ms, queue: 1
[RateLimiter] Rate limit reached, waiting 1100ms, queue: 1
[RateLimiter] Rate limit reached, waiting 1100ms, queue: 1
[RateLimiter] Rate limit reached, waiting 1100ms, queue: 1
[RateLimiter] Rate limit reached, waiting 1100ms, queue: 1
[RateLimiter] Rate limit reached, waiting 1100ms, queue: 1
[RateLimiter] Rate limit reached, waiting 1100ms, queue: 1
[RateLimiter] Rate limit reached, waiting 1100ms, queue: 1
[RateLimiter] Rate limit reached, waiting 1100ms, queue: 1
[RateLimiter] Rate limit reached, waiting 1100ms, queue: 1
[RateLimiter] Rate limit reached, waiting 1100ms, queue: 1
[RateLimiter] Rate limit reached, waiting 1100ms, queue: 1
[RateLimiter] Rate limit reached, waiting 1100ms, queue: 1
[RateLimiter] Rate limit reached, waiting 1100ms, queue: 1
[RateLimiter] Rate limit reached, waiting 1100ms, queue: 1
[RateLimiter] Rate limit reached, waiting 1100ms, queue: 1
[RateLimiter] Rate limit reached, waiting 1100ms, queue: 1
[90mstdout[2m | tests/api/core/rate-limiter.test.js[2m > [22m[2mRateLimiter[2m > [22m[2macquire[2m > [22m[2mshould queue when at limit
[22m[39m[RateLimiter] Request queued, current queue: 0

[RateLimiter] Rate limit reached, waiting 1100ms, queue: 1
[RateLimiter] Rate limit reached, waiting 1100ms, queue: 1
[RateLimiter] Rate limit reached, waiting 1100ms, queue: 1
[RateLimiter] Rate limit reached, waiting 1100ms, queue: 1
[RateLimiter] Rate limit reached, waiting 1100ms, queue: 1
[RateLimiter] Rate limit reached, waiting 1100ms, queue: 1
[RateLimiter] Rate limit reached, waiting 1100ms, queue: 1
[RateLimiter] Rate limit reached, waiting 1100ms, queue: 1
[RateLimiter] Rate limit reached, waiting 1100ms, queue: 1
[RateLimiter] Rate limit reached, waiting 1100ms, queue: 1
[RateLimiter] Rate limit reached, waiting 1100ms, queue: 1
[RateLimiter] Rate limit reached, waiting 1100ms, queue: 1
[RateLimiter] Rate limit reached, waiting 1100ms, queue: 1
[RateLimiter] Rate limit reached, waiting 1100ms, queue: 1
[RateLimiter] Rate limit reached, waiting 1100ms, queue: 1
[RateLimiter] Rate limit reached, waiting 1100ms, queue: 1
[RateLimiter] Rate limit reached, waiting 1100ms, queue: 1
[RateLimiter] Rate limit reached, waiting 1100ms, queue: 1
[RateLimiter] Rate limit reached, waiting 1100ms, queue: 1
[RateLimiter] Rate limit reached, waiting 1100ms, queue: 1
[RateLimiter] Rate limit reached, waiting 1100ms, queue: 1
[RateLimiter] Rate limit reached, waiting 1100ms, queue: 1
[RateLimiter] Rate limit reached, waiting 1100ms, queue: 1
[RateLimiter] Rate limit reached, waiting 1100ms, queue: 1
[RateLimiter] Rate limit reached, waiting 1100ms, queue: 1
[RateLimiter] Rate limit reached, waiting 1100ms, queue: 1
[RateLimiter] Rate limit reached, waiting 1100ms, queue: 1
[RateLimiter] Rate limit reached, waiting 1100ms, queue: 1
[RateLimiter] Rate limit reached, waiting 1100ms, queue: 1
[RateLimiter] Rate limit reached, waiting 1100ms, queue: 1
[RateLimiter] Rate limit reached, waiting 1100ms, queue: 1
[RateLimiter] Rate limit reached, waiting 1100ms, queue: 1
[RateLimiter] Rate limit reached, waiting 1100ms, queue: 1
[RateLimiter] Rate limit reached, waiting 1100ms, queue: 1
[RateLimiter] Rate limit reached, waiting 1100ms, queue: 1
[RateLimiter] Rate limit reached, waiting 1100ms, queue: 1
[RateLimiter] Rate limit reached, waiting 1100ms, queue: 1
[RateLimiter] Rate limit reached, waiting 1100ms, queue: 1
[RateLimiter] Rate limit reached, waiting 1100ms, queue: 1
[RateLimiter] Rate limit reached, waiting 1100ms, queue: 1
[RateLimiter] Rate limit reached, waiting 1100ms, queue: 1
[RateLimiter] Rate limit reached, waiting 1100ms, queue: 1
[RateLimiter] Rate limit reached, waiting 1100ms, queue: 1
[RateLimiter] Rate limit reached, waiting 1100ms, queue: 1
[RateLimiter] Rate limit reached, waiting 1100ms, queue: 1
[RateLimiter] Rate limit reached, waiting 1100ms, queue: 1
[RateLimiter] Rate limit reached, waiting 1100ms, queue: 1
[RateLimiter] Rate limit reached, waiting 1100ms, queue: 1

[90mstdout[2m | tests/api/core/rate-limiter.test.js[2m > [22m[2mRateLimiter[2m > [22m[2mgetStats[2m > [22m[2mshould return current stats
[22m[39m[RateLimiter] Request queued, current queue: 0
[RateLimiter] Request processed, 0 remaining in queue

 [31mΓ¥»[39m tests/background/handlers/cache.test.js [2m([22m[2m4 tests[22m[2m | [22m[31m4 failed[39m[2m)[22m[32m 51[2mms[22m[39m
[31m     [31m├ù[31m should return cached data successfully[39m[32m 48[2mms[22m[39m
[31m     [31m├ù[31m should handle no apiKey[39m[32m 1[2mms[22m[39m
[31m     [31m├ù[31m should handle no storage[39m[32m 0[2mms[22m[39m
[31m     [31m├ù[31m should handle error[39m[32m 0[2mms[22m[39m
 [31mΓ¥»[39m tests/background/handlers/comments-storage.test.js [2m([22m[2m2 tests[22m[2m | [22m[31m2 failed[39m[2m)[22m[32m 52[2mms[22m[39m
[31m     [31m├ù[31m should initialize services if apiKey exists[39m[32m 49[2mms[22m[39m
[31m     [31m├ù[31m should not initialize if no apiKey[39m[32m 1[2mms[22m[39m
 [31mΓ¥»[39m tests/background/handlers/comments.test.js [2m([22m[2m3 tests[22m[2m | [22m[31m3 failed[39m[2m)[22m[32m 53[2mms[22m[39m
[31m     [31m├ù[31m should analyze comments successfully[39m[32m 50[2mms[22m[39m
[31m     [31m├ù[31m should handle no apiKey[39m[32m 1[2mms[22m[39m
[31m     [31m├ù[31m should handle error[39m[32m 0[2mms[22m[39m
[90mstdout[2m | tests/api/core/rate-limiter.test.js[2m > [22m[2mRateLimiter[2m > [22m[2mgetStats[2m > [22m[2mshould filter old timestamps
[22m[39m[RateLimiter] Request queued, current queue: 0
[RateLimiter] Request processed, 0 remaining in queue

 [31mΓ¥»[39m tests/api/core/rate-limiter.test.js [2m([22m[2m6 tests[22m[2m | [22m[31m2 failed[39m[2m)[22m[32m 65[2mms[22m[39m
       [32mΓ£ô[39m should set default config[32m 3[2mms[22m[39m
       [32mΓ£ô[39m should set custom config[32m 1[2mms[22m[39m
[31m       [31m├ù[31m should resolve immediately when under limit[39m[32m 11[2mms[22m[39m
[31m       [31m├ù[31m should queue when at limit[39m[32m 48[2mms[22m[39m
       [32mΓ£ô[39m should return current stats[32m 1[2mms[22m[39m
       [32mΓ£ô[39m should filter old timestamps[32m 0[2mms[22m[39m
 [31mΓ¥»[39m tests/background/handlers/chat.test.js [2m([22m[2m3 tests[22m[2m | [22m[31m3 failed[39m[2m)[22m[32m 50[2mms[22m[39m
[31m     [31m├ù[31m should chat with video successfully[39m[32m 46[2mms[22m[39m
[31m     [31m├ù[31m should handle no apiKey[39m[32m 1[2mms[22m[39m
[31m     [31m├ù[31m should handle error[39m[32m 1[2mms[22m[39m
 [31mΓ¥»[39m tests/background/handlers/summary.test.js [2m([22m[2m3 tests[22m[2m | [22m[31m3 failed[39m[2m)[22m[32m 53[2mms[22m[39m
[31m     [31m├ù[31m should generate summary successfully[39m[32m 50[2mms[22m[39m
[31m     [31m├ù[31m should handle string transcript[39m[32m 1[2mms[22m[39m
[31m     [31m├ù[31m should handle no apiKey[39m[32m 1[2mms[22m[39m
 [31mΓ¥»[39m tests/background/handlers/video-info.test.js [2m([22m[2m3 tests[22m[2m | [22m[31m3 failed[39m[2m)[22m[32m 15[2mms[22m[39m
[31m     [31m├ù[31m should get video info successfully[39m[32m 7[2mms[22m[39m
[31m     [31m├ù[31m should handle fetch failure[39m[32m 5[2mms[22m[39m
[31m     [31m├ù[31m should handle error[39m[32m 1[2mms[22m[39m
 [31mΓ¥»[39m tests/lib/marked-loader.test.js [2m([22m[2m14 tests[22m[2m | [22m[31m3 failed[39m[2m)[22m[32m 13[2mms[22m[39m
     [32mΓ£ô[39m should return empty string for falsy input[32m 1[2mms[22m[39m
     [32mΓ£ô[39m should parse headers[32m 1[2mms[22m[39m
     [32mΓ£ô[39m should parse bold text[32m 0[2mms[22m[39m
     [32mΓ£ô[39m should parse italic text[32m 0[2mms[22m[39m
     [32mΓ£ô[39m should parse inline code[32m 0[2mms[22m[39m
[31m     [31m├ù[31m should parse code blocks[39m[32m 6[2mms[22m[39m
     [32mΓ£ô[39m should parse links[32m 0[2mms[22m[39m
     [32mΓ£ô[39m should parse timestamps[32m 0[2mms[22m[39m
     [32mΓ£ô[39m should parse unordered lists[32m 0[2mms[22m[39m
[31m     [31m├ù[31m should parse ordered lists[39m[32m 2[2mms[22m[39m
     [32mΓ£ô[39m should handle paragraphs and line breaks[32m 0[2mms[22m[39m
     [32mΓ£ô[39m should wrap plain text in paragraph[32m 0[2mms[22m[39m
[31m     [31m├ù[31m should handle complex markdown[39m[32m 1[2mms[22m[39m
     [32mΓ£ô[39m should return an object with parse function[32m 0[2mms[22m[39m
 [31mΓ¥»[39m tests/api/genius-lyrics.test.js [2m([22m[2m13 tests[22m[2m | [22m[31m1 failed[39m[2m)[22m[32m 21[2mms[22m[39m
       [32mΓ£ô[39m should return lyrics on success[32m 4[2mms[22m[39m
       [32mΓ£ô[39m should return null on search failure[32m 1[2mms[22m[39m
       [32mΓ£ô[39m should return null on fetch failure[32m 1[2mms[22m[39m
       [32mΓ£ô[39m should handle errors[32m 1[2mms[22m[39m
       [32mΓ£ô[39m should return hit on success[32m 1[2mms[22m[39m
       [32mΓ£ô[39m should return null on no sections[32m 1[2mms[22m[39m
       [32mΓ£ô[39m should return null on no hits[32m 0[2mms[22m[39m
       [32mΓ£ô[39m should extract lyrics from HTML[32m 1[2mms[22m[39m
       [32mΓ£ô[39m should return null on no HTML[32m 1[2mms[22m[39m
       [32mΓ£ô[39m should return null on no lyrics match[32m 0[2mms[22m[39m
[31m       [31m├ù[31m should clean title[39m[32m 7[2mms[22m[39m
       [32mΓ£ô[39m should decode entities[32m 0[2mms[22m[39m
       [32mΓ£ô[39m should be an instance of GeniusLyricsAPI[32m 0[2mms[22m[39m
 [31mΓ¥»[39m tests/options/modules/auto-save.test.js [2m([22m[2m5 tests[22m[2m | [22m[31m5 failed[39m[2m)[22m[32m 15[2mms[22m[39m
[31m     [31m├ù[31m should save successfully[39m[32m 9[2mms[22m[39m
[31m     [31m├ù[31m should handle save error[39m[32m 1[2mms[22m[39m
[31m     [31m├ù[31m should trigger callback[39m[32m 1[2mms[22m[39m
[31m     [31m├ù[31m should attach to input[39m[32m 1[2mms[22m[39m
[31m     [31m├ù[31m should attach to all[39m[32m 1[2mms[22m[39m
 [31mΓ¥»[39m tests/background/security/validator.test.js [2m([22m[2m14 tests[22m[2m | [22m[31m7 failed[39m[2m)[22m[32m 20[2mms[22m[39m
     [32mΓ£ô[39m should validate allowed action[32m 2[2mms[22m[39m
     [32mΓ£ô[39m should invalidate unknown action[32m 0[2mms[22m[39m
     [32mΓ£ô[39m should handle type instead of action[32m 0[2mms[22m[39m
     [32mΓ£ô[39m should sanitize valid videoId[32m 1[2mms[22m[39m
     [32mΓ£ô[39m should sanitize long videoId[32m 0[2mms[22m[39m
     [32mΓ£ô[39m should return null for invalid[32m 0[2mms[22m[39m
     [32mΓ£ô[39m should return null for non-string[32m 0[2mms[22m[39m
[31m     [31m├ù[31m should sanitize string[39m[32m 6[2mms[22m[39m
[31m     [31m├ù[31m should return empty for non-string[39m[32m 1[2mms[22m[39m
[31m     [31m├ù[31m should validate valid transcript[39m[32m 2[2mms[22m[39m
[31m     [31m├ù[31m should invalidate non-array[39m[32m 1[2mms[22m[39m
[31m     [31m├ù[31m should invalidate too large[39m[32m 0[2mms[22m[39m
[31m     [31m├ù[31m should invalidate invalid structure[39m[32m 0[2mms[22m[39m
[31m     [31m├ù[31m should sanitize request fields[39m[32m 2[2mms[22m[39m
 [31mΓ¥»[39m tests/onboarding/onboarding.test.js [2m([22m[2m16 tests[22m[2m | [22m[31m16 failed[39m[2m)[22m[32m 29[2mms[22m[39m
[31m       [31m├ù[31m should initialize with default values[39m[32m 14[2mms[22m[39m
[31m       [31m├ù[31m should return default settings[39m[32m 1[2mms[22m[39m
[31m       [31m├ù[31m should load settings successfully[39m[32m 1[2mms[22m[39m
[31m       [31m├ù[31m should use defaults on error[39m[32m 1[2mms[22m[39m
[31m       [31m├ù[31m should save nested settings[39m[32m 1[2mms[22m[39m
[31m       [31m├ù[31m should handle save errors[39m[32m 1[2mms[22m[39m
[31m       [31m├ù[31m should toggle input type[39m[32m 1[2mms[22m[39m
[31m       [31m├ù[31m should reset status message[39m[32m 1[2mms[22m[39m
[31m       [31m├ù[31m should show error for empty key[39m[32m 1[2mms[22m[39m
[31m       [31m├ù[31m should handle successful API test[39m[32m 1[2mms[22m[39m
[31m       [31m├ù[31m should handle API test failure[39m[32m 1[2mms[22m[39m
[31m       [31m├ù[31m should handle network failure[39m[32m 0[2mms[22m[39m
[31m       [31m├ù[31m should navigate steps[39m[32m 0[2mms[22m[39m
[31m       [31m├ù[31m should not go beyond bounds[39m[32m 0[2mms[22m[39m
[31m       [31m├ù[31m should save completion and close window[39m[32m 1[2mms[22m[39m
[31m       [31m├ù[31m should handle errors[39m[32m 0[2mms[22m[39m
 [31mΓ¥»[39m tests/background/handlers/segments.test.js [2m([22m[2m3 tests[22m[2m | [22m[31m3 failed[39m[2m)[22m[32m 58[2mms[22m[39m
[31m     [31m├ù[31m should classify segments successfully[39m[32m 55[2mms[22m[39m
[31m     [31m├ù[31m should use apiKey from settings[39m[32m 1[2mms[22m[39m
[31m     [31m├ù[31m should handle no apiKey[39m[32m 1[2mms[22m[39m
 [31mΓ¥»[39m tests/background/handlers/chat-history.test.js [2m([22m[2m3 tests[22m[2m | [22m[31m3 failed[39m[2m)[22m[32m 48[2mms[22m[39m
[31m     [31m├ù[31m should save chat message successfully[39m[32m 45[2mms[22m[39m
[31m     [31m├ù[31m should handle no apiKey[39m[32m 1[2mms[22m[39m
[31m     [31m├ù[31m should handle no storage[39m[32m 0[2mms[22m[39m
 [31mΓ¥»[39m tests/background/handlers/fetch-transcript.test.js [2m([22m[2m3 tests[22m[2m | [22m[31m3 failed[39m[2m)[22m[32m 9[2mms[22m[39m
[31m       [31m├ù[31m should fetch transcript successfully with json3[39m[32m 5[2mms[22m[39m
[31m       [31m├ù[31m should fallback to srv3 if json3 fails[39m[32m 1[2mms[22m[39m
[31m       [31m├ù[31m should return error if all methods fail[39m[32m 0[2mms[22m[39m
 [31mΓ¥»[39m tests/utils/config.test.js [2m([22m[2m19 tests[22m[2m | [22m[31m9 failed[39m[2m)[22m[32m 23[2mms[22m[39m
       [32mΓ£ô[39m should initialize with default config[32m 6[2mms[22m[39m
[31m       [31m├ù[31m should load saved config and merge with defaults[39m[32m 6[2mms[22m[39m
[31m       [31m├ù[31m should use defaults when no saved config[39m[32m 2[2mms[22m[39m
[31m       [31m├ù[31m should save config with updated timestamp[39m[32m 1[2mms[22m[39m
       [32mΓ£ô[39m should return full config when no path[32m 0[2mms[22m[39m
       [32mΓ£ô[39m should return nested value by path[32m 0[2mms[22m[39m
       [32mΓ£ô[39m should return undefined for invalid path[32m 0[2mms[22m[39m
       [32mΓ£ô[39m should set nested value[32m 0[2mms[22m[39m
       [32mΓ£ô[39m should create nested objects[32m 0[2mms[22m[39m
[31m       [31m├ù[31m should set and save[39m[32m 0[2mms[22m[39m
[31m       [31m├ù[31m should reset to defaults and save[39m[32m 0[2mms[22m[39m
       [32mΓ£ô[39m should manage subscribers[32m 2[2mms[22m[39m
       [32mΓ£ô[39m should merge objects deeply[32m 0[2mms[22m[39m
[31m       [31m├ù[31m should handle arrays[39m[32m 0[2mms[22m[39m
[31m       [31m├ù[31m should export config as JSON[39m[32m 0[2mms[22m[39m
[31m       [31m├ù[31m should import valid JSON and save[39m[32m 0[2mms[22m[39m
[31m       [31m├ù[31m should return 0 for invalid JSON[39m[32m 0[2mms[22m[39m
     [32mΓ£ô[39m should return singleton instance[32m 0[2mms[22m[39m
     [32mΓ£ô[39m should have all required sections[32m 0[2mms[22m[39m
 [31mΓ¥»[39m tests/background/handlers/video-data.test.js [2m([22m[2m7 tests[22m[2m | [22m[31m7 failed[39m[2m)[22m[32m 68[2mms[22m[39m
[31m     [31m├ù[31m should save history[39m[32m 11[2mms[22m[39m
[31m     [31m├ù[31m should return cached data[39m[32m 53[2mms[22m[39m
[31m     [31m├ù[31m should fetch metadata[39m[32m 1[2mms[22m[39m
[31m     [31m├ù[31m should fetch transcript[39m[32m 0[2mms[22m[39m
[31m     [31m├ù[31m should fetch comments[39m[32m 0[2mms[22m[39m
[31m     [31m├ù[31m should handle invalid dataType[39m[32m 0[2mms[22m[39m
[31m     [31m├ù[31m should handle fetch failure[39m[32m 0[2mms[22m[39m
 [31mΓ¥»[39m tests/options/modules/section-loader.test.js [2m([22m[2m5 tests[22m[2m | [22m[31m5 failed[39m[2m)[22m[32m 15[2mms[22m[39m
[31m     [31m├ù[31m should load section successfully[39m[32m 10[2mms[22m[39m
[31m     [31m├ù[31m should return true if already loaded[39m[32m 1[2mms[22m[39m
[31m     [31m├ù[31m should return false for invalid section[39m[32m 1[2mms[22m[39m
[31m     [31m├ù[31m should handle load error[39m[32m 1[2mms[22m[39m
[31m     [31m├ù[31m should load all sections[39m[32m 1[2mms[22m[39m
 [31mΓ¥»[39m tests/options/modules/settings-manager.test.js [2m([22m[2m10 tests[22m[2m | [22m[31m10 failed[39m[2m)[22m[32m 11[2mms[22m[39m
[31m     [31m├ù[31m should load settings[39m[32m 6[2mms[22m[39m
[31m     [31m├ù[31m should load defaults if no config[39m[32m 1[2mms[22m[39m
[31m     [31m├ù[31m should save settings[39m[32m 0[2mms[22m[39m
[31m     [31m├ù[31m should get value by path[39m[32m 0[2mms[22m[39m
[31m     [31m├ù[31m should set value by path[39m[32m 0[2mms[22m[39m
[31m     [31m├ù[31m should update and save[39m[32m 0[2mms[22m[39m
[31m     [31m├ù[31m should reset to defaults[39m[32m 0[2mms[22m[39m
[31m     [31m├ù[31m should subscribe and notify[39m[32m 0[2mms[22m[39m
[31m     [31m├ù[31m should export settings[39m[32m 0[2mms[22m[39m
[31m     [31m├ù[31m should import settings[39m[32m 0[2mms[22m[39m
 [31mΓ¥»[39m tests/background/handlers/history.test.js [2m([22m[2m4 tests[22m[2m | [22m[31m4 failed[39m[2m)[22m[32m 14[2mms[22m[39m
[31m     [31m├ù[31m should save to history successfully[39m[32m 10[2mms[22m[39m
[31m     [31m├ù[31m should handle existing history[39m[32m 1[2mms[22m[39m
[31m     [31m├ù[31m should limit history to 100[39m[32m 1[2mms[22m[39m
[31m     [31m├ù[31m should handle error[39m[32m 1[2mms[22m[39m
 [31mΓ¥»[39m tests/api/gemini-client.test.js [2m([22m[2m7 tests[22m[2m | [22m[31m4 failed[39m[2m)[22m[32m 14[2mms[22m[39m
       [32mΓ£ô[39m should initialize with default config[32m 3[2mms[22m[39m
       [32mΓ£ô[39m should initialize with custom config[32m 1[2mms[22m[39m
[31m       [31m├ù[31m should generate content successfully[39m[32m 5[2mms[22m[39m
[31m       [31m├ù[31m should handle array prompt[39m[32m 1[2mms[22m[39m
[31m       [31m├ù[31m should throw error on no content[39m[32m 1[2mms[22m[39m
[31m       [31m├ù[31m should handle network failure[39m[32m 1[2mms[22m[39m
       [32mΓ£ô[39m should return rate limiter stats[32m 1[2mms[22m[39m
 [31mΓ¥»[39m tests/options/modules/ui-manager.test.js [2m([22m[2m4 tests[22m[2m | [22m[31m4 failed[39m[2m)[22m[32m 21[2mms[22m[39m
[31m     [31m├ù[31m should load section successfully[39m[32m 15[2mms[22m[39m
[31m     [31m├ù[31m should handle load error[39m[32m 2[2mms[22m[39m
[31m     [31m├ù[31m should show toast[39m[32m 1[2mms[22m[39m
[31m     [31m├ù[31m should setup sections[39m[32m 1[2mms[22m[39m
 [31mΓ¥»[39m tests/options.test.js [2m([22m[2m3 tests[22m[2m | [22m[31m1 failed[39m[2m)[22m[32m 11[2mms[22m[39m
     [32mΓ£ô[39m should save settings after delay[32m 5[2mms[22m[39m
     [32mΓ£ô[39m should debounce multiple saves[32m 1[2mms[22m[39m
[31m     [31m├ù[31m should handle save errors[39m[32m 3[2mms[22m[39m
 [31mΓ¥»[39m tests/background/security/sender-check.test.js [2m([22m[2m9 tests[22m[2m | [22m[31m2 failed[39m[2m)[22m[32m 16[2mms[22m[39m
     [32mΓ£ô[39m should return true for valid sender[32m 2[2mms[22m[39m
     [32mΓ£ô[39m should return false for no sender[32m 0[2mms[22m[39m
     [32mΓ£ô[39m should return false for wrong id[32m 0[2mms[22m[39m
     [32mΓ£ô[39m should return false for non-youtube tab[32m 0[2mms[22m[39m
     [32mΓ£ô[39m should return true for content script sender[32m 0[2mms[22m[39m
[31m     [31m├ù[31m should return false for non-content script[39m[32m 8[2mms[22m[39m
[31m     [31m├ù[31m should return false for undefined sender[39m[32m 1[2mms[22m[39m
     [32mΓ£ô[39m should return true for extension page[32m 0[2mms[22m[39m
     [32mΓ£ô[39m should return false for non-extension page[32m 1[2mms[22m[39m
 [31mΓ¥»[39m tests/background/handlers/metadata.test.js [2m([22m[2m2 tests[22m[2m | [22m[31m1 failed[39m[2m)[22m[32m 13[2mms[22m[39m
[31m     [31m├ù[31m should return dummy metadata[39m[32m 8[2mms[22m[39m
     [32mΓ£ô[39m should handle error[32m 2[2mms[22m[39m
 [31mΓ¥»[39m tests/background/utils/api-key.test.js [2m([22m[2m3 tests[22m[2m | [22m[31m3 failed[39m[2m)[22m[32m 12[2mms[22m[39m
[31m     [31m├ù[31m should return apiKey[39m[32m 8[2mms[22m[39m
[31m     [31m├ù[31m should return null if no key[39m[32m 1[2mms[22m[39m
[31m     [31m├ù[31m should return null on error[39m[32m 1[2mms[22m[39m
Cannot parse C:/AM/GitHub/YouTube-AI-Navigator/tests/api/gemini.test.js:
Unexpected token `(`. Expected yield, an identifier, [ or {.
 [31mΓ¥»[39m tests/background/handlers/get-lyrics.test.js [2m([22m[2m2 tests[22m[2m | [22m[31m2 failed[39m[2m)[22m[32m 14[2mms[22m[39m
[31m     [31m├ù[31m should get lyrics successfully[39m[32m 11[2mms[22m[39m
[31m     [31m├ù[31m should handle error[39m[32m 1[2mms[22m[39m
 [31mΓ¥»[39m tests/services/cache/video-cache.test.js [2m([22m[2m9 tests[22m[2m | [22m[31m9 failed[39m[2m)[22m[32m 13[2mms[22m[39m
[31m       [31m├ù[31m should return data from memory cache if not expired[39m[32m 6[2mms[22m[39m
[31m       [31m├ù[31m should remove expired memory cache and check storage[39m[32m 1[2mms[22m[39m
[31m       [31m├ù[31m should return data from storage if valid[39m[32m 1[2mms[22m[39m
[31m       [31m├ù[31m should return null for expired storage data[39m[32m 1[2mms[22m[39m
[31m       [31m├ù[31m should return null for wrong version[39m[32m 0[2mms[22m[39m
[31m       [31m├ù[31m should return null when no data[39m[32m 0[2mms[22m[39m
[31m       [31m├ù[31m should store data in memory and storage[39m[32m 1[2mms[22m[39m
[31m       [31m├ù[31m should clear specific video data[39m[32m 0[2mms[22m[39m
[31m       [31m├ù[31m should clear all cache[39m[32m 1[2mms[22m[39m
Cannot parse 
C:/AM/GitHub/YouTube-AI-Navigator/tests/background/handlers/transcribe-audio.test.js:
Unexpected token `(`. Expected yield, an identifier, [ or {.
 [31mΓ¥»[39m tests/options/modules/advanced.test.js [2m([22m[2m1 test[22m[2m | [22m[31m1 failed[39m[2m)[22m[32m 10[2mms[22m[39m
[31m     [31m├ù[31m should initialize with default values[39m[32m 8[2mms[22m[39m
Cannot parse C:/AM/GitHub/YouTube-AI-Navigator/tests/background/services.test.js:
Unexpected token `(`. Expected yield, an identifier, [ or {.
Cannot parse C:/AM/GitHub/YouTube-AI-Navigator/tests/api/core/http-client.test.js:
Unexpected token `(`. Expected yield, an identifier, [ or {.
 [31mΓ¥»[39m tests/background/handlers/settings.test.js [2m([22m[2m3 tests[22m[2m | [22m[31m3 failed[39m[2m)[22m[32m 12[2mms[22m[39m
[31m     [31m├ù[31m should get settings successfully[39m[32m 8[2mms[22m[39m
[31m     [31m├ù[31m should return empty config if no config[39m[32m 1[2mms[22m[39m
[31m     [31m├ù[31m should handle error[39m[32m 1[2mms[22m[39m
Cannot parse C:/AM/GitHub/YouTube-AI-Navigator/tests/content/ui/renderers/comments.test.js:
Expected ',', got '=>'.
Cannot parse C:/AM/GitHub/YouTube-AI-Navigator/tests/content/ui/renderers/chat.test.js:
Expected ',', got '=>'.
Cannot parse C:/AM/GitHub/YouTube-AI-Navigator/tests/content/ui/renderers/summary.test.js:
Expected ',', got '=>'.
 [32mΓ£ô[39m tests/unit/flow-timeout.test.js [2m([22m[2m2 tests[22m[2m)[22m[32m 113[2mms[22m[39m
 [32mΓ£ô[39m tests/segments-ui.test.js [2m([22m[2m11 tests[22m[2m)[22m[32m 25[2mms[22m[39m
 [32mΓ£ô[39m tests/content/ui/renderers/transcript.test.js [2m([22m[2m4 tests[22m[2m)[22m[32m 82[2mms[22m[39m
 [31mΓ¥»[39m tests/api/dearrow.test.js [2m([22m[2m18 tests[22m[2m | [22m[31m3 failed[39m[2m)[22m[33m 5027[2mms[22m[39m
       [32mΓ£ô[39m should return processed branding data on success[32m 6[2mms[22m[39m
       [32mΓ£ô[39m should return null on 404[32m 1[2mms[22m[39m
       [32mΓ£ô[39m should return null on network failure[32m 1[2mms[22m[39m
[31m       [31m├ù[31m should handle timeout[39m[33m 5008[2mms[22m[39m
       [32mΓ£ô[39m should return branding data when enabled[32m 1[2mms[22m[39m
       [32mΓ£ô[39m should return null when disabled[32m 1[2mms[22m[39m
       [32mΓ£ô[39m should return the best title[32m 1[2mms[22m[39m
       [32mΓ£ô[39m should return null for empty branding[32m 0[2mms[22m[39m
       [32mΓ£ô[39m should return null for no titles[32m 1[2mms[22m[39m
       [32mΓ£ô[39m should return the best thumbnail timestamp[32m 1[2mms[22m[39m
       [32mΓ£ô[39m should return null for no thumbnails[32m 0[2mms[22m[39m
       [32mΓ£ô[39m should generate correct URL[32m 0[2mms[22m[39m
       [32mΓ£ô[39m should return blob on success[32m 1[2mms[22m[39m
       [32mΓ£ô[39m should return null on 204[32m 0[2mms[22m[39m
       [32mΓ£ô[39m should return null on failure[32m 0[2mms[22m[39m
[31m       [31m├ù[31m should return metadata with DeArrow data[39m[32m 1[2mms[22m[39m
[31m       [31m├ù[31m should return metadata without DeArrow data[39m[32m 1[2mms[22m[39m
       [32mΓ£ô[39m should export all functions[32m 0[2mms[22m[39m
 [32mΓ£ô[39m tests/import-integrity.test.js [2m([22m[2m3 tests[22m[2m)[22m[32m 171[2mms[22m[39m
 [32mΓ£ô[39m tests/video-label.test.js [2m([22m[2m5 tests[22m[2m)[22m[32m 57[2mms[22m[39m
 [32mΓ£ô[39m tests/content/ui/renderers/segments.test.js [2m([22m[2m5 tests[22m[2m)[22m[32m 195[2mms[22m[39m
 [31mΓ¥»[39m tests/content/handlers/comments.test.js [2m([22m[2m2 tests[22m[2m | [22m[31m1 failed[39m[2m)[22m[33m 5016[2mms[22m[39m
[31m     [31m├ù[31m should return comments when enabled[39m[33m 5011[2mms[22m[39m
     [32mΓ£ô[39m should return empty when disabled[32m 2[2mms[22m[39m
 [32mΓ£ô[39m tests/comprehensive-settings.test.js [2m([22m[2m21 tests[22m[2m)[22m[32m 11[2mms[22m[39m
 [32mΓ£ô[39m tests/scroll-manager.test.js [2m([22m[2m4 tests[22m[2m)[22m[32m 31[2mms[22m[39m
[90mstdout[2m | tests/api/musicbrainz.test.js[2m > [22m[2mMusicBrainzAPI[2m > [22m[2msearchArtist[2m > [22m[2mshould return artist on success
[22m[39m[MusicBrainz] Searching artist: query

[90mstdout[2m | tests/api/musicbrainz.test.js[2m > [22m[2mMusicBrainzAPI[2m > [22m[2msearchArtist[2m > [22m[2mshould return artist on success
[22m[39m[MusicBrainz] Artist search success

[90mstdout[2m | tests/api/musicbrainz.test.js[2m > [22m[2mMusicBrainzAPI[2m > [22m[2msearchArtist[2m > [22m[2mshould return null when disabled
[22m[39m[MusicBrainz] Searching artist: query

[90mstdout[2m | tests/api/musicbrainz.test.js[2m > [22m[2mMusicBrainzAPI[2m > [22m[2msearchArtist[2m > [22m[2mshould return null when disabled
[22m[39m[MusicBrainz] Disabled in config

[90mstdout[2m | tests/api/musicbrainz.test.js[2m > [22m[2mMusicBrainzAPI[2m > [22m[2msearchArtist[2m > [22m[2mshould return null on no artists
[22m[39m[MusicBrainz] Searching artist: query

[90mstdout[2m | tests/api/musicbrainz.test.js[2m > [22m[2mMusicBrainzAPI[2m > [22m[2msearchArtist[2m > [22m[2mshould return null on no artists
[22m[39m[MusicBrainz] Artist search no results

[90mstdout[2m | tests/api/musicbrainz.test.js[2m > [22m[2mMusicBrainzAPI[2m > [22m[2msearchRelease[2m > [22m[2mshould return release on success
[22m[39m[MusicBrainz] Searching release: query AND artist:artist

[90mstdout[2m | tests/api/musicbrainz.test.js[2m > [22m[2mMusicBrainzAPI[2m > [22m[2msearchRelease[2m > [22m[2mshould return release on success
[22m[39m[MusicBrainz] Release search success

[90mstdout[2m | tests/api/musicbrainz.test.js[2m > [22m[2mMusicBrainzAPI[2m > [22m[2msearchRelease[2m > [22m[2mshould search without artist
[22m[39m[MusicBrainz] Searching release: query

[90mstdout[2m | tests/api/musicbrainz.test.js[2m > [22m[2mMusicBrainzAPI[2m > [22m[2msearchRelease[2m > [22m[2mshould search without artist
[22m[39m[MusicBrainz] Release search success

[90mstdout[2m | tests/api/musicbrainz.test.js[2m > [22m[2mMusicBrainzAPI[2m > [22m[2msearchRelease[2m > [22m[2mshould return null on no releases
[22m[39m[MusicBrainz] Searching release: query

[90mstdout[2m | tests/api/musicbrainz.test.js[2m > [22m[2mMusicBrainzAPI[2m > [22m[2msearchRelease[2m > [22m[2mshould return null on no releases
[22m[39m[MusicBrainz] Release search no results

 [32mΓ£ô[39m tests/api/musicbrainz.test.js [2m([22m[2m6 tests[22m[2m)[22m[32m 16[2mms[22m[39m
 [32mΓ£ô[39m tests/content-protection.test.js [2m([22m[2m7 tests[22m[2m)[22m[32m 12[2mms[22m[39m
 [32mΓ£ô[39m tests/content/handlers/comments-config.test.js [2m([22m[2m3 tests[22m[2m)[22m[33m 2040[2mms[22m[39m
     [33m[2mΓ£ô[22m[39m should proceed if comments are enabled [33m 1022[2mms[22m[39m
     [33m[2mΓ£ô[22m[39m should default to enabled if config is missing [33m 1013[2mms[22m[39m
 [32mΓ£ô[39m tests/transcript-extractor.test.js [2m([22m[2m2 tests[22m[2m)[22m[32m 11[2mms[22m[39m
 [32mΓ£ô[39m tests/autoskip-integration.test.js [2m([22m[2m7 tests[22m[2m)[22m[32m 12[2mms[22m[39m
 [32mΓ£ô[39m tests/api/google-factcheck.test.js [2m([22m[2m5 tests[22m[2m)[22m[32m 10[2mms[22m[39m
 [32mΓ£ô[39m tests/api/tmdb.test.js [2m([22m[2m9 tests[22m[2m)[22m[32m 12[2mms[22m[39m
 [32mΓ£ô[39m tests/options/modules/widget-settings.test.js [2m([22m[2m2 tests[22m[2m)[22m[32m 13[2mms[22m[39m
 [32mΓ£ô[39m tests/api/core/api-detector.test.js [2m([22m[2m15 tests[22m[2m)[22m[32m 12[2mms[22m[39m
 [32mΓ£ô[39m tests/api-performance.test.js [2m([22m[2m14 tests[22m[2m)[22m[32m 12[2mms[22m[39m
 [32mΓ£ô[39m tests/sponsorblock-integration.test.js [2m([22m[2m9 tests[22m[2m)[22m[32m 15[2mms[22m[39m
 [32mΓ£ô[39m tests/api-detector.test.js [2m([22m[2m17 tests[22m[2m)[22m[32m 16[2mms[22m[39m
 [32mΓ£ô[39m tests/api/core/api-metrics.test.js [2m([22m[2m12 tests[22m[2m)[22m[32m 14[2mms[22m[39m
 [32mΓ£ô[39m tests/options/modules/comments-settings.test.js [2m([22m[2m3 tests[22m[2m)[22m[32m 19[2mms[22m[39m
 [32mΓ£ô[39m tests/options/modules/general.test.js [2m([22m[2m2 tests[22m[2m)[22m[32m 12[2mms[22m[39m
 [32mΓ£ô[39m tests/api/wikidata.test.js [2m([22m[2m7 tests[22m[2m)[22m[32m 13[2mms[22m[39m
 [32mΓ£ô[39m tests/api/sponsorblock.test.js [2m([22m[2m7 tests[22m[2m)[22m[32m 12[2mms[22m[39m
 [32mΓ£ô[39m tests/api/newsdata.test.js [2m([22m[2m6 tests[22m[2m)[22m[32m 11[2mms[22m[39m
 [32mΓ£ô[39m tests/api/openmeteo.test.js [2m([22m[2m6 tests[22m[2m)[22m[32m 10[2mms[22m[39m
 [32mΓ£ô[39m tests/api/models.test.js [2m([22m[2m6 tests[22m[2m)[22m[32m 12[2mms[22m[39m
[90mstdout[2m | tests/error-handler.test.js[2m > [22m[2mErrorHandler[2m > [22m[2mshould classify auth error
[22m[39m[ErrorHandler] Classifying error: undefined

[90mstdout[2m | tests/error-handler.test.js[2m > [22m[2mErrorHandler[2m > [22m[2mshould classify rate limit error
[22m[39m[ErrorHandler] Classifying error: undefined

[90mstdout[2m | tests/error-handler.test.js[2m > [22m[2mErrorHandler[2m > [22m[2mshould classify bad request
[22m[39m[ErrorHandler] Classifying error: undefined

[90mstdout[2m | tests/error-handler.test.js[2m > [22m[2mErrorHandler[2m > [22m[2mshould classify server error
[22m[39m[ErrorHandler] Classifying error: undefined

[90mstdout[2m | tests/error-handler.test.js[2m > [22m[2mErrorHandler[2m > [22m[2mshould classify timeout
[22m[39m[ErrorHandler] Classifying error: undefined

[90mstdout[2m | tests/error-handler.test.js[2m > [22m[2mErrorHandler[2m > [22m[2mshould classify network error
[22m[39m[ErrorHandler] Classifying error: Failed to fetch

[90mstdout[2m | tests/error-handler.test.js[2m > [22m[2mErrorHandler[2m > [22m[2mshould create user error
[22m[39m[ErrorHandler] Classifying error: Unauthorized
[ErrorHandler] Created user error: AUTH_ERROR, retryable: false

[90mstdout[2m | tests/error-handler.test.js[2m > [22m[2mErrorHandler[2m > [22m[2mshould handle unknown errors
[22m[39m[ErrorHandler] Classifying error: Unknown

 [32mΓ£ô[39m tests/error-handler.test.js [2m([22m[2m8 tests[22m[2m)[22m[32m 10[2mms[22m[39m
 [32mΓ£ô[39m tests/api/datamuse.test.js [2m([22m[2m4 tests[22m[2m)[22m[32m 10[2mms[22m[39m
 [32mΓ£ô[39m tests/api/openlibrary.test.js [2m([22m[2m5 tests[22m[2m)[22m[32m 11[2mms[22m[39m
 [32mΓ£ô[39m tests/segment-label-mapping.test.js [2m([22m[2m11 tests[22m[2m)[22m[32m 12[2mms[22m[39m
 [32mΓ£ô[39m tests/api/igdb.test.js [2m([22m[2m5 tests[22m[2m)[22m[32m 11[2mms[22m[39m
 [32mΓ£ô[39m tests/settings-manager.test.js [2m([22m[2m8 tests[22m[2m)[22m[32m 11[2mms[22m[39m
 [32mΓ£ô[39m tests/utils/async.test.js [2m([22m[2m2 tests[22m[2m)[22m[32m 9[2mms[22m[39m
 [32mΓ£ô[39m tests/api/semanticscholar.test.js [2m([22m[2m3 tests[22m[2m)[22m[32m 9[2mms[22m[39m
 [32mΓ£ô[39m tests/api/prompts/comments.test.js [2m([22m[2m4 tests[22m[2m)[22m[32m 8[2mms[22m[39m
 [32mΓ£ô[39m tests/skipping.test.js [2m([22m[2m3 tests[22m[2m)[22m[32m 12[2mms[22m[39m
 [32mΓ£ô[39m tests/options/modules/comments-flow.test.js [2m([22m[2m4 tests[22m[2m)[22m[32m 9[2mms[22m[39m
 [32mΓ£ô[39m tests/unit/auto-save.test.js [2m([22m[2m2 tests[22m[2m)[22m[32m 9[2mms[22m[39m
 [32mΓ£ô[39m tests/api-settings.test.js [2m([22m[2m10 tests[22m[2m)[22m[32m 7[2mms[22m[39m
[90mstdout[2m | tests/api/core/error-handler.test.js[2m > [22m[2mErrorHandler[2m > [22m[2mclassify[2m > [22m[2mshould classify 401 as AUTH_ERROR
[22m[39m[ErrorHandler] Classifying error: undefined

[90mstdout[2m | tests/api/core/error-handler.test.js[2m > [22m[2mErrorHandler[2m > [22m[2mclassify[2m > [22m[2mshould classify 403 as AUTH_ERROR
[22m[39m[ErrorHandler] Classifying error: undefined

[90mstdout[2m | tests/api/core/error-handler.test.js[2m > [22m[2mErrorHandler[2m > [22m[2mclassify[2m > [22m[2mshould classify 429 as RATE_LIMIT
[22m[39m[ErrorHandler] Classifying error: undefined

[90mstdout[2m | tests/api/core/error-handler.test.js[2m > [22m[2mErrorHandler[2m > [22m[2mclassify[2m > [22m[2mshould classify 400 as BAD_REQUEST
[22m[39m[ErrorHandler] Classifying error: undefined

[90mstdout[2m | tests/api/core/error-handler.test.js[2m > [22m[2mErrorHandler[2m > [22m[2mclassify[2m > [22m[2mshould classify 500 as SERVER_ERROR
[22m[39m[ErrorHandler] Classifying error: undefined

[90mstdout[2m | tests/api/core/error-handler.test.js[2m > [22m[2mErrorHandler[2m > [22m[2mclassify[2m > [22m[2mshould classify timeout
[22m[39m[ErrorHandler] Classifying error: undefined

[90mstdout[2m | tests/api/core/error-handler.test.js[2m > [22m[2mErrorHandler[2m > [22m[2mclassify[2m > [22m[2mshould classify network error
[22m[39m[ErrorHandler] Classifying error: Failed to fetch

[90mstdout[2m | tests/api/core/error-handler.test.js[2m > [22m[2mErrorHandler[2m > [22m[2mclassify[2m > [22m[2mshould classify unknown error
[22m[39m[ErrorHandler] Classifying error: Unknown error

[90mstdout[2m | tests/api/core/error-handler.test.js[2m > [22m[2mErrorHandler[2m > [22m[2mcreateUserError[2m > [22m[2mshould create user error with classified info
[22m[39m[ErrorHandler] Classifying error: undefined
[ErrorHandler] Created user error: RATE_LIMIT, retryable: true

 [32mΓ£ô[39m tests/api/core/error-handler.test.js [2m([22m[2m9 tests[22m[2m)[22m[32m 12[2mms[22m[39m
 [32mΓ£ô[39m tests/segments-config.test.js [2m([22m[2m2 tests[22m[2m)[22m[32m 8[2mms[22m[39m
 [32mΓ£ô[39m tests/options/modules/segments.test.js [2m([22m[2m1 test[22m[2m)[22m[32m 7[2mms[22m[39m
 [32mΓ£ô[39m tests/options/modules/prompts.test.js [2m([22m[2m2 tests[22m[2m)[22m[32m 10[2mms[22m[39m
 [32mΓ£ô[39m tests/utils/patterns/comments.test.js [2m([22m[2m7 tests[22m[2m)[22m[32m 9[2mms[22m[39m
 [32mΓ£ô[39m tests/settings-expansion.test.js [2m([22m[2m3 tests[22m[2m)[22m[32m 8[2mms[22m[39m
 [32mΓ£ô[39m tests/options/modules/cache-settings.test.js [2m([22m[2m1 test[22m[2m)[22m[32m 5[2mms[22m[39m
 [32mΓ£ô[39m tests/options/modules/notifications-settings.test.js [2m([22m[2m1 test[22m[2m)[22m[32m 5[2mms[22m[39m
 [32mΓ£ô[39m tests/context-manager.test.js [2m([22m[2m6 tests[22m[2m)[22m[32m 8[2mms[22m[39m
 [32mΓ£ô[39m tests/unit/logging.test.js [2m([22m[2m3 tests[22m[2m)[22m[32m 6[2mms[22m[39m
 [32mΓ£ô[39m tests/utils/config-defaults.test.js [2m([22m[2m4 tests[22m[2m)[22m[32m 6[2mms[22m[39m
 [32mΓ£ô[39m tests/options/modules/ai-config.test.js [2m([22m[2m1 test[22m[2m)[22m[32m 4[2mms[22m[39m
 [32mΓ£ô[39m tests/options/modules/ui-appearance.test.js [2m([22m[2m1 test[22m[2m)[22m[32m 6[2mms[22m[39m
 [32mΓ£ô[39m tests/options/modules/integrations.test.js [2m([22m[2m1 test[22m[2m)[22m[32m 4[2mms[22m[39m
 [32mΓ£ô[39m tests/options/modules/transcript-settings.test.js [2m([22m[2m1 test[22m[2m)[22m[32m 3[2mms[22m[39m
 [32mΓ£ô[39m tests/options/modules/external-apis.test.js [2m([22m[2m1 test[22m[2m)[22m[32m 3[2mms[22m[39m
 [32mΓ£ô[39m tests/content/ui/components/widget/structure.test.js [2m([22m[2m4 tests[22m[2m)[22m[32m 3[2mms[22m[39m
 [32mΓ£ô[39m tests/options/modules/metadata-settings.test.js [2m([22m[2m1 test[22m[2m)[22m[32m 3[2mms[22m[39m
 [32mΓ£ô[39m tests/options/modules/scroll-settings.test.js [2m([22m[2m1 test[22m[2m)[22m[32m 3[2mms[22m[39m
 [32mΓ£ô[39m tests/options/modules/performance.test.js [2m([22m[2m1 test[22m[2m)[22m[32m 2[2mms[22m[39m

[31mΓÄ»ΓÄ»ΓÄ»ΓÄ»ΓÄ»ΓÄ»[39m[1m[41m Failed Suites 23 [49m[22m[31mΓÄ»ΓÄ»ΓÄ»ΓÄ»ΓÄ»ΓÄ»[39m

[41m[1m FAIL [22m[49m tests/api/gemini.test.js[2m [ tests/api/gemini.test.js ][22m
[31m[1mRollupError[22m: Parse failure: Unexpected token `(`. Expected yield, an 
identifier, [ or {
At file: /tests/api/gemini.test.js:5:25[39m
  File: [36m/tests/api/gemini.test.js[39m:5:25
[33m  3  |  
  4  |  vi.mock('../../extension/api/gemini-client.js', () => ({
  5  |    GeminiClient: function(() => ({
     |                           ^
  6  |      generateContent: vi.fn(),
  7  |      getRateLimitStats: vi.fn().mockReturnValue({}),[39m
[90m [2mΓ¥»[22m getRollupError 
node_modules/rollup/dist/es/shared/parseAst.js:[2m401:41[22m[39m
[90m [2mΓ¥»[22m convertProgram 
node_modules/rollup/dist/es/shared/parseAst.js:[2m1098:26[22m[39m
[90m [2mΓ¥»[22m parseAstAsync 
node_modules/rollup/dist/es/shared/parseAst.js:[2m2084:106[22m[39m
[90m [2mΓ¥»[22m ssrTransformScript 
node_modules/vite/dist/node/chunks/config.js:[2m16031:9[22m[39m
[90m [2mΓ¥»[22m loadAndTransform 
node_modules/vite/dist/node/chunks/config.js:[2m23347:64[22m[39m

[31m[2mΓÄ»ΓÄ»ΓÄ»ΓÄ»ΓÄ»ΓÄ»ΓÄ»ΓÄ»ΓÄ»ΓÄ»ΓÄ»ΓÄ»ΓÄ»ΓÄ»ΓÄ»ΓÄ»ΓÄ»ΓÄ»ΓÄ»ΓÄ»ΓÄ»ΓÄ»[1/153]ΓÄ»[22m[3
9m

[41m[1m FAIL [22m[49m tests/background/services.test.js[2m [ 
tests/background/services.test.js ][22m
[31m[1mError[22m: Failed to resolve import "../../../extension/background/services.js" 
from "tests/background/services.test.js". Does the file exist?[39m
  Plugin: [35mvite:import-analysis[39m
  File: [36mC:/AM/GitHub/YouTube-AI-Navigator/tests/background/services.test.js[39m:29:49
[33m  27 |  }));
  28 |  
  29 |  import { initializeServices, getServices } from 
'../../../extension/background/services.js';
     |                                                   ^
  30 |  
  31 |  describe('Background Services', () => {[39m
[90m [2mΓ¥»[22m TransformPluginContext._formatLog 
node_modules/vite/dist/node/chunks/config.js:[2m29647:43[22m[39m
[90m [2mΓ¥»[22m TransformPluginContext.error 
node_modules/vite/dist/node/chunks/config.js:[2m29644:14[22m[39m
[90m [2mΓ¥»[22m normalizeUrl 
node_modules/vite/dist/node/chunks/config.js:[2m27767:18[22m[39m
[90m [2mΓ¥»[22m node_modules/vite/dist/node/chunks/config.js:[2m27825:32[22m[39m
[90m [2mΓ¥»[22m TransformPluginContext.transform 
node_modules/vite/dist/node/chunks/config.js:[2m27793:4[22m[39m
[90m [2mΓ¥»[22m EnvironmentPluginContainer.transform 
node_modules/vite/dist/node/chunks/config.js:[2m29445:14[22m[39m
[90m [2mΓ¥»[22m loadAndTransform 
node_modules/vite/dist/node/chunks/config.js:[2m23316:26[22m[39m

[31m[2mΓÄ»ΓÄ»ΓÄ»ΓÄ»ΓÄ»ΓÄ»ΓÄ»ΓÄ»ΓÄ»ΓÄ»ΓÄ»ΓÄ»ΓÄ»ΓÄ»ΓÄ»ΓÄ»ΓÄ»ΓÄ»ΓÄ»ΓÄ»ΓÄ»ΓÄ»[2/153]ΓÄ»[22m[3
9m

[41m[1m FAIL [22m[49m tests/popup/popup.test.js[2m [ tests/popup/popup.test.js ][22m
[31m[1mTypeError[22m: Cannot set properties of undefined (setting 'onclick')[39m
[36m [2mΓ¥»[22m extension/popup/popup.js:[2m57:11[22m[39m
    [90m 55| [39m  }
    [90m 56| [39m}
    [90m 57| [39mb[33m.[39monclick [33m=[39m [35masync[39m () [33m=>[39m {
    [90m   | [39m          [31m^[39m
    [90m 58| [39m  [35mtry[39m {
    [90m 59| [39m    [35mconst[39m [t] [33m=[39m [35mawait[39m [34mtq[39m({ 
active[33m:[39m [35mtrue[39m[33m,[39m currentWindow[33m:[39m [35mtrue[39m 
})[33m;[39m
[90m [2mΓ¥»[22m tests/popup/popup.test.js:[2m90:1[22m[39m

[31m[2mΓÄ»ΓÄ»ΓÄ»ΓÄ»ΓÄ»ΓÄ»ΓÄ»ΓÄ»ΓÄ»ΓÄ»ΓÄ»ΓÄ»ΓÄ»ΓÄ»ΓÄ»ΓÄ»ΓÄ»ΓÄ»ΓÄ»ΓÄ»ΓÄ»ΓÄ»[3/153]ΓÄ»[22m[3
9m

[41m[1m FAIL [22m[49m tests/api/core/http-client.test.js[2m [ 
tests/api/core/http-client.test.js ][22m
[31m[1mRollupError[22m: Parse failure: Unexpected token `(`. Expected yield, an 
identifier, [ or {
At file: /tests/api/core/http-client.test.js:90:30[39m
  File: [36m/tests/api/core/http-client.test.js[39m:90:30
[33m  88 |  
  89 |      it('should handle timeout', async () => {
  90 |        global.fetch = function(() => {
     |                                ^
  91 |          const controller = new AbortController();
  92 |          controller.abort();[39m
[90m [2mΓ¥»[22m getRollupError 
node_modules/rollup/dist/es/shared/parseAst.js:[2m401:41[22m[39m
[90m [2mΓ¥»[22m convertProgram 
node_modules/rollup/dist/es/shared/parseAst.js:[2m1098:26[22m[39m
[90m [2mΓ¥»[22m parseAstAsync 
node_modules/rollup/dist/es/shared/parseAst.js:[2m2084:106[22m[39m
[90m [2mΓ¥»[22m ssrTransformScript 
node_modules/vite/dist/node/chunks/config.js:[2m16031:9[22m[39m
[90m [2mΓ¥»[22m loadAndTransform 
node_modules/vite/dist/node/chunks/config.js:[2m23347:64[22m[39m

[31m[2mΓÄ»ΓÄ»ΓÄ»ΓÄ»ΓÄ»ΓÄ»ΓÄ»ΓÄ»ΓÄ»ΓÄ»ΓÄ»ΓÄ»ΓÄ»ΓÄ»ΓÄ»ΓÄ»ΓÄ»ΓÄ»ΓÄ»ΓÄ»ΓÄ»ΓÄ»[4/153]ΓÄ»[22m[3
9m

[41m[1m FAIL [22m[49m tests/background/handlers/fetch-transcript.test.js[2m > 
[22mhandleFetchTranscript[2m > [22mdec function
[31m[1mError[22m: No test found in suite dec function[39m
[31m[2mΓÄ»ΓÄ»ΓÄ»ΓÄ»ΓÄ»ΓÄ»ΓÄ»ΓÄ»ΓÄ»ΓÄ»ΓÄ»ΓÄ»ΓÄ»ΓÄ»ΓÄ»ΓÄ»ΓÄ»ΓÄ»ΓÄ»ΓÄ»ΓÄ»ΓÄ»[5/153]ΓÄ»[22m[3
9m

[41m[1m FAIL [22m[49m tests/background/handlers/fetch-transcript.test.js[2m > 
[22mhandleFetchTranscript[2m > [22mpXML function
[31m[1mError[22m: No test found in suite pXML function[39m
[31m[2mΓÄ»ΓÄ»ΓÄ»ΓÄ»ΓÄ»ΓÄ»ΓÄ»ΓÄ»ΓÄ»ΓÄ»ΓÄ»ΓÄ»ΓÄ»ΓÄ»ΓÄ»ΓÄ»ΓÄ»ΓÄ»ΓÄ»ΓÄ»ΓÄ»ΓÄ»[6/153]ΓÄ»[22m[3
9m

[41m[1m FAIL [22m[49m tests/background/handlers/fetch-transcript.test.js[2m > 
[22mhandleFetchTranscript[2m > [22mfYT function
[31m[1mError[22m: No test found in suite fYT function[39m
[31m[2mΓÄ»ΓÄ»ΓÄ»ΓÄ»ΓÄ»ΓÄ»ΓÄ»ΓÄ»ΓÄ»ΓÄ»ΓÄ»ΓÄ»ΓÄ»ΓÄ»ΓÄ»ΓÄ»ΓÄ»ΓÄ»ΓÄ»ΓÄ»ΓÄ»ΓÄ»[7/153]ΓÄ»[22m[3
9m

[41m[1m FAIL [22m[49m tests/background/handlers/transcribe-audio.test.js[2m [ 
tests/background/handlers/transcribe-audio.test.js ][22m
[31m[1mRollupError[22m: Parse failure: Unexpected token `(`. Expected yield, an 
identifier, [ or {
At file: /tests/background/handlers/transcribe-audio.test.js:5:25[39m
  File: [36m/tests/background/handlers/transcribe-audio.test.js[39m:5:25
[33m  3  |  // Mocks
  4  |  vi.mock('../../../extension/api/gemini-client.js', () => ({
  5  |    GeminiClient: function(() => ({
     |                           ^
  6  |      generateContent: vi.fn(),
  7  |    })),[39m
[90m [2mΓ¥»[22m getRollupError 
node_modules/rollup/dist/es/shared/parseAst.js:[2m401:41[22m[39m
[90m [2mΓ¥»[22m convertProgram 
node_modules/rollup/dist/es/shared/parseAst.js:[2m1098:26[22m[39m
[90m [2mΓ¥»[22m parseAstAsync 
node_modules/rollup/dist/es/shared/parseAst.js:[2m2084:106[22m[39m
[90m [2mΓ¥»[22m ssrTransformScript 
node_modules/vite/dist/node/chunks/config.js:[2m16031:9[22m[39m
[90m [2mΓ¥»[22m loadAndTransform 
node_modules/vite/dist/node/chunks/config.js:[2m23347:64[22m[39m

[31m[2mΓÄ»ΓÄ»ΓÄ»ΓÄ»ΓÄ»ΓÄ»ΓÄ»ΓÄ»ΓÄ»ΓÄ»ΓÄ»ΓÄ»ΓÄ»ΓÄ»ΓÄ»ΓÄ»ΓÄ»ΓÄ»ΓÄ»ΓÄ»ΓÄ»ΓÄ»[8/153]ΓÄ»[22m[3
9m

[41m[1m FAIL [22m[49m tests/content/core/analyzer.test.js[2m [ 
tests/content/core/analyzer.test.js ][22m
[31m[1mError[22m: Cannot find module 
'chrome-extension://mock-id/content/features/analysis/index.js' imported from 
'C:/AM/GitHub/YouTube-AI-Navigator/extension/content/core/analyzer.js'[39m
[36m [2mΓ¥»[22m extension/content/core/analyzer.js:[2m3:27[22m[39m
    [90m  1| [39m[35mconst[39m gu [33m=[39m p [33m=>[39m 
chrome[33m.[39mruntime[33m.[39m[34mgetURL[39m(p)[33m;[39m
    [90m  2| [39m
    [90m  3| [39mconst { startAnalysis } = await import(gu('content/features/analysis/iΓÇª
    [90m   | [39m                          [31m^[39m
    [90m  4| [39m[35mexport[39m { startAnalysis }[33m;[39m
    [90m  5| [39m
[90m [2mΓ¥»[22m tests/content/core/analyzer.test.js:[2m7:1[22m[39m

[31m[2mΓÄ»ΓÄ»ΓÄ»ΓÄ»ΓÄ»ΓÄ»ΓÄ»ΓÄ»ΓÄ»ΓÄ»ΓÄ»ΓÄ»ΓÄ»ΓÄ»ΓÄ»ΓÄ»ΓÄ»ΓÄ»ΓÄ»ΓÄ»ΓÄ»ΓÄ»[9/153]ΓÄ»[22m[3
9m

[41m[1m FAIL [22m[49m tests/content/core/init.test.js[2m [ 
tests/content/core/init.test.js ][22m
[31m[1mError[22m: Cannot find module 'chrome-extension://mock-id/utils/shortcuts/log.js' 
imported from 'C:/AM/GitHub/YouTube-AI-Navigator/extension/content/core/init.js'[39m
[36m [2mΓ¥»[22m extension/content/core/init.js:[2m3:15[22m[39m
    [90m  1| [39m[35mconst[39m gu [33m=[39m p [33m=>[39m 
chrome[33m.[39mruntime[33m.[39m[34mgetURL[39m(p)[33m;[39m
    [90m  2| [39m
    [90m  3| [39m[35mconst[39m { e } [33m=[39m [35mawait[39m 
[35mimport[39m([34mgu[39m([32m'utils/shortcuts/log.js'[39m))[33m;[39m
    [90m   | [39m              [31m^[39m
    [90m  4| [39m[35mexport[39m [35masync[39m [35mfunction[39m 
[34minitializeExtension[39m() {
    [90m  5| [39m  [35mtry[39m {
[90m [2mΓ¥»[22m tests/content/core/init.test.js:[2m23:1[22m[39m

[31m[2mΓÄ»ΓÄ»ΓÄ»ΓÄ»ΓÄ»ΓÄ»ΓÄ»ΓÄ»ΓÄ»ΓÄ»ΓÄ»ΓÄ»ΓÄ»ΓÄ»ΓÄ»ΓÄ»ΓÄ»ΓÄ»ΓÄ»ΓÄ»ΓÄ»[10/153]ΓÄ»[22m[39m

[41m[1m FAIL [22m[49m tests/content/core/observer.test.js[2m [ 
tests/content/core/observer.test.js ][22m
[31m[1mError[22m: Cannot find module 'chrome-extension://mock-id/content/core/state.js' 
imported from 'C:/AM/GitHub/YouTube-AI-Navigator/extension/content/core/observer.js'[39m
[36m [2mΓ¥»[22m extension/content/core/observer.js:[2m3:31[22m[39m
    [90m  1| [39m[35mconst[39m gu [33m=[39m p [33m=>[39m 
chrome[33m.[39mruntime[33m.[39m[34mgetURL[39m(p)[33m;[39m
    [90m  2| [39m
    [90m  3| [39mconst { state, resetState } = await import(gu('content/core/state.js')ΓÇª
    [90m   | [39m                              [31m^[39m
    [90m  4| [39m[35mconst[39m { injectWidget } [33m=[39m [35mawait[39m 
[35mimport[39m([34mgu[39m([32m'content/ui/widget.js'[39m))[33m;[39m
    [90m  5| [39mconst { isWidgetProperlyVisible } = await import(gu('content/utils/domΓÇª
[90m [2mΓ¥»[22m tests/content/core/observer.test.js:[2m38:1[22m[39m

[31m[2mΓÄ»ΓÄ»ΓÄ»ΓÄ»ΓÄ»ΓÄ»ΓÄ»ΓÄ»ΓÄ»ΓÄ»ΓÄ»ΓÄ»ΓÄ»ΓÄ»ΓÄ»ΓÄ»ΓÄ»ΓÄ»ΓÄ»ΓÄ»ΓÄ»[11/153]ΓÄ»[22m[39m

[41m[1m FAIL [22m[49m tests/content/core/state.test.js[2m [ 
tests/content/core/state.test.js ][22m
[31m[1mError[22m: Cannot find module 'chrome-extension://mock-id/utils/shortcuts/log.js' 
imported from 'C:/AM/GitHub/YouTube-AI-Navigator/extension/content/core/state.js'[39m
[36m [2mΓ¥»[22m extension/content/core/state.js:[2m3:15[22m[39m
    [90m  1| [39m[35mconst[39m gu [33m=[39m p [33m=>[39m 
chrome[33m.[39mruntime[33m.[39m[34mgetURL[39m(p)[33m;[39m
    [90m  2| [39m[35mlet[39m slg[33m,[39m assign[33m;[39m
    [90m  3| [39m[35mconst[39m { e } [33m=[39m [35mawait[39m 
[35mimport[39m([34mgu[39m([32m'utils/shortcuts/log.js'[39m))[33m;[39m
    [90m   | [39m              [31m^[39m
    [90m  4| [39m
    [90m  5| [39m[35mexport[39m [35mconst[39m state [33m=[39m {
[90m [2mΓ¥»[22m tests/content/core/state.test.js:[2m15:1[22m[39m

[31m[2mΓÄ»ΓÄ»ΓÄ»ΓÄ»ΓÄ»ΓÄ»ΓÄ»ΓÄ»ΓÄ»ΓÄ»ΓÄ»ΓÄ»ΓÄ»ΓÄ»ΓÄ»ΓÄ»ΓÄ»ΓÄ»ΓÄ»ΓÄ»ΓÄ»[12/153]ΓÄ»[22m[39m

[41m[1m FAIL [22m[49m tests/content/features/auto-liker.test.js[2m [ 
tests/content/features/auto-liker.test.js ][22m
[31m[1mError[22m: Cannot find module 'chrome-extension://mock-id/content/core/state.js' 
imported from 
'C:/AM/GitHub/YouTube-AI-Navigator/extension/content/features/auto-liker.js'[39m
[36m [2mΓ¥»[22m extension/content/features/auto-liker.js:[2m3:19[22m[39m
    [90m  1| [39m[35mconst[39m gu [33m=[39m p [33m=>[39m 
chrome[33m.[39mruntime[33m.[39m[34mgetURL[39m(p)[33m;[39m
    [90m  2| [39m
    [90m  3| [39m[35mconst[39m { state } [33m=[39m [35mawait[39m 
[35mimport[39m([34mgu[39m([32m'content/core/state.js'[39m))[33m;[39m
    [90m   | [39m                  [31m^[39m
    [90m  4| [39m[35mconst[39m { ae[33m,[39m re[33m,[39m qs[33m,[39m qsa } 
[33m=[39m [35mawait[39m 
[35mimport[39m([34mgu[39m([32m'utils/shortcuts/dom.js'[39m))[33m;[39m
    [90m  5| [39m[35mconst[39m { l[33m,[39m e } [33m=[39m [35mawait[39m 
[35mimport[39m([34mgu[39m([32m'utils/shortcuts/log.js'[39m))[33m;[39m
[90m [2mΓ¥»[22m tests/content/features/auto-liker.test.js:[2m27:1[22m[39m

[31m[2mΓÄ»ΓÄ»ΓÄ»ΓÄ»ΓÄ»ΓÄ»ΓÄ»ΓÄ»ΓÄ»ΓÄ»ΓÄ»ΓÄ»ΓÄ»ΓÄ»ΓÄ»ΓÄ»ΓÄ»ΓÄ»ΓÄ»ΓÄ»ΓÄ»[13/153]ΓÄ»[22m[39m

[41m[1m FAIL [22m[49m tests/content/ui/widget.test.js[2m [ 
tests/content/ui/widget.test.js ][22m
[31m[1mError[22m: Cannot find module '/extension/handlers/events.js' imported from 
'C:/AM/GitHub/YouTube-AI-Navigator/extension/content/ui/widget.js'[39m
[36m [2mΓ¥»[22m extension/content/ui/widget.js:[2m6:34[22m[39m
    [90m  4| [39mconst { findSecondaryColumn, isWidgetProperlyVisible } = await import(ΓÇª
    [90m  5| [39m[35mconst[39m { initTabs } [33m=[39m [35mawait[39m 
[35mimport[39m([34mgu[39m([32m'content/ui/tabs.js'[39m))[33m;[39m
    [90m  6| [39mconst { attachEventListeners } = await import(gu('content/handlers/eveΓÇª
    [90m   | [39m                                 [31m^[39m
    [90m  7| [39mconst { createWidgetHTML } = await import(gu('content/ui/components/wiΓÇª
    [90m  8| [39mconst { qs: $, id: ge, on, el: ce, wfe, mo } = await import(gu('utils/ΓÇª
[90m [2mΓ¥»[22m tests/content/ui/widget.test.js:[2m84:1[22m[39m

[31m[2mΓÄ»ΓÄ»ΓÄ»ΓÄ»ΓÄ»ΓÄ»ΓÄ»ΓÄ»ΓÄ»ΓÄ»ΓÄ»ΓÄ»ΓÄ»ΓÄ»ΓÄ»ΓÄ»ΓÄ»ΓÄ»ΓÄ»ΓÄ»ΓÄ»[14/153]ΓÄ»[22m[39m

[41m[1m FAIL [22m[49m tests/content/handlers/chat.test.js[2m [ 
tests/content/handlers/chat.test.js ][22m
[31m[1mError[22m: Cannot find module 'chrome-extension://mock-id/utils/shortcuts/log.js' 
imported from 'C:/AM/GitHub/YouTube-AI-Navigator/extension/content/handlers/chat.js'[39m
[36m [2mΓ¥»[22m extension/content/handlers/chat.js:[2m3:15[22m[39m
    [90m  1| [39m[35mconst[39m gu [33m=[39m p [33m=>[39m 
chrome[33m.[39mruntime[33m.[39m[34mgetURL[39m(p)[33m;[39m
    [90m  2| [39m
    [90m  3| [39m[35mconst[39m { e } [33m=[39m [35mawait[39m 
[35mimport[39m([34mgu[39m([32m'utils/shortcuts/log.js'[39m))[33m;[39m
    [90m   | [39m              [31m^[39m
    [90m  4| [39m[35mconst[39m { state } [33m=[39m [35mawait[39m 
[35mimport[39m([34mgu[39m([32m'content/core/state.js'[39m))[33m;[39m
    [90m  5| [39mconst { addChatMessage } = await import(gu('content/ui/renderers/chat.ΓÇª
[90m [2mΓ¥»[22m tests/content/handlers/chat.test.js:[2m32:1[22m[39m

[31m[2mΓÄ»ΓÄ»ΓÄ»ΓÄ»ΓÄ»ΓÄ»ΓÄ»ΓÄ»ΓÄ»ΓÄ»ΓÄ»ΓÄ»ΓÄ»ΓÄ»ΓÄ»ΓÄ»ΓÄ»ΓÄ»ΓÄ»ΓÄ»ΓÄ»[15/153]ΓÄ»[22m[39m

[41m[1m FAIL [22m[49m tests/content/handlers/events.test.js[2m [ 
tests/content/handlers/events.test.js ][22m
[31m[1mError[22m: Cannot find module 
'chrome-extension://mock-id/content/handlers/chat.js' imported from 
'C:/AM/GitHub/YouTube-AI-Navigator/extension/content/handlers/events.js'[39m
[36m [2mΓ¥»[22m extension/content/handlers/events.js:[2m3:29[22m[39m
    [90m  1| [39m[35mconst[39m gu [33m=[39m p [33m=>[39m 
chrome[33m.[39mruntime[33m.[39m[34mgetURL[39m(p)[33m;[39m
    [90m  2| [39m
    [90m  3| [39mconst { sendChatMessage } = await import(gu('content/handlers/chat.js'ΓÇª
    [90m   | [39m                            [31m^[39m
    [90m  4| [39m[35mconst[39m { ae[33m,[39m qs } [33m=[39m [35mawait[39m 
[35mimport[39m([34mgu[39m([32m'utils/shortcuts/dom.js'[39m))[33m;[39m
    [90m  5| [39m[35mconst[39m { e } [33m=[39m [35mawait[39m 
[35mimport[39m([34mgu[39m([32m'utils/shortcuts/log.js'[39m))[33m;[39m
[90m [2mΓ¥»[22m tests/content/handlers/events.test.js:[2m16:1[22m[39m

[31m[2mΓÄ»ΓÄ»ΓÄ»ΓÄ»ΓÄ»ΓÄ»ΓÄ»ΓÄ»ΓÄ»ΓÄ»ΓÄ»ΓÄ»ΓÄ»ΓÄ»ΓÄ»ΓÄ»ΓÄ»ΓÄ»ΓÄ»ΓÄ»ΓÄ»[16/153]ΓÄ»[22m[39m

[41m[1m FAIL [22m[49m tests/options/modules/notification-manager.test.js[2m [ 
tests/options/modules/notification-manager.test.js ][22m
[31m[1mTypeError[22m: __vite_ssr_import_0__.vi.mocked(...).mockImplementation is not a 
function[39m
[36m [2mΓ¥»[22m tests/options/modules/notification-manager.test.js:[2m37:68[22m[39m
    [90m 35| [39m}[33m;[39m
    [90m 36| [39m
    [90m 37| [39mvi.mocked(require('../../../extension/utils/shortcuts/dom.js').ce).mocΓÇª
    [90m   | [39m                                                                   
[31m^[39m
    [90m 38| [39m  [35mif[39m (tag [33m===[39m [32m'div'[39m) {
    [90m 39| [39m    [35mif[39m ([33m![39mmockContainer[33m.[39mid) {

[31m[2mΓÄ»ΓÄ»ΓÄ»ΓÄ»ΓÄ»ΓÄ»ΓÄ»ΓÄ»ΓÄ»ΓÄ»ΓÄ»ΓÄ»ΓÄ»ΓÄ»ΓÄ»ΓÄ»ΓÄ»ΓÄ»ΓÄ»ΓÄ»ΓÄ»[17/153]ΓÄ»[22m[39m

[41m[1m FAIL [22m[49m tests/content/features/analysis/flow.test.js[2m [ 
tests/content/features/analysis/flow.test.js ][22m
[31m[1mError[22m: Failed to resolve import 
"../../../extension/content/features/analysis/flow.js" from 
"tests/content/features/analysis/flow.test.js". Does the file exist?[39m
  Plugin: [35mvite:import-analysis[39m
  File: 
[36mC:/AM/GitHub/YouTube-AI-Navigator/tests/content/features/analysis/flow.test.js[39m:61:0
[33m  43 |    E: vi.fn(),
  44 |  }));
  45 |  const __vi_import_0__ = await 
import("../../../extension/content/features/analysis/flow.js");
     |                                       ^
  46 |  import { describe, it, expect, vi, beforeEach } from 'vitest';
  47 |  [39m
[90m [2mΓ¥»[22m TransformPluginContext._formatLog 
node_modules/vite/dist/node/chunks/config.js:[2m29647:43[22m[39m
[90m [2mΓ¥»[22m TransformPluginContext.error 
node_modules/vite/dist/node/chunks/config.js:[2m29644:14[22m[39m
[90m [2mΓ¥»[22m normalizeUrl 
node_modules/vite/dist/node/chunks/config.js:[2m27767:18[22m[39m
[90m [2mΓ¥»[22m node_modules/vite/dist/node/chunks/config.js:[2m27825:32[22m[39m
[90m [2mΓ¥»[22m TransformPluginContext.transform 
node_modules/vite/dist/node/chunks/config.js:[2m27793:4[22m[39m
[90m [2mΓ¥»[22m EnvironmentPluginContainer.transform 
node_modules/vite/dist/node/chunks/config.js:[2m29445:14[22m[39m
[90m [2mΓ¥»[22m loadAndTransform 
node_modules/vite/dist/node/chunks/config.js:[2m23316:26[22m[39m

[31m[2mΓÄ»ΓÄ»ΓÄ»ΓÄ»ΓÄ»ΓÄ»ΓÄ»ΓÄ»ΓÄ»ΓÄ»ΓÄ»ΓÄ»ΓÄ»ΓÄ»ΓÄ»ΓÄ»ΓÄ»ΓÄ»ΓÄ»ΓÄ»ΓÄ»[18/153]ΓÄ»[22m[39m

[41m[1m FAIL [22m[49m tests/content/features/analysis/index.test.js[2m [ 
tests/content/features/analysis/index.test.js ][22m
[31m[1mError[22m: Failed to resolve import 
"../../../extension/content/features/analysis/index.js" from 
"tests/content/features/analysis/index.test.js". Does the file exist?[39m
  Plugin: [35mvite:import-analysis[39m
  File: 
[36mC:/AM/GitHub/YouTube-AI-Navigator/tests/content/features/analysis/index.test.js[39m:7:0
[33m  2  |    startAnalysis: vi.fn(),
  3  |  }));
  4  |  const __vi_import_0__ = await 
import("../../../extension/content/features/analysis/index.js");
     |                                       ^
  5  |  import { describe, it, expect, vi } from 'vitest';
  6  |  [39m
[90m [2mΓ¥»[22m TransformPluginContext._formatLog 
node_modules/vite/dist/node/chunks/config.js:[2m29647:43[22m[39m
[90m [2mΓ¥»[22m TransformPluginContext.error 
node_modules/vite/dist/node/chunks/config.js:[2m29644:14[22m[39m
[90m [2mΓ¥»[22m normalizeUrl 
node_modules/vite/dist/node/chunks/config.js:[2m27767:18[22m[39m
[90m [2mΓ¥»[22m node_modules/vite/dist/node/chunks/config.js:[2m27825:32[22m[39m
[90m [2mΓ¥»[22m TransformPluginContext.transform 
node_modules/vite/dist/node/chunks/config.js:[2m27793:4[22m[39m
[90m [2mΓ¥»[22m EnvironmentPluginContainer.transform 
node_modules/vite/dist/node/chunks/config.js:[2m29445:14[22m[39m
[90m [2mΓ¥»[22m loadAndTransform 
node_modules/vite/dist/node/chunks/config.js:[2m23316:26[22m[39m

[31m[2mΓÄ»ΓÄ»ΓÄ»ΓÄ»ΓÄ»ΓÄ»ΓÄ»ΓÄ»ΓÄ»ΓÄ»ΓÄ»ΓÄ»ΓÄ»ΓÄ»ΓÄ»ΓÄ»ΓÄ»ΓÄ»ΓÄ»ΓÄ»ΓÄ»[19/153]ΓÄ»[22m[39m

[41m[1m FAIL [22m[49m tests/content/features/analysis/service.test.js[2m [ 
tests/content/features/analysis/service.test.js ][22m
[31m[1mError[22m: Failed to resolve import 
"../../../extension/content/features/analysis/service.js" from 
"tests/content/features/analysis/service.test.js". Does the file exist?[39m
  Plugin: [35mvite:import-analysis[39m
  File: [36mC:/AM/GitHub/YouTube-AI-Navigator/tests/content/features/analysis/service.test.j
s[39m:11:0
[33m  5  |    e: vi.fn(),
  6  |  }));
  7  |  const __vi_import_0__ = await 
import("../../../extension/content/features/analysis/service.js");
     |                                       ^
  8  |  import { describe, it, expect, vi, beforeEach } from 'vitest';
  9  |  [39m
[90m [2mΓ¥»[22m TransformPluginContext._formatLog 
node_modules/vite/dist/node/chunks/config.js:[2m29647:43[22m[39m
[90m [2mΓ¥»[22m TransformPluginContext.error 
node_modules/vite/dist/node/chunks/config.js:[2m29644:14[22m[39m
[90m [2mΓ¥»[22m normalizeUrl 
node_modules/vite/dist/node/chunks/config.js:[2m27767:18[22m[39m
[90m [2mΓ¥»[22m node_modules/vite/dist/node/chunks/config.js:[2m27825:32[22m[39m
[90m [2mΓ¥»[22m TransformPluginContext.transform 
node_modules/vite/dist/node/chunks/config.js:[2m27793:4[22m[39m
[90m [2mΓ¥»[22m EnvironmentPluginContainer.transform 
node_modules/vite/dist/node/chunks/config.js:[2m29445:14[22m[39m
[90m [2mΓ¥»[22m loadAndTransform 
node_modules/vite/dist/node/chunks/config.js:[2m23316:26[22m[39m

[31m[2mΓÄ»ΓÄ»ΓÄ»ΓÄ»ΓÄ»ΓÄ»ΓÄ»ΓÄ»ΓÄ»ΓÄ»ΓÄ»ΓÄ»ΓÄ»ΓÄ»ΓÄ»ΓÄ»ΓÄ»ΓÄ»ΓÄ»ΓÄ»ΓÄ»[20/153]ΓÄ»[22m[39m

[41m[1m FAIL [22m[49m tests/content/ui/renderers/chat.test.js[2m [ 
tests/content/ui/renderers/chat.test.js ][22m
[31m[1mRollupError[22m: Parse failure: Expected ',', got '=>'
At file: /tests/content/ui/renderers/chat.test.js:21:31[39m
  File: [36m/tests/content/ui/renderers/chat.test.js[39m:21:31
[33m  19 |  
  20 |  vi.mock('../../../../extension/lib/marked-loader.js', () => ({
  21 |    parseMarkdown: function(text => Promise.resolve(`<p>${text}</p>`)),
     |                                 ^
  22 |  }));
  23 |  [39m
[90m [2mΓ¥»[22m getRollupError 
node_modules/rollup/dist/es/shared/parseAst.js:[2m401:41[22m[39m
[90m [2mΓ¥»[22m convertProgram 
node_modules/rollup/dist/es/shared/parseAst.js:[2m1098:26[22m[39m
[90m [2mΓ¥»[22m parseAstAsync 
node_modules/rollup/dist/es/shared/parseAst.js:[2m2084:106[22m[39m
[90m [2mΓ¥»[22m ssrTransformScript 
node_modules/vite/dist/node/chunks/config.js:[2m16031:9[22m[39m
[90m [2mΓ¥»[22m loadAndTransform 
node_modules/vite/dist/node/chunks/config.js:[2m23347:64[22m[39m

[31m[2mΓÄ»ΓÄ»ΓÄ»ΓÄ»ΓÄ»ΓÄ»ΓÄ»ΓÄ»ΓÄ»ΓÄ»ΓÄ»ΓÄ»ΓÄ»ΓÄ»ΓÄ»ΓÄ»ΓÄ»ΓÄ»ΓÄ»ΓÄ»ΓÄ»[21/153]ΓÄ»[22m[39m

[41m[1m FAIL [22m[49m tests/content/ui/renderers/comments.test.js[2m [ 
tests/content/ui/renderers/comments.test.js ][22m
[31m[1mRollupError[22m: Parse failure: Expected ',', got '=>'
At file: /tests/content/ui/renderers/comments.test.js:45:31[39m
  File: [36m/tests/content/ui/renderers/comments.test.js[39m:45:31
[33m  43 |  
  44 |  vi.mock('../../../../extension/lib/marked-loader.js', () => ({
  45 |    parseMarkdown: function(text => Promise.resolve(`<p>${text}</p>`)),
     |                                 ^
  46 |  }));
  47 |  [39m
[90m [2mΓ¥»[22m getRollupError 
node_modules/rollup/dist/es/shared/parseAst.js:[2m401:41[22m[39m
[90m [2mΓ¥»[22m convertProgram 
node_modules/rollup/dist/es/shared/parseAst.js:[2m1098:26[22m[39m
[90m [2mΓ¥»[22m parseAstAsync 
node_modules/rollup/dist/es/shared/parseAst.js:[2m2084:106[22m[39m
[90m [2mΓ¥»[22m ssrTransformScript 
node_modules/vite/dist/node/chunks/config.js:[2m16031:9[22m[39m
[90m [2mΓ¥»[22m loadAndTransform 
node_modules/vite/dist/node/chunks/config.js:[2m23347:64[22m[39m

[31m[2mΓÄ»ΓÄ»ΓÄ»ΓÄ»ΓÄ»ΓÄ»ΓÄ»ΓÄ»ΓÄ»ΓÄ»ΓÄ»ΓÄ»ΓÄ»ΓÄ»ΓÄ»ΓÄ»ΓÄ»ΓÄ»ΓÄ»ΓÄ»ΓÄ»[22/153]ΓÄ»[22m[39m

[41m[1m FAIL [22m[49m tests/content/ui/renderers/summary.test.js[2m [ 
tests/content/ui/renderers/summary.test.js ][22m
[31m[1mRollupError[22m: Parse failure: Expected ',', got '=>'
At file: /tests/content/ui/renderers/summary.test.js:32:31[39m
  File: [36m/tests/content/ui/renderers/summary.test.js[39m:32:31
[33m  30 |  
  31 |  vi.mock('../../../../extension/lib/marked-loader.js', () => ({
  32 |    parseMarkdown: function(text => Promise.resolve(`<p>${text}</p>`)),
     |                                 ^
  33 |  }));
  34 |  [39m
[90m [2mΓ¥»[22m getRollupError 
node_modules/rollup/dist/es/shared/parseAst.js:[2m401:41[22m[39m
[90m [2mΓ¥»[22m convertProgram 
node_modules/rollup/dist/es/shared/parseAst.js:[2m1098:26[22m[39m
[90m [2mΓ¥»[22m parseAstAsync 
node_modules/rollup/dist/es/shared/parseAst.js:[2m2084:106[22m[39m
[90m [2mΓ¥»[22m ssrTransformScript 
node_modules/vite/dist/node/chunks/config.js:[2m16031:9[22m[39m
[90m [2mΓ¥»[22m loadAndTransform 
node_modules/vite/dist/node/chunks/config.js:[2m23347:64[22m[39m

[31m[2mΓÄ»ΓÄ»ΓÄ»ΓÄ»ΓÄ»ΓÄ»ΓÄ»ΓÄ»ΓÄ»ΓÄ»ΓÄ»ΓÄ»ΓÄ»ΓÄ»ΓÄ»ΓÄ»ΓÄ»ΓÄ»ΓÄ»ΓÄ»ΓÄ»[23/153]ΓÄ»[22m[39m


[31mΓÄ»ΓÄ»ΓÄ»ΓÄ»ΓÄ»ΓÄ»[39m[1m[41m Failed Tests 130 [49m[22m[31mΓÄ»ΓÄ»ΓÄ»ΓÄ»ΓÄ»ΓÄ»[39m

[41m[1m FAIL [22m[49m tests/options.test.js[2m > [22mAutoSave[2m > [22mshould handle 
save errors
[31m[1mTypeError[22m: Cannot read properties of undefined (reading 'mocked')[39m
[36m [2mΓ¥»[22m tests/options.test.js:[2m64:24[22m[39m
    [90m 62| [39m
    [90m 63| [39m  [34mit[39m([32m'should handle save errors'[39m[33m,[39m 
[35masync[39m () [33m=>[39m {
    [90m 64| [39m    settingsManager.vi.mocked(update).mockRejectedValue(new Error('SavΓÇª
    [90m   | [39m                       [31m^[39m
    [90m 65| [39m
    [90m 66| [39m    autoSave[33m.[39m[34msave[39m([32m'test.path'[39m[33m,[39m 
[32m'value'[39m)[33m;[39m

[31m[2mΓÄ»ΓÄ»ΓÄ»ΓÄ»ΓÄ»ΓÄ»ΓÄ»ΓÄ»ΓÄ»ΓÄ»ΓÄ»ΓÄ»ΓÄ»ΓÄ»ΓÄ»ΓÄ»ΓÄ»ΓÄ»ΓÄ»ΓÄ»ΓÄ»[24/153]ΓÄ»[22m[39m

[41m[1m FAIL [22m[49m tests/api/dearrow.test.js[2m > [22mDeArrow API[2m > 
[22mfetchBranding[2m > [22mshould handle timeout
[31m[1mError[22m: Test timed out in 5000ms.
If this is a long-running test, pass a timeout value as the last argument or configure it 
globally with "testTimeout".[39m
[36m [2mΓ¥»[22m tests/api/dearrow.test.js:[2m95:7[22m[39m
    [90m 93| [39m    })[33m;[39m
    [90m 94| [39m
    [90m 95| [39m    [34mit[39m([32m'should handle timeout'[39m[33m,[39m 
[35masync[39m () [33m=>[39m {
    [90m   | [39m      [31m^[39m
    [90m 96| [39m      global.fetch.mockImplementation(() => new Promise(() => {})); //ΓÇª
    [90m 97| [39m

[31m[2mΓÄ»ΓÄ»ΓÄ»ΓÄ»ΓÄ»ΓÄ»ΓÄ»ΓÄ»ΓÄ»ΓÄ»ΓÄ»ΓÄ»ΓÄ»ΓÄ»ΓÄ»ΓÄ»ΓÄ»ΓÄ»ΓÄ»ΓÄ»ΓÄ»[25/153]ΓÄ»[22m[39m

[41m[1m FAIL [22m[49m tests/api/dearrow.test.js[2m > [22mDeArrow API[2m > 
[22mgetVideoMetadata[2m > [22mshould return metadata with DeArrow data
[31m[1mTypeError[22m: __vite_ssr_import_0__.vi.mocked(...).mockResolvedValue is not a 
function[39m
[36m [2mΓ¥»[22m tests/api/dearrow.test.js:[2m225:39[22m[39m
    [90m223| [39m    [34mit[39m([32m'should return metadata with DeArrow 
data'[39m[33m,[39m [35masync[39m () [33m=>[39m {
    [90m224| [39m      const mockBd = { titles: [{ title: 'Title', votes: 1 }], thumbnaΓÇª
    [90m225| [39m      vi[33m.[39m[34mmocked[39m(fetchBrandingPrivate)[33m.[39m[34mm
ockResolvedValue[39m(mockBd)[33m;[39m
    [90m   | [39m                                      [31m^[39m
    [90m226| [39m
    [90m227| [39m      [35mconst[39m result [33m=[39m [35mawait[39m 
[34mgetVideoMetadata[39m([32m'vid'[39m)[33m;[39m

[31m[2mΓÄ»ΓÄ»ΓÄ»ΓÄ»ΓÄ»ΓÄ»ΓÄ»ΓÄ»ΓÄ»ΓÄ»ΓÄ»ΓÄ»ΓÄ»ΓÄ»ΓÄ»ΓÄ»ΓÄ»ΓÄ»ΓÄ»ΓÄ»ΓÄ»[26/153]ΓÄ»[22m[39m

[41m[1m FAIL [22m[49m tests/api/dearrow.test.js[2m > [22mDeArrow API[2m > 
[22mgetVideoMetadata[2m > [22mshould return metadata without DeArrow data
[31m[1mTypeError[22m: __vite_ssr_import_0__.vi.mocked(...).mockResolvedValue is not a 
function[39m
[36m [2mΓ¥»[22m tests/api/dearrow.test.js:[2m239:39[22m[39m
    [90m237| [39m
    [90m238| [39m    [34mit[39m([32m'should return metadata without DeArrow 
data'[39m[33m,[39m [35masync[39m () [33m=>[39m {
    [90m239| [39m      vi[33m.[39m[34mmocked[39m(fetchBrandingPrivate)[33m.[39m[34mm
ockResolvedValue[39m([35mnull[39m)[33m;[39m
    [90m   | [39m                                      [31m^[39m
    [90m240| [39m
    [90m241| [39m      [35mconst[39m result [33m=[39m [35mawait[39m 
[34mgetVideoMetadata[39m([32m'vid'[39m)[33m;[39m

[31m[2mΓÄ»ΓÄ»ΓÄ»ΓÄ»ΓÄ»ΓÄ»ΓÄ»ΓÄ»ΓÄ»ΓÄ»ΓÄ»ΓÄ»ΓÄ»ΓÄ»ΓÄ»ΓÄ»ΓÄ»ΓÄ»ΓÄ»ΓÄ»ΓÄ»[27/153]ΓÄ»[22m[39m

[41m[1m FAIL [22m[49m tests/api/gemini-client.test.js[2m > [22mGeminiClient[2m > 
[22mgenerateContent[2m > [22mshould generate content successfully
[31m[1mTypeError[22m: Cannot read properties of undefined (reading 'mocked')[39m
[36m [2mΓ¥»[22m tests/api/gemini-client.test.js:[2m76:31[22m[39m
    [90m 74| [39m                })[33m,[39m
    [90m 75| [39m            }[33m;[39m
    [90m 76| [39m            mockHttpClient.vi.mocked(fetch).mockResolvedValue(mockRespΓÇª
    [90m   | [39m                              [31m^[39m
    [90m 77| [39m            mockRateLimiter[33m.[39mvi[33m.[39m[34mmocked[39m(acquir
e)[33m.[39m[34mmockResolvedValue[39m()[33m;[39m
    [90m 78| [39m

[31m[2mΓÄ»ΓÄ»ΓÄ»ΓÄ»ΓÄ»ΓÄ»ΓÄ»ΓÄ»ΓÄ»ΓÄ»ΓÄ»ΓÄ»ΓÄ»ΓÄ»ΓÄ»ΓÄ»ΓÄ»ΓÄ»ΓÄ»ΓÄ»ΓÄ»[28/153]ΓÄ»[22m[39m

[41m[1m FAIL [22m[49m tests/api/gemini-client.test.js[2m > [22mGeminiClient[2m > 
[22mgenerateContent[2m > [22mshould handle array prompt
[31m[1mTypeError[22m: Cannot read properties of undefined (reading 'mocked')[39m
[36m [2mΓ¥»[22m tests/api/gemini-client.test.js:[2m99:31[22m[39m
    [90m 97| [39m                })[33m,[39m
    [90m 98| [39m            }[33m;[39m
    [90m 99| [39m            mockHttpClient.vi.mocked(fetch).mockResolvedValue(mockRespΓÇª
    [90m   | [39m                              [31m^[39m
    [90m100| [39m            mockRateLimiter[33m.[39mvi[33m.[39m[34mmocked[39m(acquir
e)[33m.[39m[34mmockResolvedValue[39m()[33m;[39m
    [90m101| [39m

[31m[2mΓÄ»ΓÄ»ΓÄ»ΓÄ»ΓÄ»ΓÄ»ΓÄ»ΓÄ»ΓÄ»ΓÄ»ΓÄ»ΓÄ»ΓÄ»ΓÄ»ΓÄ»ΓÄ»ΓÄ»ΓÄ»ΓÄ»ΓÄ»ΓÄ»[29/153]ΓÄ»[22m[39m

[41m[1m FAIL [22m[49m tests/api/gemini-client.test.js[2m > [22mGeminiClient[2m > 
[22mgenerateContent[2m > [22mshould throw error on no content
[31m[1mTypeError[22m: Cannot read properties of undefined (reading 'mocked')[39m
[36m [2mΓ¥»[22m tests/api/gemini-client.test.js:[2m117:31[22m[39m
    [90m115| [39m                json[33m:[39m 
vi[33m.[39m[34mfn[39m()[33m.[39m[34mmockResolvedValue[39m({})[33m,[39m
    [90m116| [39m            }[33m;[39m
    [90m117| [39m            mockHttpClient.vi.mocked(fetch).mockResolvedValue(mockRespΓÇª
    [90m   | [39m                              [31m^[39m
    [90m118| [39m            mockRateLimiter[33m.[39mvi[33m.[39m[34mmocked[39m(acquir
e)[33m.[39m[34mmockResolvedValue[39m()[33m;[39m
    [90m119| [39m

[31m[2mΓÄ»ΓÄ»ΓÄ»ΓÄ»ΓÄ»ΓÄ»ΓÄ»ΓÄ»ΓÄ»ΓÄ»ΓÄ»ΓÄ»ΓÄ»ΓÄ»ΓÄ»ΓÄ»ΓÄ»ΓÄ»ΓÄ»ΓÄ»ΓÄ»[30/153]ΓÄ»[22m[39m

[41m[1m FAIL [22m[49m tests/api/gemini-client.test.js[2m > [22mGeminiClient[2m > 
[22mgenerateContent[2m > [22mshould handle network failure
[31m[1mTypeError[22m: Cannot read properties of undefined (reading 'mocked')[39m
[36m [2mΓ¥»[22m tests/api/gemini-client.test.js:[2m124:31[22m[39m
    [90m122| [39m
    [90m123| [39m        [34mit[39m([32m'should handle network failure'[39m[33m,[39m 
[35masync[39m () [33m=>[39m {
    [90m124| [39m            mockHttpClient.vi.mocked(fetch).mockRejectedValue(new ErroΓÇª
    [90m   | [39m                              [31m^[39m
    [90m125| [39m            mockRateLimiter[33m.[39mvi[33m.[39m[34mmocked[39m(acquir
e)[33m.[39m[34mmockResolvedValue[39m()[33m;[39m
    [90m126| [39m

[31m[2mΓÄ»ΓÄ»ΓÄ»ΓÄ»ΓÄ»ΓÄ»ΓÄ»ΓÄ»ΓÄ»ΓÄ»ΓÄ»ΓÄ»ΓÄ»ΓÄ»ΓÄ»ΓÄ»ΓÄ»ΓÄ»ΓÄ»ΓÄ»ΓÄ»[31/153]ΓÄ»[22m[39m

[41m[1m FAIL [22m[49m tests/api/genius-lyrics.test.js[2m > [22mGeniusLyricsAPI[2m > 
[22mcleanTitle[2m > [22mshould clean title
[31m[1mTypeError[22m: __vite_ssr_import_0__.vi.mocked(...).mockImplementation is not a 
function[39m
[36m [2mΓ¥»[22m tests/api/genius-lyrics.test.js:[2m156:27[22m[39m
    [90m154| [39m        [34mit[39m([32m'should clean title'[39m[33m,[39m () 
[33m=>[39m {
    [90m155| [39m            const { rp, trm } = require('../../extension/utils/shortcuΓÇª
    [90m156| [39m            vi.mocked(rp).mockImplementation((str, regex, repl) => strΓÇª
    [90m   | [39m                          [31m^[39m
    [90m157| [39m            
vi[33m.[39m[34mmocked[39m(trm)[33m.[39m[34mmockImplementation[39m(str [33m=>[39m 
str[33m.[39m[34mtrim[39m())[33m;[39m
    [90m158| [39m

[31m[2mΓÄ»ΓÄ»ΓÄ»ΓÄ»ΓÄ»ΓÄ»ΓÄ»ΓÄ»ΓÄ»ΓÄ»ΓÄ»ΓÄ»ΓÄ»ΓÄ»ΓÄ»ΓÄ»ΓÄ»ΓÄ»ΓÄ»ΓÄ»ΓÄ»[32/153]ΓÄ»[22m[39m

[41m[1m FAIL [22m[49m tests/onboarding/onboarding.test.js[2m > [22mOnboardingFlow[2m 
> [22mconstructor[2m > [22mshould initialize with default values
[41m[1m FAIL [22m[49m tests/onboarding/onboarding.test.js[2m > [22mOnboardingFlow[2m 
> [22mgetDefaults[2m > [22mshould return default settings
[41m[1m FAIL [22m[49m tests/onboarding/onboarding.test.js[2m > [22mOnboardingFlow[2m 
> [22mloadSettings[2m > [22mshould load settings successfully
[41m[1m FAIL [22m[49m tests/onboarding/onboarding.test.js[2m > [22mOnboardingFlow[2m 
> [22mloadSettings[2m > [22mshould use defaults on error
[41m[1m FAIL [22m[49m tests/onboarding/onboarding.test.js[2m > [22mOnboardingFlow[2m 
> [22msaveSettings[2m > [22mshould save nested settings
[41m[1m FAIL [22m[49m tests/onboarding/onboarding.test.js[2m > [22mOnboardingFlow[2m 
> [22msaveSettings[2m > [22mshould handle save errors
[41m[1m FAIL [22m[49m tests/onboarding/onboarding.test.js[2m > [22mOnboardingFlow[2m 
> [22mtoggleApiKeyVisibility[2m > [22mshould toggle input type
[41m[1m FAIL [22m[49m tests/onboarding/onboarding.test.js[2m > [22mOnboardingFlow[2m 
> [22monApiKeyInput[2m > [22mshould reset status message
[41m[1m FAIL [22m[49m tests/onboarding/onboarding.test.js[2m > [22mOnboardingFlow[2m 
> [22mtestApiKey[2m > [22mshould show error for empty key
[41m[1m FAIL [22m[49m tests/onboarding/onboarding.test.js[2m > [22mOnboardingFlow[2m 
> [22mtestApiKey[2m > [22mshould handle successful API test
[41m[1m FAIL [22m[49m tests/onboarding/onboarding.test.js[2m > [22mOnboardingFlow[2m 
> [22mtestApiKey[2m > [22mshould handle API test failure
[41m[1m FAIL [22m[49m tests/onboarding/onboarding.test.js[2m > [22mOnboardingFlow[2m 
> [22mtestApiKey[2m > [22mshould handle network failure
[41m[1m FAIL [22m[49m tests/onboarding/onboarding.test.js[2m > [22mOnboardingFlow[2m 
> [22mnextStep and prevStep[2m > [22mshould navigate steps
[41m[1m FAIL [22m[49m tests/onboarding/onboarding.test.js[2m > [22mOnboardingFlow[2m 
> [22mnextStep and prevStep[2m > [22mshould not go beyond bounds
[41m[1m FAIL [22m[49m tests/onboarding/onboarding.test.js[2m > [22mOnboardingFlow[2m 
> [22mcompleteOnboarding[2m > [22mshould save completion and close window
[41m[1m FAIL [22m[49m tests/onboarding/onboarding.test.js[2m > [22mOnboardingFlow[2m 
> [22mcompleteOnboarding[2m > [22mshould handle errors
[31m[1mTypeError[22m: mockGe.mockImplementation is not a function[39m
[36m [2mΓ¥»[22m tests/onboarding/onboarding.test.js:[2m87:12[22m[39m
    [90m 85| [39m    }[33m;[39m
    [90m 86| [39m
    [90m 87| [39m    mockGe[33m.[39m[34mmockImplementation[39m(id [33m=>[39m {
    [90m   | [39m           [31m^[39m
    [90m 88| [39m      if (id === 'apiKeyInput') return { ...mockElement, type: 'passwoΓÇª
    [90m 89| [39m      if (id === 'testApiKeyBtn') return { ...mockElement, textContentΓÇª

[31m[2mΓÄ»ΓÄ»ΓÄ»ΓÄ»ΓÄ»ΓÄ»ΓÄ»ΓÄ»ΓÄ»ΓÄ»ΓÄ»ΓÄ»ΓÄ»ΓÄ»ΓÄ»ΓÄ»ΓÄ»ΓÄ»ΓÄ»ΓÄ»ΓÄ»[33/153]ΓÄ»[22m[39m

[41m[1m FAIL [22m[49m tests/lib/marked-loader.test.js[2m > [22mparseMarkdown[2m > 
[22mshould parse code blocks
[31m[1mAssertionError[22m: expected '<pre><code><br>code block<br></code><ΓÇª' to be 
'<pre><code>\ncode block\n</code></pre>' // Object.is equality[39m

[32m- Expected[39m
[31m+ Received[39m

[32m- <pre><code>[39m
[32m- code block[39m
[32m- </code></pre>[39m
[31m+ <pre><code>[7m<br>[27mcode block[7m<br>[27m</code></pre>[39m

[36m [2mΓ¥»[22m tests/lib/marked-loader.test.js:[2m32:61[22m[39m
    [90m 30| [39m
    [90m 31| [39m    [34mit[39m([32m'should parse code blocks'[39m[33m,[39m 
[35masync[39m () [33m=>[39m {
    [90m 32| [39m        expect(await parseMarkdown('```\ncode block\n```')).toBe('<preΓÇª
    [90m   | [39m                                                            [31m^[39m
    [90m 33| [39m    })[33m;[39m
    [90m 34| [39m

[31m[2mΓÄ»ΓÄ»ΓÄ»ΓÄ»ΓÄ»ΓÄ»ΓÄ»ΓÄ»ΓÄ»ΓÄ»ΓÄ»ΓÄ»ΓÄ»ΓÄ»ΓÄ»ΓÄ»ΓÄ»ΓÄ»ΓÄ»ΓÄ»ΓÄ»[34/153]ΓÄ»[22m[39m

[41m[1m FAIL [22m[49m tests/lib/marked-loader.test.js[2m > [22mparseMarkdown[2m > 
[22mshould parse ordered lists
[31m[1mAssertionError[22m: expected '<li>item</li>' to be '<ul><li>item</li></ul>' // 
Object.is equality[39m

Expected: [32m"[7m<ul>[27m<li>item</li>[7m</ul>[27m"[39m
Received: [31m"<li>item</li>"[39m

[36m [2mΓ¥»[22m tests/lib/marked-loader.test.js:[2m56:48[22m[39m
    [90m 54| [39m
    [90m 55| [39m    [34mit[39m([32m'should parse ordered lists'[39m[33m,[39m 
[35masync[39m () [33m=>[39m {
    [90m 56| [39m        expect(await parseMarkdown('1. item')).toBe('<ul><li>item</li>ΓÇª
    [90m   | [39m                                               [31m^[39m
    [90m 57| [39m    })[33m;[39m
    [90m 58| [39m

[31m[2mΓÄ»ΓÄ»ΓÄ»ΓÄ»ΓÄ»ΓÄ»ΓÄ»ΓÄ»ΓÄ»ΓÄ»ΓÄ»ΓÄ»ΓÄ»ΓÄ»ΓÄ»ΓÄ»ΓÄ»ΓÄ»ΓÄ»ΓÄ»ΓÄ»[35/153]ΓÄ»[22m[39m

[41m[1m FAIL [22m[49m tests/lib/marked-loader.test.js[2m > [22mparseMarkdown[2m > 
[22mshould handle complex markdown
[31m[1mAssertionError[22m: expected '<h1>Title</h1></p><p><strong>bold</stΓÇª' to be 
'<h1>Title</h1><p><strong>bold</strongΓÇª' // Object.is equality[39m

Expected: [32m"<h1>Title</h1><p><strong>bold</strong> and <em>italic</em> 
<code>code</code>.</p><p><ul><li>item1</li><li>item2</li></ul></p><p><a href="url" 
target="_blank" rel="noopener noreferrer">link</a>[7m</p>[27m"[39m
Received: [31m"<h1>Title</h1><[7m/p><[27mp><strong>bold</strong> and <em>italic</em> 
<code>code</code>.</p><p><ul><li>item1</li><[7mbr><[27mli>item2</li></ul></p><p><a 
href="url" target="_blank" rel="noopener noreferrer">link</a>"[39m

[36m [2mΓ¥»[22m tests/lib/marked-loader.test.js:[2m72:44[22m[39m


[31m[2mΓÄ»ΓÄ»ΓÄ»ΓÄ»ΓÄ»ΓÄ»ΓÄ»ΓÄ»ΓÄ»ΓÄ»ΓÄ»ΓÄ»ΓÄ»ΓÄ»ΓÄ»ΓÄ»ΓÄ»ΓÄ»ΓÄ»ΓÄ»ΓÄ»[36/153]ΓÄ»[22m[39m

[41m[1m FAIL [22m[49m tests/utils/config.test.js[2m > [22mConfigManager[2m > 
[22mload[2m > [22mshould load saved config and merge with defaults
[31m[1mTypeError[22m: __vite_ssr_import_0__.vi.mocked(...).mockResolvedValue is not a 
function[39m
[36m [2mΓ¥»[22m tests/utils/config.test.js:[2m48:25[22m[39m
    [90m 46| [39m    it('should load saved config and merge with defaults', async () =>ΓÇª
    [90m 47| [39m      [35mconst[39m savedConfig [33m=[39m { ai[33m:[39m { 
k[33m:[39m [32m'saved-key'[39m } }[33m;[39m
    [90m 48| [39m      
vi[33m.[39m[34mmocked[39m(mockSg)[33m.[39m[34mmockResolvedValue[39m({ cfg[33m:[39m 
savedConfig })[33m;[39m
    [90m   | [39m                        [31m^[39m
    [90m 49| [39m
    [90m 50| [39m      [35mconst[39m result [33m=[39m [35mawait[39m 
manager[33m.[39m[34mload[39m()[33m;[39m

[31m[2mΓÄ»ΓÄ»ΓÄ»ΓÄ»ΓÄ»ΓÄ»ΓÄ»ΓÄ»ΓÄ»ΓÄ»ΓÄ»ΓÄ»ΓÄ»ΓÄ»ΓÄ»ΓÄ»ΓÄ»ΓÄ»ΓÄ»ΓÄ»ΓÄ»[37/153]ΓÄ»[22m[39m

[41m[1m FAIL [22m[49m tests/utils/config.test.js[2m > [22mConfigManager[2m > 
[22mload[2m > [22mshould use defaults when no saved config
[31m[1mTypeError[22m: __vite_ssr_import_0__.vi.mocked(...).mockResolvedValue is not a 
function[39m
[36m [2mΓ¥»[22m tests/utils/config.test.js:[2m58:25[22m[39m
    [90m 56| [39m
    [90m 57| [39m    [34mit[39m([32m'should use defaults when no saved 
config'[39m[33m,[39m [35masync[39m () [33m=>[39m {
    [90m 58| [39m      
vi[33m.[39m[34mmocked[39m(mockSg)[33m.[39m[34mmockResolvedValue[39m({})[33m;[39m
    [90m   | [39m                        [31m^[39m
    [90m 59| [39m
    [90m 60| [39m      [35mconst[39m result [33m=[39m [35mawait[39m 
manager[33m.[39m[34mload[39m()[33m;[39m

[31m[2mΓÄ»ΓÄ»ΓÄ»ΓÄ»ΓÄ»ΓÄ»ΓÄ»ΓÄ»ΓÄ»ΓÄ»ΓÄ»ΓÄ»ΓÄ»ΓÄ»ΓÄ»ΓÄ»ΓÄ»ΓÄ»ΓÄ»ΓÄ»ΓÄ»[38/153]ΓÄ»[22m[39m

[41m[1m FAIL [22m[49m tests/utils/config.test.js[2m > [22mConfigManager[2m > 
[22msave[2m > [22mshould save config with updated timestamp
[31m[1mTypeError[22m: __vite_ssr_import_0__.vi.mocked(...).mockResolvedValue is not a 
function[39m
[36m [2mΓ¥»[22m tests/utils/config.test.js:[2m68:25[22m[39m
    [90m 66| [39m  [34mdescribe[39m([32m'save'[39m[33m,[39m () [33m=>[39m {
    [90m 67| [39m    [34mit[39m([32m'should save config with updated 
timestamp'[39m[33m,[39m [35masync[39m () [33m=>[39m {
    [90m 68| [39m      
vi[33m.[39m[34mmocked[39m(mockSs)[33m.[39m[34mmockResolvedValue[39m()[33m;[39m
    [90m   | [39m                        [31m^[39m
    [90m 69| [39m
    [90m 70| [39m      [35mawait[39m manager[33m.[39m[34msave[39m()[33m;[39m

[31m[2mΓÄ»ΓÄ»ΓÄ»ΓÄ»ΓÄ»ΓÄ»ΓÄ»ΓÄ»ΓÄ»ΓÄ»ΓÄ»ΓÄ»ΓÄ»ΓÄ»ΓÄ»ΓÄ»ΓÄ»ΓÄ»ΓÄ»ΓÄ»ΓÄ»[39/153]ΓÄ»[22m[39m

[41m[1m FAIL [22m[49m tests/utils/config.test.js[2m > [22mConfigManager[2m > 
[22mupdate[2m > [22mshould set and save
[31m[1mTypeError[22m: __vite_ssr_import_0__.vi.mocked(...).mockResolvedValue is not a 
function[39m
[36m [2mΓ¥»[22m tests/utils/config.test.js:[2m109:25[22m[39m
    [90m107| [39m  [34mdescribe[39m([32m'update'[39m[33m,[39m () [33m=>[39m {
    [90m108| [39m    [34mit[39m([32m'should set and save'[39m[33m,[39m 
[35masync[39m () [33m=>[39m {
    [90m109| [39m      
vi[33m.[39m[34mmocked[39m(mockSs)[33m.[39m[34mmockResolvedValue[39m()[33m;[39m
    [90m   | [39m                        [31m^[39m
    [90m110| [39m
    [90m111| [39m      [35mawait[39m 
manager[33m.[39m[34mupdate[39m([32m'ai.k'[39m[33m,[39m 
[32m'updated-key'[39m)[33m;[39m

[31m[2mΓÄ»ΓÄ»ΓÄ»ΓÄ»ΓÄ»ΓÄ»ΓÄ»ΓÄ»ΓÄ»ΓÄ»ΓÄ»ΓÄ»ΓÄ»ΓÄ»ΓÄ»ΓÄ»ΓÄ»ΓÄ»ΓÄ»ΓÄ»ΓÄ»[40/153]ΓÄ»[22m[39m

[41m[1m FAIL [22m[49m tests/utils/config.test.js[2m > [22mConfigManager[2m > 
[22mreset[2m > [22mshould reset to defaults and save
[31m[1mTypeError[22m: __vite_ssr_import_0__.vi.mocked(...).mockResolvedValue is not a 
function[39m
[36m [2mΓ¥»[22m tests/utils/config.test.js:[2m121:25[22m[39m
    [90m119| [39m    [34mit[39m([32m'should reset to defaults and save'[39m[33m,[39m 
[35masync[39m () [33m=>[39m {
    [90m120| [39m      manager[33m.[39mc[33m.[39mai[33m.[39mk [33m=[39m 
[32m'modified'[39m[33m;[39m
    [90m121| [39m      
vi[33m.[39m[34mmocked[39m(mockSs)[33m.[39m[34mmockResolvedValue[39m()[33m;[39m
    [90m   | [39m                        [31m^[39m
    [90m122| [39m
    [90m123| [39m      [35mawait[39m manager[33m.[39m[34mreset[39m()[33m;[39m

[31m[2mΓÄ»ΓÄ»ΓÄ»ΓÄ»ΓÄ»ΓÄ»ΓÄ»ΓÄ»ΓÄ»ΓÄ»ΓÄ»ΓÄ»ΓÄ»ΓÄ»ΓÄ»ΓÄ»ΓÄ»ΓÄ»ΓÄ»ΓÄ»ΓÄ»[41/153]ΓÄ»[22m[39m

[41m[1m FAIL [22m[49m tests/utils/config.test.js[2m > [22mConfigManager[2m > [22mmg 
(merge)[2m > [22mshould handle arrays
[31m[1mTypeError[22m: mockIsa.mockReturnValue is not a function[39m
[36m [2mΓ¥»[22m tests/utils/config.test.js:[2m154:15[22m[39m
    [90m152| [39m
    [90m153| [39m    [34mit[39m([32m'should handle arrays'[39m[33m,[39m () 
[33m=>[39m {
    [90m154| [39m      
mockIsa[33m.[39m[34mmockReturnValue[39m([35mtrue[39m)[33m;[39m
    [90m   | [39m              [31m^[39m
    [90m155| [39m      [35mconst[39m defaults [33m=[39m { arr[33m:[39m 
[[34m1[39m[33m,[39m [34m2[39m] }[33m;[39m
    [90m156| [39m      [35mconst[39m saved [33m=[39m { arr[33m:[39m 
[[34m3[39m[33m,[39m [34m4[39m] }[33m;[39m

[31m[2mΓÄ»ΓÄ»ΓÄ»ΓÄ»ΓÄ»ΓÄ»ΓÄ»ΓÄ»ΓÄ»ΓÄ»ΓÄ»ΓÄ»ΓÄ»ΓÄ»ΓÄ»ΓÄ»ΓÄ»ΓÄ»ΓÄ»ΓÄ»ΓÄ»[42/153]ΓÄ»[22m[39m

[41m[1m FAIL [22m[49m tests/utils/config.test.js[2m > [22mConfigManager[2m > 
[22mexp[2m > [22mshould export config as JSON
[31m[1mTypeError[22m: mockJs.mockReturnValue is not a function[39m
[36m [2mΓ¥»[22m tests/utils/config.test.js:[2m166:14[22m[39m
    [90m164| [39m  [34mdescribe[39m([32m'exp'[39m[33m,[39m () [33m=>[39m {
    [90m165| [39m    [34mit[39m([32m'should export config as JSON'[39m[33m,[39m () 
[33m=>[39m {
    [90m166| [39m      mockJs[33m.[39m[34mmockReturnValue[39m([32m'{"test": 
"data"}'[39m)[33m;[39m
    [90m   | [39m             [31m^[39m
    [90m167| [39m
    [90m168| [39m      [35mconst[39m result [33m=[39m 
manager[33m.[39m[34mexp[39m()[33m;[39m

[31m[2mΓÄ»ΓÄ»ΓÄ»ΓÄ»ΓÄ»ΓÄ»ΓÄ»ΓÄ»ΓÄ»ΓÄ»ΓÄ»ΓÄ»ΓÄ»ΓÄ»ΓÄ»ΓÄ»ΓÄ»ΓÄ»ΓÄ»ΓÄ»ΓÄ»[43/153]ΓÄ»[22m[39m

[41m[1m FAIL [22m[49m tests/utils/config.test.js[2m > [22mConfigManager[2m > 
[22mimp[2m > [22mshould import valid JSON and save
[31m[1mTypeError[22m: mockJp.mockReturnValue is not a function[39m
[36m [2mΓ¥»[22m tests/utils/config.test.js:[2m178:14[22m[39m
    [90m176| [39m    [34mit[39m([32m'should import valid JSON and save'[39m[33m,[39m 
[35masync[39m () [33m=>[39m {
    [90m177| [39m      [35mconst[39m json [33m=[39m [32m'{"ai": {"k": 
"imported"}}'[39m[33m;[39m
    [90m178| [39m      mockJp[33m.[39m[34mmockReturnValue[39m({ ai[33m:[39m { 
k[33m:[39m [32m'imported'[39m } })[33m;[39m
    [90m   | [39m             [31m^[39m
    [90m179| [39m      
vi[33m.[39m[34mmocked[39m(mockSs)[33m.[39m[34mmockResolvedValue[39m()[33m;[39m
    [90m180| [39m

[31m[2mΓÄ»ΓÄ»ΓÄ»ΓÄ»ΓÄ»ΓÄ»ΓÄ»ΓÄ»ΓÄ»ΓÄ»ΓÄ»ΓÄ»ΓÄ»ΓÄ»ΓÄ»ΓÄ»ΓÄ»ΓÄ»ΓÄ»ΓÄ»ΓÄ»[44/153]ΓÄ»[22m[39m

[41m[1m FAIL [22m[49m tests/utils/config.test.js[2m > [22mConfigManager[2m > 
[22mimp[2m > [22mshould return 0 for invalid JSON
[31m[1mTypeError[22m: mockJp.mockImplementation is not a function[39m
[36m [2mΓ¥»[22m tests/utils/config.test.js:[2m189:14[22m[39m
    [90m187| [39m
    [90m188| [39m    [34mit[39m([32m'should return 0 for invalid JSON'[39m[33m,[39m 
[35masync[39m () [33m=>[39m {
    [90m189| [39m      mockJp[33m.[39m[34mmockImplementation[39m(() [33m=>[39m {
    [90m   | [39m             [31m^[39m
    [90m190| [39m        [35mthrow[39m [35mnew[39m [33mError[39m([32m'Invalid 
JSON'[39m)[33m;[39m
    [90m191| [39m      })[33m;[39m

[31m[2mΓÄ»ΓÄ»ΓÄ»ΓÄ»ΓÄ»ΓÄ»ΓÄ»ΓÄ»ΓÄ»ΓÄ»ΓÄ»ΓÄ»ΓÄ»ΓÄ»ΓÄ»ΓÄ»ΓÄ»ΓÄ»ΓÄ»ΓÄ»ΓÄ»[45/153]ΓÄ»[22m[39m

[41m[1m FAIL [22m[49m tests/api/core/rate-limiter.test.js[2m > [22mRateLimiter[2m > 
[22macquire[2m > [22mshould resolve immediately when under limit
[31m[1mAssertionError[22m: expected [] to have a length of 1 but got +0[39m

[32m- Expected[39m
[31m+ Received[39m

[32m- 1[39m
[31m+ 0[39m

[36m [2mΓ¥»[22m tests/api/core/rate-limiter.test.js:[2m43:34[22m[39m
    [90m 41| [39m
    [90m 42| [39m      [34mexpect[39m(limiter[33m.[39mqueue)[33m.[39m[34mtoHaveLengt
h[39m([34m0[39m)[33m;[39m
    [90m 43| [39m      [34mexpect[39m(limiter[33m.[39mtimestamps)[33m.[39m[34mtoHave
Length[39m([34m1[39m)[33m;[39m
    [90m   | [39m                                 [31m^[39m
    [90m 44| [39m    })[33m;[39m
    [90m 45| [39m

[31m[2mΓÄ»ΓÄ»ΓÄ»ΓÄ»ΓÄ»ΓÄ»ΓÄ»ΓÄ»ΓÄ»ΓÄ»ΓÄ»ΓÄ»ΓÄ»ΓÄ»ΓÄ»ΓÄ»ΓÄ»ΓÄ»ΓÄ»ΓÄ»ΓÄ»[46/153]ΓÄ»[22m[39m

[41m[1m FAIL [22m[49m tests/api/core/rate-limiter.test.js[2m > [22mRateLimiter[2m > 
[22macquire[2m > [22mshould queue when at limit
[31m[1mRangeError[22m: Maximum call stack size exceeded[39m
[36m [2mΓ¥»[22m w extension/utils/shortcuts/log.js:[2m3:36[22m[39m
    [90m  1| [39m[35mexport[39m [35mconst[39m l [33m=[39m ([33m...[39ma) 
[33m=>[39m console[33m.[39m[34mlog[39m([33m...[39ma)[33m;[39m
    [90m  2| [39m[35mexport[39m [35mconst[39m e [33m=[39m ([33m...[39ma) 
[33m=>[39m console[33m.[39m[34merror[39m([33m...[39ma)[33m;[39m
    [90m  3| [39m[35mexport[39m [35mconst[39m w [33m=[39m ([33m...[39ma) 
[33m=>[39m console[33m.[39m[34mwarn[39m([33m...[39ma)[33m;[39m
    [90m   | [39m                                   [31m^[39m
    [90m  4| [39m[35mexport[39m [35mconst[39m i [33m=[39m ([33m...[39ma) 
[33m=>[39m console[33m.[39m[34minfo[39m([33m...[39ma)[33m;[39m
    [90m  5| [39m[35mexport[39m [35mconst[39m db [33m=[39m ([33m...[39ma) 
[33m=>[39m console[33m.[39m[34mdebug[39m([33m...[39ma)[33m;[39m
[90m [2mΓ¥»[22m RateLimiter._processQueue 
extension/api/core/rate-limiter.js:[2m41:8[22m[39m
[90m [2mΓ¥»[22m extension/api/core/rate-limiter.js:[2m43:21[22m[39m
[90m [2mΓ¥»[22m tests/api/core/rate-limiter.test.js:[2m52:46[22m[39m
[90m [2mΓ¥»[22m RateLimiter._processQueue 
extension/api/core/rate-limiter.js:[2m43:9[22m[39m
[90m [2mΓ¥»[22m extension/api/core/rate-limiter.js:[2m43:21[22m[39m
[90m [2mΓ¥»[22m tests/api/core/rate-limiter.test.js:[2m52:46[22m[39m

[31m[2mΓÄ»ΓÄ»ΓÄ»ΓÄ»ΓÄ»ΓÄ»ΓÄ»ΓÄ»ΓÄ»ΓÄ»ΓÄ»ΓÄ»ΓÄ»ΓÄ»ΓÄ»ΓÄ»ΓÄ»ΓÄ»ΓÄ»ΓÄ»ΓÄ»[47/153]ΓÄ»[22m[39m

[41m[1m FAIL [22m[49m tests/background/security/sender-check.test.js[2m > 
[22misFromContentScript[2m > [22mshould return false for non-content script
[31m[1mAssertionError[22m: expected undefined to be false // Object.is equality[39m

[32m- Expected:[39m 
false

[31m+ Received:[39m 
undefined

[36m [2mΓ¥»[22m tests/background/security/sender-check.test.js:[2m60:24[22m[39m
    [90m 58| [39m        [35mconst[39m result [33m=[39m 
[34misFromContentScript[39m(sender)[33m;[39m
    [90m 59| [39m
    [90m 60| [39m        
[34mexpect[39m(result)[33m.[39m[34mtoBe[39m([35mfalse[39m)[33m;[39m
    [90m   | [39m                       [31m^[39m
    [90m 61| [39m    })[33m;[39m
    [90m 62| [39m

[31m[2mΓÄ»ΓÄ»ΓÄ»ΓÄ»ΓÄ»ΓÄ»ΓÄ»ΓÄ»ΓÄ»ΓÄ»ΓÄ»ΓÄ»ΓÄ»ΓÄ»ΓÄ»ΓÄ»ΓÄ»ΓÄ»ΓÄ»ΓÄ»ΓÄ»[48/153]ΓÄ»[22m[39m

[41m[1m FAIL [22m[49m tests/background/security/sender-check.test.js[2m > 
[22misFromContentScript[2m > [22mshould return false for undefined sender
[31m[1mAssertionError[22m: expected undefined to be false // Object.is equality[39m

[32m- Expected:[39m 
false

[31m+ Received:[39m 
undefined

[36m [2mΓ¥»[22m tests/background/security/sender-check.test.js:[2m66:24[22m[39m
    [90m 64| [39m        [35mconst[39m result [33m=[39m 
[34misFromContentScript[39m(undefined)[33m;[39m
    [90m 65| [39m
    [90m 66| [39m        
[34mexpect[39m(result)[33m.[39m[34mtoBe[39m([35mfalse[39m)[33m;[39m
    [90m   | [39m                       [31m^[39m
    [90m 67| [39m    })[33m;[39m
    [90m 68| [39m})[33m;[39m

[31m[2mΓÄ»ΓÄ»ΓÄ»ΓÄ»ΓÄ»ΓÄ»ΓÄ»ΓÄ»ΓÄ»ΓÄ»ΓÄ»ΓÄ»ΓÄ»ΓÄ»ΓÄ»ΓÄ»ΓÄ»ΓÄ»ΓÄ»ΓÄ»ΓÄ»[49/153]ΓÄ»[22m[39m

[41m[1m FAIL [22m[49m tests/background/security/validator.test.js[2m > 
[22msanitizeString[2m > [22mshould sanitize string
[41m[1m FAIL [22m[49m tests/background/security/validator.test.js[2m > 
[22msanitizeString[2m > [22mshould return empty for non-string
[31m[1mTypeError[22m: mockRp.mockImplementation is not a function[39m
[36m [2mΓ¥»[22m tests/background/security/validator.test.js:[2m75:12[22m[39m
    [90m 73| [39m  [34mbeforeEach[39m(() [33m=>[39m {
    [90m 74| [39m    mockRp = vi.mocked(require('../../../extension/utils/shortcuts/strΓÇª
    [90m 75| [39m    mockRp.mockImplementation((str, regex, repl) => str.replace(regex,ΓÇª
    [90m   | [39m           [31m^[39m
    [90m 76| [39m  })[33m;[39m
    [90m 77| [39m

[31m[2mΓÄ»ΓÄ»ΓÄ»ΓÄ»ΓÄ»ΓÄ»ΓÄ»ΓÄ»ΓÄ»ΓÄ»ΓÄ»ΓÄ»ΓÄ»ΓÄ»ΓÄ»ΓÄ»ΓÄ»ΓÄ»ΓÄ»ΓÄ»ΓÄ»[50/153]ΓÄ»[22m[39m

[41m[1m FAIL [22m[49m tests/background/security/validator.test.js[2m > 
[22mvalidateTranscript[2m > [22mshould validate valid transcript
[41m[1m FAIL [22m[49m tests/background/security/validator.test.js[2m > 
[22mvalidateTranscript[2m > [22mshould invalidate non-array
[41m[1m FAIL [22m[49m tests/background/security/validator.test.js[2m > 
[22mvalidateTranscript[2m > [22mshould invalidate too large
[41m[1m FAIL [22m[49m tests/background/security/validator.test.js[2m > 
[22mvalidateTranscript[2m > [22mshould invalidate invalid structure
[31m[1mTypeError[22m: mockIsa.mockReturnValue is not a function[39m
[36m [2mΓ¥»[22m tests/background/security/validator.test.js:[2m97:13[22m[39m
    [90m 95| [39m    mockIsa = vi.mocked(require('../../../extension/utils/shortcuts/arΓÇª
    [90m 96| [39m    mockJs = vi.mocked(require('../../../extension/utils/shortcuts/corΓÇª
    [90m 97| [39m    mockIsa[33m.[39m[34mmockReturnValue[39m([35mtrue[39m)[33m;[39m
    [90m   | [39m            [31m^[39m
    [90m 98| [39m    
mockJs[33m.[39m[34mmockReturnValue[39m([32m'{"test":"data"}'[39m)[33m;[39m
    [90m 99| [39m  })[33m;[39m

[31m[2mΓÄ»ΓÄ»ΓÄ»ΓÄ»ΓÄ»ΓÄ»ΓÄ»ΓÄ»ΓÄ»ΓÄ»ΓÄ»ΓÄ»ΓÄ»ΓÄ»ΓÄ»ΓÄ»ΓÄ»ΓÄ»ΓÄ»ΓÄ»ΓÄ»[51/153]ΓÄ»[22m[39m

[41m[1m FAIL [22m[49m tests/background/security/validator.test.js[2m > 
[22msanitizeRequest[2m > [22mshould sanitize request fields
[31m[1mAssertionError[22m: the given combination of arguments (undefined and string) is 
invalid for this assertion. You can use an array, a map, an object, a set, a string, or a 
weakset instead of a string[39m
[36m [2mΓ¥»[22m tests/background/security/validator.test.js:[2m148:29[22m[39m
    [90m146| [39m
    [90m147| [39m    [34mexpect[39m(result[33m.[39mvideoId)[33m.[39m[34mtoBe[39m([
32m'dQw4w9WgXcQ'[39m)[33m;[39m
    [90m148| [39m    expect(result.question).toContain('hack'); // since sanitizeStringΓÇª
    [90m   | [39m                            [31m^[39m
    [90m149| [39m    [34mexpect[39m(result[33m.[39mtitle)[33m.[39m[34mtoBe[39m([32
m'Title'[39m)[33m;[39m
    [90m150| [39m    [34mexpect[39m(result[33m.[39msummary[33m.[39mlength)[33m.[39m
[34mtoBeLessThan[39m([34m50000[39m)[33m;[39m

[31m[2mΓÄ»ΓÄ»ΓÄ»ΓÄ»ΓÄ»ΓÄ»ΓÄ»ΓÄ»ΓÄ»ΓÄ»ΓÄ»ΓÄ»ΓÄ»ΓÄ»ΓÄ»ΓÄ»ΓÄ»ΓÄ»ΓÄ»ΓÄ»ΓÄ»[52/153]ΓÄ»[22m[39m

[41m[1m FAIL [22m[49m tests/background/handlers/cache.test.js[2m > 
[22mhandleGetCachedData[2m > [22mshould return cached data successfully
[41m[1m FAIL [22m[49m tests/background/handlers/cache.test.js[2m > 
[22mhandleGetCachedData[2m > [22mshould handle no apiKey
[41m[1m FAIL [22m[49m tests/background/handlers/cache.test.js[2m > 
[22mhandleGetCachedData[2m > [22mshould handle no storage
[41m[1m FAIL [22m[49m tests/background/handlers/cache.test.js[2m > 
[22mhandleGetCachedData[2m > [22mshould handle error
[31m[1mTypeError[22m: mockGetServices.mockReturnValue is not a function[39m
[36m [2mΓ¥»[22m tests/background/handlers/cache.test.js:[2m31:21[22m[39m
    [90m 29| [39m    mockE = vi.mocked(require('../../../extension/utils/shortcuts/log.ΓÇª
    [90m 30| [39m    mockStorage [33m=[39m { getVideoData[33m:[39m 
vi[33m.[39m[34mfn[39m() }[33m;[39m
    [90m 31| [39m    mockGetServices[33m.[39m[34mmockReturnValue[39m({ 
storage[33m:[39m mockStorage })[33m;[39m
    [90m   | [39m                    [31m^[39m
    [90m 32| [39m    mockRsp [33m=[39m vi[33m.[39m[34mfn[39m()[33m;[39m
    [90m 33| [39m  })[33m;[39m

[31m[2mΓÄ»ΓÄ»ΓÄ»ΓÄ»ΓÄ»ΓÄ»ΓÄ»ΓÄ»ΓÄ»ΓÄ»ΓÄ»ΓÄ»ΓÄ»ΓÄ»ΓÄ»ΓÄ»ΓÄ»ΓÄ»ΓÄ»ΓÄ»ΓÄ»[53/153]ΓÄ»[22m[39m

[41m[1m FAIL [22m[49m tests/background/handlers/chat-history.test.js[2m > 
[22mhandleSaveChatMessage[2m > [22mshould save chat message successfully
[41m[1m FAIL [22m[49m tests/background/handlers/chat-history.test.js[2m > 
[22mhandleSaveChatMessage[2m > [22mshould handle no apiKey
[41m[1m FAIL [22m[49m tests/background/handlers/chat-history.test.js[2m > 
[22mhandleSaveChatMessage[2m > [22mshould handle no storage
[31m[1mTypeError[22m: mockGetServices.mockReturnValue is not a function[39m
[36m [2mΓ¥»[22m tests/background/handlers/chat-history.test.js:[2m26:21[22m[39m
    [90m 24| [39m    mockGetApiKey = vi.mocked(require('../../../extension/background/uΓÇª
    [90m 25| [39m    mockStorage [33m=[39m { saveChatMessage[33m:[39m 
vi[33m.[39m[34mfn[39m() }[33m;[39m
    [90m 26| [39m    mockGetServices[33m.[39m[34mmockReturnValue[39m({ 
storage[33m:[39m mockStorage })[33m;[39m
    [90m   | [39m                    [31m^[39m
    [90m 27| [39m    mockRsp [33m=[39m vi[33m.[39m[34mfn[39m()[33m;[39m
    [90m 28| [39m  })[33m;[39m

[31m[2mΓÄ»ΓÄ»ΓÄ»ΓÄ»ΓÄ»ΓÄ»ΓÄ»ΓÄ»ΓÄ»ΓÄ»ΓÄ»ΓÄ»ΓÄ»ΓÄ»ΓÄ»ΓÄ»ΓÄ»ΓÄ»ΓÄ»ΓÄ»ΓÄ»[54/153]ΓÄ»[22m[39m

[41m[1m FAIL [22m[49m tests/background/handlers/chat.test.js[2m > 
[22mhandleChatWithVideo[2m > [22mshould chat with video successfully
[41m[1m FAIL [22m[49m tests/background/handlers/chat.test.js[2m > 
[22mhandleChatWithVideo[2m > [22mshould handle no apiKey
[41m[1m FAIL [22m[49m tests/background/handlers/chat.test.js[2m > 
[22mhandleChatWithVideo[2m > [22mshould handle error
[31m[1mTypeError[22m: mockGetServices.mockReturnValue is not a function[39m
[36m [2mΓ¥»[22m tests/background/handlers/chat.test.js:[2m26:21[22m[39m
    [90m 24| [39m    mockGetApiKey = vi.mocked(require('../../../extension/background/uΓÇª
    [90m 25| [39m    mockGemini [33m=[39m { chatWithVideo[33m:[39m 
vi[33m.[39m[34mfn[39m() }[33m;[39m
    [90m 26| [39m    mockGetServices[33m.[39m[34mmockReturnValue[39m({ 
gemini[33m:[39m mockGemini })[33m;[39m
    [90m   | [39m                    [31m^[39m
    [90m 27| [39m    mockRsp [33m=[39m vi[33m.[39m[34mfn[39m()[33m;[39m
    [90m 28| [39m  })[33m;[39m

[31m[2mΓÄ»ΓÄ»ΓÄ»ΓÄ»ΓÄ»ΓÄ»ΓÄ»ΓÄ»ΓÄ»ΓÄ»ΓÄ»ΓÄ»ΓÄ»ΓÄ»ΓÄ»ΓÄ»ΓÄ»ΓÄ»ΓÄ»ΓÄ»ΓÄ»[55/153]ΓÄ»[22m[39m

[41m[1m FAIL [22m[49m tests/background/handlers/comments-storage.test.js[2m > 
[22mhandleSaveComments[2m > [22mshould initialize services if apiKey exists
[31m[1mTypeError[22m: __vite_ssr_import_0__.vi.mocked(...).mockResolvedValue is not a 
function[39m
[36m [2mΓ¥»[22m tests/background/handlers/comments-storage.test.js:[2m28:30[22m[39m
    [90m 26| [39m  [34mit[39m([32m'should initialize services if apiKey 
exists'[39m[33m,[39m [35masync[39m () [33m=>[39m {
    [90m 27| [39m    [35mconst[39m req [33m=[39m {}[33m;[39m
    [90m 28| [39m    vi[33m.[39m[34mmocked[39m(mockGetApiKey)[33m.[39m[34mmockResolv
edValue[39m([32m'key'[39m)[33m;[39m
    [90m   | [39m                             [31m^[39m
    [90m 29| [39m    vi[33m.[39m[34mmocked[39m(mockInitializeServices)[33m.[39m[34mm
ockResolvedValue[39m()[33m;[39m
    [90m 30| [39m

[31m[2mΓÄ»ΓÄ»ΓÄ»ΓÄ»ΓÄ»ΓÄ»ΓÄ»ΓÄ»ΓÄ»ΓÄ»ΓÄ»ΓÄ»ΓÄ»ΓÄ»ΓÄ»ΓÄ»ΓÄ»ΓÄ»ΓÄ»ΓÄ»ΓÄ»[56/153]ΓÄ»[22m[39m

[41m[1m FAIL [22m[49m tests/background/handlers/comments-storage.test.js[2m > 
[22mhandleSaveComments[2m > [22mshould not initialize if no apiKey
[31m[1mTypeError[22m: __vite_ssr_import_0__.vi.mocked(...).mockResolvedValue is not a 
function[39m
[36m [2mΓ¥»[22m tests/background/handlers/comments-storage.test.js:[2m40:30[22m[39m
    [90m 38| [39m  [34mit[39m([32m'should not initialize if no apiKey'[39m[33m,[39m 
[35masync[39m () [33m=>[39m {
    [90m 39| [39m    [35mconst[39m req [33m=[39m {}[33m;[39m
    [90m 40| [39m    vi[33m.[39m[34mmocked[39m(mockGetApiKey)[33m.[39m[34mmockResolv
edValue[39m([35mnull[39m)[33m;[39m
    [90m   | [39m                             [31m^[39m
    [90m 41| [39m
    [90m 42| [39m    [35mawait[39m [34mhandleSaveComments[39m(req[33m,[39m 
mockRsp)[33m;[39m

[31m[2mΓÄ»ΓÄ»ΓÄ»ΓÄ»ΓÄ»ΓÄ»ΓÄ»ΓÄ»ΓÄ»ΓÄ»ΓÄ»ΓÄ»ΓÄ»ΓÄ»ΓÄ»ΓÄ»ΓÄ»ΓÄ»ΓÄ»ΓÄ»ΓÄ»[57/153]ΓÄ»[22m[39m

[41m[1m FAIL [22m[49m tests/background/handlers/comments.test.js[2m > 
[22mhandleAnalyzeComments[2m > [22mshould analyze comments successfully
[41m[1m FAIL [22m[49m tests/background/handlers/comments.test.js[2m > 
[22mhandleAnalyzeComments[2m > [22mshould handle no apiKey
[41m[1m FAIL [22m[49m tests/background/handlers/comments.test.js[2m > 
[22mhandleAnalyzeComments[2m > [22mshould handle error
[31m[1mTypeError[22m: mockGetServices.mockReturnValue is not a function[39m
[36m [2mΓ¥»[22m tests/background/handlers/comments.test.js:[2m31:21[22m[39m
    [90m 29| [39m    mockE = vi.mocked(require('../../../extension/utils/shortcuts/log.ΓÇª
    [90m 30| [39m    mockGemini [33m=[39m { analyzeCommentSentiment[33m:[39m 
vi[33m.[39m[34mfn[39m() }[33m;[39m
    [90m 31| [39m    mockGetServices[33m.[39m[34mmockReturnValue[39m({ 
gemini[33m:[39m mockGemini })[33m;[39m
    [90m   | [39m                    [31m^[39m
    [90m 32| [39m    mockRsp [33m=[39m vi[33m.[39m[34mfn[39m()[33m;[39m
    [90m 33| [39m  })[33m;[39m

[31m[2mΓÄ»ΓÄ»ΓÄ»ΓÄ»ΓÄ»ΓÄ»ΓÄ»ΓÄ»ΓÄ»ΓÄ»ΓÄ»ΓÄ»ΓÄ»ΓÄ»ΓÄ»ΓÄ»ΓÄ»ΓÄ»ΓÄ»ΓÄ»ΓÄ»[58/153]ΓÄ»[22m[39m

[41m[1m FAIL [22m[49m tests/background/handlers/fetch-transcript.test.js[2m > 
[22mhandleFetchTranscript[2m > [22mhandleFetchTranscript[2m > [22mshould fetch 
transcript successfully with json3
[41m[1m FAIL [22m[49m tests/background/handlers/fetch-transcript.test.js[2m > 
[22mhandleFetchTranscript[2m > [22mhandleFetchTranscript[2m > [22mshould fallback to 
srv3 if json3 fails
[41m[1m FAIL [22m[49m tests/background/handlers/fetch-transcript.test.js[2m > 
[22mhandleFetchTranscript[2m > [22mhandleFetchTranscript[2m > [22mshould return error 
if all methods fail
[31m[1mTypeError[22m: mockPf.mockImplementation is not a function[39m
[36m [2mΓ¥»[22m tests/background/handlers/fetch-transcript.test.js:[2m45:12[22m[39m
    [90m 43| [39m
    [90m 44| [39m    [90m// Setup common mocks[39m
    [90m 45| [39m    mockPf[33m.[39m[34mmockImplementation[39m([33mNumber[39m[33m.[
39mparseFloat)[33m;[39m
    [90m   | [39m           [31m^[39m
    [90m 46| [39m    mockTrm[33m.[39m[34mmockImplementation[39m(s [33m=>[39m s 
[33m&&[39m s[33m.[39m[34mtrim[39m()[33m.[39mlength [33m>[39m 
[34m0[39m)[33m;[39m
    [90m 47| [39m    mockRp.mockImplementation((str, regex, repl) => str.replace(regex,ΓÇª

[31m[2mΓÄ»ΓÄ»ΓÄ»ΓÄ»ΓÄ»ΓÄ»ΓÄ»ΓÄ»ΓÄ»ΓÄ»ΓÄ»ΓÄ»ΓÄ»ΓÄ»ΓÄ»ΓÄ»ΓÄ»ΓÄ»ΓÄ»ΓÄ»ΓÄ»[59/153]ΓÄ»[22m[39m

[41m[1m FAIL [22m[49m tests/background/handlers/get-lyrics.test.js[2m > 
[22mhandleGetLyrics[2m > [22mshould get lyrics successfully
[31m[1mTypeError[22m: __vite_ssr_import_0__.vi.mocked(...).mockResolvedValue is not a 
function[39m
[36m [2mΓ¥»[22m tests/background/handlers/get-lyrics.test.js:[2m30:30[22m[39m
    [90m 28| [39m  [34mit[39m([32m'should get lyrics successfully'[39m[33m,[39m 
[35masync[39m () [33m=>[39m {
    [90m 29| [39m    [35mconst[39m req [33m=[39m { title[33m:[39m 
[32m'Song'[39m[33m,[39m artist[33m:[39m [32m'Artist'[39m }[33m;[39m
    [90m 30| [39m    vi[33m.[39m[34mmocked[39m(mockGetLyrics)[33m.[39m[34mmockResolv
edValue[39m([32m'Lyrics text'[39m)[33m;[39m
    [90m   | [39m                             [31m^[39m
    [90m 31| [39m
    [90m 32| [39m    [35mawait[39m [34mhandleGetLyrics[39m(req[33m,[39m 
mockRsp)[33m;[39m

[31m[2mΓÄ»ΓÄ»ΓÄ»ΓÄ»ΓÄ»ΓÄ»ΓÄ»ΓÄ»ΓÄ»ΓÄ»ΓÄ»ΓÄ»ΓÄ»ΓÄ»ΓÄ»ΓÄ»ΓÄ»ΓÄ»ΓÄ»ΓÄ»ΓÄ»[60/153]ΓÄ»[22m[39m

[41m[1m FAIL [22m[49m tests/background/handlers/get-lyrics.test.js[2m > 
[22mhandleGetLyrics[2m > [22mshould handle error
[31m[1mTypeError[22m: __vite_ssr_import_0__.vi.mocked(...).mockRejectedValue is not a 
function[39m
[36m [2mΓ¥»[22m tests/background/handlers/get-lyrics.test.js:[2m40:30[22m[39m
    [90m 38| [39m  [34mit[39m([32m'should handle error'[39m[33m,[39m [35masync[39m 
() [33m=>[39m {
    [90m 39| [39m    [35mconst[39m req [33m=[39m { title[33m:[39m 
[32m'Song'[39m[33m,[39m artist[33m:[39m [32m'Artist'[39m }[33m;[39m
    [90m 40| [39m    vi[33m.[39m[34mmocked[39m(mockGetLyrics)[33m.[39m[34mmockReject
edValue[39m([35mnew[39m [33mError[39m([32m'Not found'[39m))[33m;[39m
    [90m   | [39m                             [31m^[39m
    [90m 41| [39m
    [90m 42| [39m    [35mawait[39m [34mhandleGetLyrics[39m(req[33m,[39m 
mockRsp)[33m;[39m

[31m[2mΓÄ»ΓÄ»ΓÄ»ΓÄ»ΓÄ»ΓÄ»ΓÄ»ΓÄ»ΓÄ»ΓÄ»ΓÄ»ΓÄ»ΓÄ»ΓÄ»ΓÄ»ΓÄ»ΓÄ»ΓÄ»ΓÄ»ΓÄ»ΓÄ»[61/153]ΓÄ»[22m[39m

[41m[1m FAIL [22m[49m tests/background/handlers/history.test.js[2m > 
[22mhandleSaveToHistory[2m > [22mshould save to history successfully
[41m[1m FAIL [22m[49m tests/background/handlers/history.test.js[2m > 
[22mhandleSaveToHistory[2m > [22mshould handle existing history
[41m[1m FAIL [22m[49m tests/background/handlers/history.test.js[2m > 
[22mhandleSaveToHistory[2m > [22mshould limit history to 100
[41m[1m FAIL [22m[49m tests/background/handlers/history.test.js[2m > 
[22mhandleSaveToHistory[2m > [22mshould handle error
[31m[1mTypeError[22m: mockNw.mockReturnValue is not a function[39m
[36m [2mΓ¥»[22m tests/background/handlers/history.test.js:[2m28:12[22m[39m
    [90m 26| [39m    mockNw = vi.mocked(require('../../../extension/utils/shortcuts/corΓÇª
    [90m 27| [39m    mockE = vi.mocked(require('../../../extension/utils/shortcuts/log.ΓÇª
    [90m 28| [39m    
mockNw[33m.[39m[34mmockReturnValue[39m([34m1234567890[39m)[33m;[39m
    [90m   | [39m           [31m^[39m
    [90m 29| [39m    mockRsp [33m=[39m vi[33m.[39m[34mfn[39m()[33m;[39m
    [90m 30| [39m  })[33m;[39m

[31m[2mΓÄ»ΓÄ»ΓÄ»ΓÄ»ΓÄ»ΓÄ»ΓÄ»ΓÄ»ΓÄ»ΓÄ»ΓÄ»ΓÄ»ΓÄ»ΓÄ»ΓÄ»ΓÄ»ΓÄ»ΓÄ»ΓÄ»ΓÄ»ΓÄ»[62/153]ΓÄ»[22m[39m

[41m[1m FAIL [22m[49m tests/background/handlers/metadata.test.js[2m > 
[22mhandleGetMetadata[2m > [22mshould return dummy metadata
[31m[1mTypeError[22m: [Function w] is not a spy or a call to a spy![39m
[36m [2mΓ¥»[22m tests/background/handlers/metadata.test.js:[2m26:19[22m[39m
    [90m 24| [39m    [35mawait[39m [34mhandleGetMetadata[39m(req[33m,[39m 
mockRsp)[33m;[39m
    [90m 25| [39m
    [90m 26| [39m    [34mexpect[39m(mockW)[33m.[39m[34mtoHaveBeenCalledWith[39m(
    [90m   | [39m                  [31m^[39m
    [90m 27| [39m      '[Background] GET_METADATA called - this should be handled by coΓÇª
    [90m 28| [39m    )[33m;[39m

[31m[2mΓÄ»ΓÄ»ΓÄ»ΓÄ»ΓÄ»ΓÄ»ΓÄ»ΓÄ»ΓÄ»ΓÄ»ΓÄ»ΓÄ»ΓÄ»ΓÄ»ΓÄ»ΓÄ»ΓÄ»ΓÄ»ΓÄ»ΓÄ»ΓÄ»[63/153]ΓÄ»[22m[39m

[41m[1m FAIL [22m[49m tests/background/handlers/segments.test.js[2m > 
[22mhandleClassifySegments[2m > [22mshould classify segments successfully
[41m[1m FAIL [22m[49m tests/background/handlers/segments.test.js[2m > 
[22mhandleClassifySegments[2m > [22mshould use apiKey from settings
[41m[1m FAIL [22m[49m tests/background/handlers/segments.test.js[2m > 
[22mhandleClassifySegments[2m > [22mshould handle no apiKey
[31m[1mTypeError[22m: mockGetServices.mockReturnValue is not a function[39m
[36m [2mΓ¥»[22m tests/background/handlers/segments.test.js:[2m26:21[22m[39m
    [90m 24| [39m    mockGetApiKey = vi.mocked(require('../../../extension/background/uΓÇª
    [90m 25| [39m    mockSegmentClassification [33m=[39m { classifyTranscript[33m:[39m 
vi[33m.[39m[34mfn[39m() }[33m;[39m
    [90m 26| [39m    mockGetServices.mockReturnValue({ segmentClassification: mockSegmeΓÇª
    [90m   | [39m                    [31m^[39m
    [90m 27| [39m    mockRsp [33m=[39m vi[33m.[39m[34mfn[39m()[33m;[39m
    [90m 28| [39m  })[33m;[39m

[31m[2mΓÄ»ΓÄ»ΓÄ»ΓÄ»ΓÄ»ΓÄ»ΓÄ»ΓÄ»ΓÄ»ΓÄ»ΓÄ»ΓÄ»ΓÄ»ΓÄ»ΓÄ»ΓÄ»ΓÄ»ΓÄ»ΓÄ»ΓÄ»ΓÄ»[64/153]ΓÄ»[22m[39m

[41m[1m FAIL [22m[49m tests/background/handlers/settings.test.js[2m > 
[22mhandleGetSettings[2m > [22mshould get settings successfully
[31m[1mTypeError[22m: __vite_ssr_import_0__.vi.mocked(...).mockResolvedValue is not a 
function[39m
[36m [2mΓ¥»[22m tests/background/handlers/settings.test.js:[2m25:23[22m[39m
    [90m 23| [39m
    [90m 24| [39m  [34mit[39m([32m'should get settings successfully'[39m[33m,[39m 
[35masync[39m () [33m=>[39m {
    [90m 25| [39m    
vi[33m.[39m[34mmocked[39m(mockSg)[33m.[39m[34mmockResolvedValue[39m({ 
config[33m:[39m { key[33m:[39m [32m'value'[39m } })[33m;[39m
    [90m   | [39m                      [31m^[39m
    [90m 26| [39m
    [90m 27| [39m    [35mawait[39m [34mhandleGetSettings[39m(mockRsp)[33m;[39m

[31m[2mΓÄ»ΓÄ»ΓÄ»ΓÄ»ΓÄ»ΓÄ»ΓÄ»ΓÄ»ΓÄ»ΓÄ»ΓÄ»ΓÄ»ΓÄ»ΓÄ»ΓÄ»ΓÄ»ΓÄ»ΓÄ»ΓÄ»ΓÄ»ΓÄ»[65/153]ΓÄ»[22m[39m

[41m[1m FAIL [22m[49m tests/background/handlers/settings.test.js[2m > 
[22mhandleGetSettings[2m > [22mshould return empty config if no config
[31m[1mTypeError[22m: __vite_ssr_import_0__.vi.mocked(...).mockResolvedValue is not a 
function[39m
[36m [2mΓ¥»[22m tests/background/handlers/settings.test.js:[2m34:23[22m[39m
    [90m 32| [39m
    [90m 33| [39m  [34mit[39m([32m'should return empty config if no 
config'[39m[33m,[39m [35masync[39m () [33m=>[39m {
    [90m 34| [39m    
vi[33m.[39m[34mmocked[39m(mockSg)[33m.[39m[34mmockResolvedValue[39m({})[33m;[39m
    [90m   | [39m                      [31m^[39m
    [90m 35| [39m
    [90m 36| [39m    [35mawait[39m [34mhandleGetSettings[39m(mockRsp)[33m;[39m

[31m[2mΓÄ»ΓÄ»ΓÄ»ΓÄ»ΓÄ»ΓÄ»ΓÄ»ΓÄ»ΓÄ»ΓÄ»ΓÄ»ΓÄ»ΓÄ»ΓÄ»ΓÄ»ΓÄ»ΓÄ»ΓÄ»ΓÄ»ΓÄ»ΓÄ»[66/153]ΓÄ»[22m[39m

[41m[1m FAIL [22m[49m tests/background/handlers/settings.test.js[2m > 
[22mhandleGetSettings[2m > [22mshould handle error
[31m[1mTypeError[22m: __vite_ssr_import_0__.vi.mocked(...).mockRejectedValue is not a 
function[39m
[36m [2mΓ¥»[22m tests/background/handlers/settings.test.js:[2m42:23[22m[39m
    [90m 40| [39m
    [90m 41| [39m  [34mit[39m([32m'should handle error'[39m[33m,[39m [35masync[39m 
() [33m=>[39m {
    [90m 42| [39m    
vi[33m.[39m[34mmocked[39m(mockSg)[33m.[39m[34mmockRejectedValue[39m([35mnew[39m 
[33mError[39m([32m'Storage error'[39m))[33m;[39m
    [90m   | [39m                      [31m^[39m
    [90m 43| [39m
    [90m 44| [39m    [35mawait[39m [34mhandleGetSettings[39m(mockRsp)[33m;[39m

[31m[2mΓÄ»ΓÄ»ΓÄ»ΓÄ»ΓÄ»ΓÄ»ΓÄ»ΓÄ»ΓÄ»ΓÄ»ΓÄ»ΓÄ»ΓÄ»ΓÄ»ΓÄ»ΓÄ»ΓÄ»ΓÄ»ΓÄ»ΓÄ»ΓÄ»[67/153]ΓÄ»[22m[39m

[41m[1m FAIL [22m[49m tests/background/handlers/summary.test.js[2m > 
[22mhandleGenerateSummary[2m > [22mshould generate summary successfully
[41m[1m FAIL [22m[49m tests/background/handlers/summary.test.js[2m > 
[22mhandleGenerateSummary[2m > [22mshould handle string transcript
[41m[1m FAIL [22m[49m tests/background/handlers/summary.test.js[2m > 
[22mhandleGenerateSummary[2m > [22mshould handle no apiKey
[31m[1mTypeError[22m: mockGetServices.mockReturnValue is not a function[39m
[36m [2mΓ¥»[22m tests/background/handlers/summary.test.js:[2m48:21[22m[39m
    [90m 46| [39m    mockIsa = vi.mocked(require('../../../extension/utils/shortcuts/arΓÇª
    [90m 47| [39m    mockGemini [33m=[39m { generateSummary[33m:[39m 
vi[33m.[39m[34mfn[39m() }[33m;[39m
    [90m 48| [39m    mockGetServices[33m.[39m[34mmockReturnValue[39m({ 
gemini[33m:[39m mockGemini })[33m;[39m
    [90m   | [39m                    [31m^[39m
    [90m 49| [39m    mockRsp [33m=[39m vi[33m.[39m[34mfn[39m()[33m;[39m
    [90m 50| [39m

[31m[2mΓÄ»ΓÄ»ΓÄ»ΓÄ»ΓÄ»ΓÄ»ΓÄ»ΓÄ»ΓÄ»ΓÄ»ΓÄ»ΓÄ»ΓÄ»ΓÄ»ΓÄ»ΓÄ»ΓÄ»ΓÄ»ΓÄ»ΓÄ»ΓÄ»[68/153]ΓÄ»[22m[39m

[41m[1m FAIL [22m[49m tests/background/handlers/video-data.test.js[2m > 
[22mhandleSaveHistory[2m > [22mshould save history
[31m[1mTypeError[22m: mockGetHistory.mockReturnValue is not a function[39m
[36m [2mΓ¥»[22m tests/background/handlers/video-data.test.js:[2m48:20[22m[39m
    [90m 46| [39m      require('../../../extension/services/storage/comprehensive-histoΓÇª
    [90m 47| [39m    )[33m;[39m
    [90m 48| [39m    
mockGetHistory[33m.[39m[34mmockReturnValue[39m(mockHistory)[33m;[39m
    [90m   | [39m                   [31m^[39m
    [90m 49| [39m  })[33m;[39m
    [90m 50| [39m

[31m[2mΓÄ»ΓÄ»ΓÄ»ΓÄ»ΓÄ»ΓÄ»ΓÄ»ΓÄ»ΓÄ»ΓÄ»ΓÄ»ΓÄ»ΓÄ»ΓÄ»ΓÄ»ΓÄ»ΓÄ»ΓÄ»ΓÄ»ΓÄ»ΓÄ»[69/153]ΓÄ»[22m[39m

[41m[1m FAIL [22m[49m tests/background/handlers/video-data.test.js[2m > 
[22mhandleGetVideoData[2m > [22mshould return cached data
[41m[1m FAIL [22m[49m tests/background/handlers/video-data.test.js[2m > 
[22mhandleGetVideoData[2m > [22mshould fetch metadata
[41m[1m FAIL [22m[49m tests/background/handlers/video-data.test.js[2m > 
[22mhandleGetVideoData[2m > [22mshould fetch transcript
[41m[1m FAIL [22m[49m tests/background/handlers/video-data.test.js[2m > 
[22mhandleGetVideoData[2m > [22mshould fetch comments
[41m[1m FAIL [22m[49m tests/background/handlers/video-data.test.js[2m > 
[22mhandleGetVideoData[2m > [22mshould handle invalid dataType
[41m[1m FAIL [22m[49m tests/background/handlers/video-data.test.js[2m > 
[22mhandleGetVideoData[2m > [22mshould handle fetch failure
[31m[1mTypeError[22m: mockNw.mockReturnValue is not a function[39m
[36m [2mΓ¥»[22m tests/background/handlers/video-data.test.js:[2m88:12[22m[39m
    [90m 86| [39m      require('../../../extension/background/handlers/comments.js').haΓÇª
    [90m 87| [39m    )[33m;[39m
    [90m 88| [39m    
mockNw[33m.[39m[34mmockReturnValue[39m([34m1000000000[39m)[33m;[39m
    [90m   | [39m           [31m^[39m
    [90m 89| [39m  })[33m;[39m
    [90m 90| [39m

[31m[2mΓÄ»ΓÄ»ΓÄ»ΓÄ»ΓÄ»ΓÄ»ΓÄ»ΓÄ»ΓÄ»ΓÄ»ΓÄ»ΓÄ»ΓÄ»ΓÄ»ΓÄ»ΓÄ»ΓÄ»ΓÄ»ΓÄ»ΓÄ»ΓÄ»[70/153]ΓÄ»[22m[39m

[41m[1m FAIL [22m[49m tests/background/handlers/video-info.test.js[2m > 
[22mhandleGetVideoInfo[2m > [22mshould get video info successfully
[31m[1mAssertionError[22m: expected "vi.fn()" to be called with arguments: [ Array(1) 
][90m

Number of calls: [1m0[22m
[31m[39m
[36m [2mΓ¥»[22m tests/background/handlers/video-info.test.js:[2m33:20[22m[39m
    [90m 31| [39m    [35mconst[39m result [33m=[39m [35mawait[39m 
[34mhandleGetVideoInfo[39m({ videoId })[33m;[39m
    [90m 32| [39m
    [90m 33| [39m    [34mexpect[39m(mockFt)[33m.[39m[34mtoHaveBeenCalledWith[39m(
    [90m   | [39m                   [31m^[39m
    [90m 34| [39m      'https://www.youtube.com/oembed?url=https://www.youtube.com/watcΓÇª
    [90m 35| [39m    )[33m;[39m

[31m[2mΓÄ»ΓÄ»ΓÄ»ΓÄ»ΓÄ»ΓÄ»ΓÄ»ΓÄ»ΓÄ»ΓÄ»ΓÄ»ΓÄ»ΓÄ»ΓÄ»ΓÄ»ΓÄ»ΓÄ»ΓÄ»ΓÄ»ΓÄ»ΓÄ»[71/153]ΓÄ»[22m[39m

[41m[1m FAIL [22m[49m tests/background/handlers/video-info.test.js[2m > 
[22mhandleGetVideoInfo[2m > [22mshould handle fetch failure
[31m[1mAssertionError[22m: expected { success: false, ΓÇª(1) } to deeply equal { success: 
false, ΓÇª(1) }[39m

[32m- Expected[39m
[31m+ Received[39m

[2m  {[22m
[32m-   "error": "Failed to fetch oEmbed",[39m
[31m+   "error": "Cannot read properties of undefined (reading 'ok')",[39m
[2m    "success": false,[22m
[2m  }[22m

[36m [2mΓ¥»[22m tests/background/handlers/video-info.test.js:[2m54:20[22m[39m
    [90m 52| [39m    [35mconst[39m result [33m=[39m [35mawait[39m 
[34mhandleGetVideoInfo[39m({ videoId })[33m;[39m
    [90m 53| [39m
    [90m 54| [39m    expect(result).toEqual({ success: false, error: 'Failed to fetch oΓÇª
    [90m   | [39m                   [31m^[39m
    [90m 55| [39m  })[33m;[39m
    [90m 56| [39m

[31m[2mΓÄ»ΓÄ»ΓÄ»ΓÄ»ΓÄ»ΓÄ»ΓÄ»ΓÄ»ΓÄ»ΓÄ»ΓÄ»ΓÄ»ΓÄ»ΓÄ»ΓÄ»ΓÄ»ΓÄ»ΓÄ»ΓÄ»ΓÄ»ΓÄ»[72/153]ΓÄ»[22m[39m

[41m[1m FAIL [22m[49m tests/background/handlers/video-info.test.js[2m > 
[22mhandleGetVideoInfo[2m > [22mshould handle error
[31m[1mTypeError[22m: [Function e] is not a spy or a call to a spy![39m
[36m [2mΓ¥»[22m tests/background/handlers/video-info.test.js:[2m63:19[22m[39m
    [90m 61| [39m    [35mconst[39m result [33m=[39m [35mawait[39m 
[34mhandleGetVideoInfo[39m({ videoId })[33m;[39m
    [90m 62| [39m
    [90m 63| [39m    expect(mockE).toHaveBeenCalledWith('[VideoInfo] Error:', expect.anΓÇª
    [90m   | [39m                  [31m^[39m
    [90m 64| [39m    [34mexpect[39m(result)[33m.[39m[34mtoEqual[39m({ 
success[33m:[39m [35mfalse[39m[33m,[39m error[33m:[39m [32m'Network error'[39m 
})[33m;[39m
    [90m 65| [39m  })[33m;[39m

[31m[2mΓÄ»ΓÄ»ΓÄ»ΓÄ»ΓÄ»ΓÄ»ΓÄ»ΓÄ»ΓÄ»ΓÄ»ΓÄ»ΓÄ»ΓÄ»ΓÄ»ΓÄ»ΓÄ»ΓÄ»ΓÄ»ΓÄ»ΓÄ»ΓÄ»[73/153]ΓÄ»[22m[39m

[41m[1m FAIL [22m[49m tests/background/utils/api-key.test.js[2m > [22mgetApiKey[2m > 
[22mshould return apiKey
[31m[1mTypeError[22m: __vite_ssr_import_0__.vi.mocked(...).mockResolvedValue is not a 
function[39m
[36m [2mΓ¥»[22m tests/background/utils/api-key.test.js:[2m24:24[22m[39m
    [90m 22| [39m
    [90m 23| [39m  [34mit[39m([32m'should return apiKey'[39m[33m,[39m 
[35masync[39m () [33m=>[39m {
    [90m 24| [39m    
vi[33m.[39m[34mmocked[39m(mockSlg)[33m.[39m[34mmockResolvedValue[39m({ 
[33mGAK[39m[33m:[39m [32m'test-key'[39m })[33m;[39m
    [90m   | [39m                       [31m^[39m
    [90m 25| [39m
    [90m 26| [39m    [35mconst[39m result [33m=[39m [35mawait[39m 
[34mgetApiKey[39m()[33m;[39m

[31m[2mΓÄ»ΓÄ»ΓÄ»ΓÄ»ΓÄ»ΓÄ»ΓÄ»ΓÄ»ΓÄ»ΓÄ»ΓÄ»ΓÄ»ΓÄ»ΓÄ»ΓÄ»ΓÄ»ΓÄ»ΓÄ»ΓÄ»ΓÄ»ΓÄ»[74/153]ΓÄ»[22m[39m

[41m[1m FAIL [22m[49m tests/background/utils/api-key.test.js[2m > [22mgetApiKey[2m > 
[22mshould return null if no key
[31m[1mTypeError[22m: __vite_ssr_import_0__.vi.mocked(...).mockResolvedValue is not a 
function[39m
[36m [2mΓ¥»[22m tests/background/utils/api-key.test.js:[2m32:24[22m[39m
    [90m 30| [39m
    [90m 31| [39m  [34mit[39m([32m'should return null if no key'[39m[33m,[39m 
[35masync[39m () [33m=>[39m {
    [90m 32| [39m    
vi[33m.[39m[34mmocked[39m(mockSlg)[33m.[39m[34mmockResolvedValue[39m({})[33m;[39m
    [90m   | [39m                       [31m^[39m
    [90m 33| [39m
    [90m 34| [39m    [35mconst[39m result [33m=[39m [35mawait[39m 
[34mgetApiKey[39m()[33m;[39m

[31m[2mΓÄ»ΓÄ»ΓÄ»ΓÄ»ΓÄ»ΓÄ»ΓÄ»ΓÄ»ΓÄ»ΓÄ»ΓÄ»ΓÄ»ΓÄ»ΓÄ»ΓÄ»ΓÄ»ΓÄ»ΓÄ»ΓÄ»ΓÄ»ΓÄ»[75/153]ΓÄ»[22m[39m

[41m[1m FAIL [22m[49m tests/background/utils/api-key.test.js[2m > [22mgetApiKey[2m > 
[22mshould return null on error
[31m[1mTypeError[22m: __vite_ssr_import_0__.vi.mocked(...).mockRejectedValue is not a 
function[39m
[36m [2mΓ¥»[22m tests/background/utils/api-key.test.js:[2m40:24[22m[39m
    [90m 38| [39m
    [90m 39| [39m  [34mit[39m([32m'should return null on error'[39m[33m,[39m 
[35masync[39m () [33m=>[39m {
    [90m 40| [39m    
vi[33m.[39m[34mmocked[39m(mockSlg)[33m.[39m[34mmockRejectedValue[39m([35mnew[39m 
[33mError[39m([32m'Storage error'[39m))[33m;[39m
    [90m   | [39m                       [31m^[39m
    [90m 41| [39m
    [90m 42| [39m    [35mconst[39m result [33m=[39m [35mawait[39m 
[34mgetApiKey[39m()[33m;[39m

[31m[2mΓÄ»ΓÄ»ΓÄ»ΓÄ»ΓÄ»ΓÄ»ΓÄ»ΓÄ»ΓÄ»ΓÄ»ΓÄ»ΓÄ»ΓÄ»ΓÄ»ΓÄ»ΓÄ»ΓÄ»ΓÄ»ΓÄ»ΓÄ»ΓÄ»[76/153]ΓÄ»[22m[39m

[41m[1m FAIL [22m[49m tests/content/handlers/comments.test.js[2m > [22mgetComments[2m 
> [22mshould return comments when enabled
[31m[1mError[22m: Test timed out in 5000ms.
If this is a long-running test, pass a timeout value as the last argument or configure it 
globally with "testTimeout".[39m
[36m [2mΓ¥»[22m tests/content/handlers/comments.test.js:[2m49:5[22m[39m
    [90m 47| [39m  })[33m;[39m
    [90m 48| [39m
    [90m 49| [39m  [34mit[39m([32m'should return comments when enabled'[39m[33m,[39m 
[35masync[39m () [33m=>[39m {
    [90m   | [39m    [31m^[39m
    [90m 50| [39m    const sg = vi.mocked(await import('../../../extension/utils/shortcΓÇª
    [90m 51| [39m    vi.mocked(sg).mockResolvedValue({ config: { comments: { enabled: tΓÇª

[31m[2mΓÄ»ΓÄ»ΓÄ»ΓÄ»ΓÄ»ΓÄ»ΓÄ»ΓÄ»ΓÄ»ΓÄ»ΓÄ»ΓÄ»ΓÄ»ΓÄ»ΓÄ»ΓÄ»ΓÄ»ΓÄ»ΓÄ»ΓÄ»ΓÄ»[77/153]ΓÄ»[22m[39m

[41m[1m FAIL [22m[49m tests/services/cache/video-cache.test.js[2m > [22mVideoCache[2m 
> [22mget[2m > [22mshould return data from memory cache if not expired
[41m[1m FAIL [22m[49m tests/services/cache/video-cache.test.js[2m > [22mVideoCache[2m 
> [22mget[2m > [22mshould remove expired memory cache and check storage
[41m[1m FAIL [22m[49m tests/services/cache/video-cache.test.js[2m > [22mVideoCache[2m 
> [22mget[2m > [22mshould return data from storage if valid
[41m[1m FAIL [22m[49m tests/services/cache/video-cache.test.js[2m > [22mVideoCache[2m 
> [22mget[2m > [22mshould return null for expired storage data
[41m[1m FAIL [22m[49m tests/services/cache/video-cache.test.js[2m > [22mVideoCache[2m 
> [22mget[2m > [22mshould return null for wrong version
[41m[1m FAIL [22m[49m tests/services/cache/video-cache.test.js[2m > [22mVideoCache[2m 
> [22mget[2m > [22mshould return null when no data
[41m[1m FAIL [22m[49m tests/services/cache/video-cache.test.js[2m > [22mVideoCache[2m 
> [22mset[2m > [22mshould store data in memory and storage
[41m[1m FAIL [22m[49m tests/services/cache/video-cache.test.js[2m > [22mVideoCache[2m 
> [22mclear[2m > [22mshould clear specific video data
[41m[1m FAIL [22m[49m tests/services/cache/video-cache.test.js[2m > [22mVideoCache[2m 
> [22mclear[2m > [22mshould clear all cache
[31m[1mTypeError[22m: __vi_import_0__.VideoCache is not a constructor[39m
[36m [2mΓ¥»[22m tests/services/cache/video-cache.test.js:[2m22:13[22m[39m
    [90m 20| [39m  [34mbeforeEach[39m(() [33m=>[39m {
    [90m 21| [39m    vi[33m.[39m[34mclearAllMocks[39m()[33m;[39m
    [90m 22| [39m    cache [33m=[39m [35mnew[39m [33mVideoCache[39m()[33m;[39m
    [90m   | [39m            [31m^[39m
    [90m 23| [39m
    [90m 24| [39m    mockSl = vi.mocked(require('../../../extension/utils/shortcuts/stoΓÇª

[31m[2mΓÄ»ΓÄ»ΓÄ»ΓÄ»ΓÄ»ΓÄ»ΓÄ»ΓÄ»ΓÄ»ΓÄ»ΓÄ»ΓÄ»ΓÄ»ΓÄ»ΓÄ»ΓÄ»ΓÄ»ΓÄ»ΓÄ»ΓÄ»ΓÄ»[78/153]ΓÄ»[22m[39m

[41m[1m FAIL [22m[49m tests/options/modules/advanced.test.js[2m > 
[22mAdvancedSettings[2m > [22mshould initialize with default values
[31m[1mTypeError[22m: this.set is not a function[39m
[36m [2mΓ¥»[22m AdvancedSettings.init 
extension/options/modules/advanced.js:[2m13:10[22m[39m
    [90m 11| [39m    
[35mthis[39m[33m.[39m[34mchk[39m([32m'debugMode'[39m[33m,[39m 
[35mthis[39m[33m.[39ms[33m.[39m[35mget[39m()[33m.[39madvanced[33m?.[39mdebugMode 
[33m??[39m [35mfalse[39m)[33m;[39m
    [90m 12| [39m    this.chk('enableTelemetry', this.s.get().advanced?.enableTelemetryΓÇª
    [90m 13| [39m    
[35mthis[39m[33m.[39m[35mset[39m([32m'maxHistory'[39m[33m,[39m [35mthis[39m[33m.
[39ms[33m.[39m[35mget[39m()[33m.[39madvanced[33m?.[39mmaxHistory [33m||[39m 
[34m100[39m)[33m;[39m
    [90m   | [39m         [31m^[39m
    [90m 14| [39m    [35mthis[39m[33m.[39ma[33m.[39m[34mattachToAll[39m({
    [90m 15| [39m      debugMode[33m:[39m { path[33m:[39m 
[32m'advanced.debugMode'[39m }[33m,[39m
[90m [2mΓ¥»[22m tests/options/modules/advanced.test.js:[2m52:22[22m[39m

[31m[2mΓÄ»ΓÄ»ΓÄ»ΓÄ»ΓÄ»ΓÄ»ΓÄ»ΓÄ»ΓÄ»ΓÄ»ΓÄ»ΓÄ»ΓÄ»ΓÄ»ΓÄ»ΓÄ»ΓÄ»ΓÄ»ΓÄ»ΓÄ»ΓÄ»[79/153]ΓÄ»[22m[39m

[41m[1m FAIL [22m[49m tests/options/modules/auto-save.test.js[2m > [22mAutoSave[2m > 
[22mshould save successfully
[41m[1m FAIL [22m[49m tests/options/modules/auto-save.test.js[2m > [22mAutoSave[2m > 
[22mshould handle save error
[41m[1m FAIL [22m[49m tests/options/modules/auto-save.test.js[2m > [22mAutoSave[2m > 
[22mshould trigger callback
[41m[1m FAIL [22m[49m tests/options/modules/auto-save.test.js[2m > [22mAutoSave[2m > 
[22mshould attach to input
[41m[1m FAIL [22m[49m tests/options/modules/auto-save.test.js[2m > [22mAutoSave[2m > 
[22mshould attach to all
[31m[1mTypeError[22m: mockTo.mockImplementation is not a function[39m
[36m [2mΓ¥»[22m tests/options/modules/auto-save.test.js:[2m37:12[22m[39m
    [90m 35| [39m    mockSm [33m=[39m { update[33m:[39m vi[33m.[39m[34mfn[39m() 
}[33m;[39m
    [90m 36| [39m    mockNotifier = { saving: vi.fn(), success: vi.fn(), error: vi.fn()ΓÇª
    [90m 37| [39m    mockTo[33m.[39m[34mmockImplementation[39m(fn [33m=>[39m 
[34mfn[39m())[33m;[39m
    [90m   | [39m           [31m^[39m
    [90m 38| [39m  })[33m;[39m
    [90m 39| [39m

[31m[2mΓÄ»ΓÄ»ΓÄ»ΓÄ»ΓÄ»ΓÄ»ΓÄ»ΓÄ»ΓÄ»ΓÄ»ΓÄ»ΓÄ»ΓÄ»ΓÄ»ΓÄ»ΓÄ»ΓÄ»ΓÄ»ΓÄ»ΓÄ»ΓÄ»[80/153]ΓÄ»[22m[39m

[41m[1m FAIL [22m[49m tests/options/modules/section-loader.test.js[2m > 
[22mSectionLoader[2m > [22mshould load section successfully
[41m[1m FAIL [22m[49m tests/options/modules/section-loader.test.js[2m > 
[22mSectionLoader[2m > [22mshould return true if already loaded
[41m[1m FAIL [22m[49m tests/options/modules/section-loader.test.js[2m > 
[22mSectionLoader[2m > [22mshould return false for invalid section
[41m[1m FAIL [22m[49m tests/options/modules/section-loader.test.js[2m > 
[22mSectionLoader[2m > [22mshould handle load error
[41m[1m FAIL [22m[49m tests/options/modules/section-loader.test.js[2m > 
[22mSectionLoader[2m > [22mshould load all sections
[31m[1mTypeError[22m: mockUrl.mockImplementation is not a function[39m
[36m [2mΓ¥»[22m tests/options/modules/section-loader.test.js:[2m41:13[22m[39m
    [90m 39| [39m    mockOk = vi.mocked(require('../../../extension/utils/shortcuts/corΓÇª
    [90m 40| [39m    mockFt = vi.mocked(require('../../../extension/utils/shortcuts/netΓÇª
    [90m 41| [39m    mockUrl[33m.[39m[34mmockImplementation[39m(p [33m=>[39m 
[32m`chrome-extension://id/[39m[36m${[39mp[36m}[39m[32m`[39m)[33m;[39m
    [90m   | [39m            [31m^[39m
    [90m 42| [39m    mock$[33m.[39m[34mmockReturnValue[39m({ 
insertAdjacentHTML[33m:[39m vi[33m.[39m[34mfn[39m() })[33m;[39m
    [90m 43| [39m  })[33m;[39m

[31m[2mΓÄ»ΓÄ»ΓÄ»ΓÄ»ΓÄ»ΓÄ»ΓÄ»ΓÄ»ΓÄ»ΓÄ»ΓÄ»ΓÄ»ΓÄ»ΓÄ»ΓÄ»ΓÄ»ΓÄ»ΓÄ»ΓÄ»ΓÄ»ΓÄ»[81/153]ΓÄ»[22m[39m

[41m[1m FAIL [22m[49m tests/options/modules/settings-manager.test.js[2m > 
[22mSettingsManager[2m > [22mshould load settings
[41m[1m FAIL [22m[49m tests/options/modules/settings-manager.test.js[2m > 
[22mSettingsManager[2m > [22mshould load defaults if no config
[41m[1m FAIL [22m[49m tests/options/modules/settings-manager.test.js[2m > 
[22mSettingsManager[2m > [22mshould save settings
[41m[1m FAIL [22m[49m tests/options/modules/settings-manager.test.js[2m > 
[22mSettingsManager[2m > [22mshould get value by path
[41m[1m FAIL [22m[49m tests/options/modules/settings-manager.test.js[2m > 
[22mSettingsManager[2m > [22mshould set value by path
[41m[1m FAIL [22m[49m tests/options/modules/settings-manager.test.js[2m > 
[22mSettingsManager[2m > [22mshould update and save
[41m[1m FAIL [22m[49m tests/options/modules/settings-manager.test.js[2m > 
[22mSettingsManager[2m > [22mshould reset to defaults
[41m[1m FAIL [22m[49m tests/options/modules/settings-manager.test.js[2m > 
[22mSettingsManager[2m > [22mshould subscribe and notify
[41m[1m FAIL [22m[49m tests/options/modules/settings-manager.test.js[2m > 
[22mSettingsManager[2m > [22mshould export settings
[41m[1m FAIL [22m[49m tests/options/modules/settings-manager.test.js[2m > 
[22mSettingsManager[2m > [22mshould import settings
[31m[1mTypeError[22m: mockNow.mockReturnValue is not a function[39m
[36m [2mΓ¥»[22m tests/options/modules/settings-manager.test.js:[2m39:13[22m[39m
    [90m 37| [39m    mockJs = vi.mocked(require('../../../extension/utils/shortcuts/corΓÇª
    [90m 38| [39m    mockIsa = vi.mocked(require('../../../extension/utils/shortcuts/arΓÇª
    [90m 39| [39m    
mockNow[33m.[39m[34mmockReturnValue[39m([34m1234567890[39m)[33m;[39m
    [90m   | [39m            [31m^[39m
    [90m 40| [39m    
mockKeys[33m.[39m[34mmockReturnValue[39m([[32m'key'[39m])[33m;[39m
    [90m 41| [39m    
mockJp[33m.[39m[34mmockImplementation[39m([33mJSON[39m[33m.[39mparse)[33m;[39m

[31m[2mΓÄ»ΓÄ»ΓÄ»ΓÄ»ΓÄ»ΓÄ»ΓÄ»ΓÄ»ΓÄ»ΓÄ»ΓÄ»ΓÄ»ΓÄ»ΓÄ»ΓÄ»ΓÄ»ΓÄ»ΓÄ»ΓÄ»ΓÄ»ΓÄ»[82/153]ΓÄ»[22m[39m

[41m[1m FAIL [22m[49m tests/options/modules/ui-manager.test.js[2m > [22mUIManager[2m 
> [22mshould load section successfully
[31m[1mAssertionError[22m: expected '<div class="error">Failed to load secΓÇª' to be 
'<div>content</div>' // Object.is equality[39m

Expected: [32m"<div[7m>content[27m</div>"[39m
Received: [31m"<div[7m class="error">Failed to load section: general[27m</div>"[39m

[36m [2mΓ¥»[22m tests/options/modules/ui-manager.test.js:[2m40:20[22m[39m
    [90m 38| [39m    [35mconst[39m result [33m=[39m [35mawait[39m 
manager[33m.[39m[34mloadSection[39m([32m'general'[39m)[33m;[39m
    [90m 39| [39m
    [90m 40| [39m    
[34mexpect[39m(result)[33m.[39m[34mtoBe[39m([32m'<div>content</div>'[39m)[33m;[39m
    [90m   | [39m                   [31m^[39m
    [90m 41| [39m  })[33m;[39m
    [90m 42| [39m

[31m[2mΓÄ»ΓÄ»ΓÄ»ΓÄ»ΓÄ»ΓÄ»ΓÄ»ΓÄ»ΓÄ»ΓÄ»ΓÄ»ΓÄ»ΓÄ»ΓÄ»ΓÄ»ΓÄ»ΓÄ»ΓÄ»ΓÄ»ΓÄ»ΓÄ»[83/153]ΓÄ»[22m[39m

[41m[1m FAIL [22m[49m tests/options/modules/ui-manager.test.js[2m > [22mUIManager[2m 
> [22mshould handle load error
[31m[1mTypeError[22m: undefined is not a spy or a call to a spy![39m
[36m [2mΓ¥»[22m tests/options/modules/ui-manager.test.js:[2m49:20[22m[39m
    [90m 47| [39m
    [90m 48| [39m    expect(result).toBe('<div class="error">Failed to load section: geΓÇª
    [90m 49| [39m    expect(mockCe).toHaveBeenCalledWith('Failed to load section generaΓÇª
    [90m   | [39m                   [31m^[39m
    [90m 50| [39m  })[33m;[39m
    [90m 51| [39m

[31m[2mΓÄ»ΓÄ»ΓÄ»ΓÄ»ΓÄ»ΓÄ»ΓÄ»ΓÄ»ΓÄ»ΓÄ»ΓÄ»ΓÄ»ΓÄ»ΓÄ»ΓÄ»ΓÄ»ΓÄ»ΓÄ»ΓÄ»ΓÄ»ΓÄ»[84/153]ΓÄ»[22m[39m

[41m[1m FAIL [22m[49m tests/options/modules/ui-manager.test.js[2m > [22mUIManager[2m 
> [22mshould show toast
[31m[1mTypeError[22m: mockId.mockReturnValue is not a function[39m
[36m [2mΓ¥»[22m tests/options/modules/ui-manager.test.js:[2m54:12[22m[39m
    [90m 52| [39m  [34mit[39m([32m'should show toast'[39m[33m,[39m () [33m=>[39m {
    [90m 53| [39m    const el = { textContent: '', className: '', classList: { remove: ΓÇª
    [90m 54| [39m    mockId[33m.[39m[34mmockReturnValue[39m(el)[33m;[39m
    [90m   | [39m           [31m^[39m
    [90m 55| [39m    mockTo[33m.[39m[34mmockImplementation[39m(fn [33m=>[39m 
[34mfn[39m())[33m;[39m
    [90m 56| [39m

[31m[2mΓÄ»ΓÄ»ΓÄ»ΓÄ»ΓÄ»ΓÄ»ΓÄ»ΓÄ»ΓÄ»ΓÄ»ΓÄ»ΓÄ»ΓÄ»ΓÄ»ΓÄ»ΓÄ»ΓÄ»ΓÄ»ΓÄ»ΓÄ»ΓÄ»[85/153]ΓÄ»[22m[39m

[41m[1m FAIL [22m[49m tests/options/modules/ui-manager.test.js[2m > [22mUIManager[2m 
> [22mshould setup sections
[31m[1mTypeError[22m: mock$$.mockReturnValueOnce is not a function[39m
[36m [2mΓ¥»[22m tests/options/modules/ui-manager.test.js:[2m69:12[22m[39m
    [90m 67| [39m    ][33m;[39m
    [90m 68| [39m    const contents = [{ classList: { remove: vi.fn(), add: vi.fn() } }ΓÇª
    [90m 69| [39m    mock$$[33m.[39m[34mmockReturnValueOnce[39m(sections)[33m.[39m[3
4mmockReturnValueOnce[39m(contents)[33m;[39m
    [90m   | [39m           [31m^[39m
    [90m 70| [39m    mockId[33m.[39m[34mmockReturnValue[39m({ classList[33m:[39m { 
add[33m:[39m vi[33m.[39m[34mfn[39m() } })[33m;[39m
    [90m 71| [39m    [35mconst[39m cb [33m=[39m vi[33m.[39m[34mfn[39m()[33m;[39m

[31m[2mΓÄ»ΓÄ»ΓÄ»ΓÄ»ΓÄ»ΓÄ»ΓÄ»ΓÄ»ΓÄ»ΓÄ»ΓÄ»ΓÄ»ΓÄ»ΓÄ»ΓÄ»ΓÄ»ΓÄ»ΓÄ»ΓÄ»ΓÄ»ΓÄ»[86/153]ΓÄ»[22m[39m


[2m Test Files [22m [1m[31m52 failed[39m[22m[2m | [22m[1m[32m61 passed[39m[22m[90m (113)[39m
[2m      Tests [22m [1m[31m130 failed[39m[22m[2m | [22m[1m[32m393 passed[39m[22m[90m (523)[39m
[2m   Start at [22m 20:22:03
[2m   Duration [22m 13.57s[2m (transform 5.02s, setup 3.40s, import 7.49s, tests 14.07s, environment 191.34s)[22m

